10
 energy: -11.390086599848 gnorm: 0.266654944394 xtb: 6.7.1 (unknown)
C           -0.77890446995771        0.62066876418569       -0.21016281864660
C           -0.62136968929282       -1.03102099448681       -0.15094658549370
C            0.64026781847057        1.00558361894141        0.48891851377890
C            0.68450922435529       -0.66757026208892       -0.07751002022164
H            0.42748478520213        0.74424431774677        1.57298123963516
H           -1.46763832662075        0.87927877953656       -1.05564814194481
H           -1.29005798357116       -1.87290372729871       -0.59639428507821
H           -1.68433417654210        1.01832552463103        0.52517998902928
H            0.94888387041742        1.58158659269908       -0.29034654464880
H            1.53410081748696       -1.21557138365676       -0.62584820920633
10
 energy: -11.497685512142 gnorm: 0.155222199639 xtb: 6.7.1 (unknown)
C           -0.91910708934517        0.60107266614904       -0.12658432290035
C           -0.60143910807880       -0.95375312224852       -0.20713617301027
C            0.55940156552353        0.88485947990002        0.41983606752001
C            0.70506560168312       -0.66337065264805       -0.10057911685413
H            0.45426935991226        0.76384843460419        1.52111383017502
H           -1.39691183867039        0.89704414689707       -1.09739219079245
H           -1.23569355468244       -1.81260300567082       -0.56234767490395
H           -1.71243000939639        1.00731624360241        0.59131884754158
H            0.98815240025516        1.55314096730389       -0.29105577777837
H            1.55163476065314       -1.21493403907077       -0.56695281221724
10
 energy: -11.544530713884 gnorm: 0.091526225598 xtb: 6.7.1 (unknown)
C           -1.03286798056135        0.58923498445023       -0.05897380803652
C           -0.62319971147365       -0.83128276045043       -0.28168320442833
C            0.49769259617137        0.76623361578783        0.27425023587963
C            0.68666868991218       -0.63247244856599       -0.10701482271933
H            0.59925583146235        0.80511270703748        1.39889247717434
H           -1.34399537656451        0.97850800266778       -1.06231243769005
H           -1.20852512712973       -1.67739208569354       -0.58698195708412
H           -1.79652669377787        0.75454552795324        0.64290935553907
H            1.04159517841943        1.56329508894895       -0.30492551773828
H            1.57284537720114       -1.25316374509079       -0.33395039515086
10
 energy: -11.553679205488 gnorm: 0.042355072461 xtb: 6.7.1 (unknown)
C           -1.01949826608277        0.55987475939791       -0.07844328751613
C           -0.62916189137810       -0.87396182232841       -0.36606333477937
C            0.47376392544791        0.78618603701929        0.27193098336764
C            0.66685157309797       -0.65971312334744       -0.15073069495940
H            0.56418749426922        0.93032064295659        1.38299661253625
H           -1.33604536977427        1.04815288160269       -1.01828814677338
H           -1.21123216445609       -1.74290151867895       -0.61929697015782
H           -1.73292369404676        0.74862710741452        0.73186988672600
H            1.03463476215218        1.54603310708839       -0.30311639671682
H            1.58236670748475       -1.27999978256419       -0.27065329451909
10
 energy: -11.555283703080 gnorm: 0.032277171794 xtb: 6.7.1 (unknown)
C           -1.00877584418401        0.53425183500335       -0.10453158270041
C           -0.62173657058789       -0.89001632287812       -0.34154715952932
C            0.46140717537557        0.77310668200597        0.27573756363347
C            0.66838397122014       -0.67485931054790       -0.12258079933671
H            0.58046218922340        0.92535804023244        1.34946892667010
H           -1.33196597919400        1.06736663612634       -0.99973108188205
H           -1.20054959729631       -1.74131743830663       -0.62126571378493
H           -1.70684405584810        0.76345180169692        0.70133250884444
H            1.01008158884294        1.54023813340966       -0.27877327525310
H            1.54248014719091       -1.23496152919207       -0.27790314688594
10
 energy: -11.556997073850 gnorm: 0.021129750389 xtb: 6.7.1 (unknown)
C           -1.02130030138191        0.54759794273363       -0.09745679711754
C           -0.62432027528499       -0.87680799987394       -0.37562305348938
C            0.47322097780037        0.77207659557961        0.25869461485867
C            0.66451056536754       -0.66158662191691       -0.13019569876685
H            0.63614189425960        0.92846590741146        1.32317666859786
H           -1.35881531909685        1.09415653903835       -0.96635818562759
H           -1.20165840913061       -1.73478823256697       -0.65771856516865
H           -1.73821653919864        0.72863714939402        0.70879878039770
H            0.99533448961518        1.53535722980107       -0.29734602437489
H            1.56804633076065       -1.27049064959285       -0.18577030170271
10
 energy: -11.557266733909 gnorm: 0.019045164592 xtb: 6.7.1 (unknown)
C           -1.02270093655469        0.54789537169081       -0.08877593355721
C           -0.62462457772889       -0.87450501654313       -0.37622479896761
C            0.47298688320057        0.77159388776567        0.26239090942775
C            0.66518577482895       -0.66389099118992       -0.12914279597773
H            0.64045720970686        0.96971169970841        1.33565377771363
H           -1.34152918929396        1.10695045895932       -0.97409319193711
H           -1.20573913597581       -1.72959189651933       -0.66721649109383
H           -1.74921531232598        0.68614399880950        0.71734173093427
H            1.00433471658107        1.51758166112830       -0.30746534025831
H            1.55378807832717       -1.26927146386366       -0.19226684635737
10
 energy: -11.557566969842 gnorm: 0.006179293503 xtb: 6.7.1 (unknown)
C           -1.02206351372398        0.54633609614363       -0.09173739683291
C           -0.62105059350270       -0.87369843815281       -0.38004582546844
C            0.46808980012835        0.77322613832121        0.26438142121217
C            0.66801871234977       -0.66436244452808       -0.13164282963894
H            0.62972181008221        0.96700822121302        1.32694817135971
H           -1.35339009589565        1.10088425514651       -0.96660315558744
H           -1.20413741277161       -1.72878907317954       -0.67217127444045
H           -1.72997148564327        0.69406022101198        0.72185139177523
H            1.00514068810901        1.52348730111489       -0.30739144991459
H            1.55258557777329       -1.27553461118157       -0.18338845496156
10
 energy: -11.557730347632 gnorm: 0.009243572171 xtb: 6.7.1 (unknown)
C           -1.02325628316258        0.54359091648397       -0.09002160802097
C           -0.62169469007550       -0.87548686187650       -0.38910598382910
C            0.46891484695785        0.77507442693101        0.26148240148438
C            0.66537487074624       -0.66861096692015       -0.11781109217116
H            0.64327562869460        0.97683334903791        1.31886228388699
H           -1.36784051421902        1.10449232078440       -0.95287261964811
H           -1.19895985945653       -1.72331935630333       -0.70637903239505
H           -1.71935419007106        0.69057148626243        0.73353198909889
H            0.99604362437798        1.51837026689411       -0.32594434785985
H            1.55044022810229       -1.27889814893060       -0.15154380761999
10
 energy: -11.557884906063 gnorm: 0.006610174808 xtb: 6.7.1 (unknown)
C           -1.02311512986547        0.54432783475371       -0.09280529817999
C           -0.61782420160280       -0.87115378258362       -0.39795111285642
C            0.46923298854639        0.77264465505735        0.26318339650253
C            0.66406564759307       -0.66786127865379       -0.11253146159911
H            0.65402436457833        0.99542517800507        1.31028623976692
H           -1.38803702233681        1.12278988065131       -0.93793396416568
H           -1.19136523229446       -1.71362580835285       -0.74030883324637
H           -1.70763260570803        0.66565932448379        0.74918990644666
H            0.98741960298870        1.50300001637042       -0.35174265407878
H            1.54617546308754       -1.28858892753395       -0.10919089840204
10
 energy: -11.557941105342 gnorm: 0.004459117325 xtb: 6.7.1 (unknown)
C           -1.02304225291400        0.54440749534386       -0.08504417492183
C           -0.61573056373914       -0.86852648372814       -0.40631423011432
C            0.47109890159734        0.77147378551229        0.26665330119242
C            0.66428144959173       -0.67140496436572       -0.10560672554432
H            0.65949007996805        1.01559298097605        1.31320293969669
H           -1.39480697032205        1.12487664578403       -0.92654211034422
H           -1.18828592262169       -1.70853387960402       -0.75984000817800
H           -1.70997058360338        0.65469499042661        0.74976012465462
H            0.98897102396868        1.48955285504758       -0.36726005455191
H            1.54093887113341       -1.28951644631699       -0.09881502265953
10
 energy: -11.557958637998 gnorm: 0.003072690673 xtb: 6.7.1 (unknown)
C           -1.02219397349468        0.54492287824958       -0.08633944359542
C           -0.61654877815195       -0.86699279066317       -0.40557530302199
C            0.46994507269890        0.77371821286099        0.26610871458443
C            0.66379423420530       -0.67176659881884       -0.10433194698969
H            0.66038240408090        1.01090224211531        1.31180161146487
H           -1.38971472533912        1.12677571579498       -0.93124455628661
H           -1.18986178382930       -1.70756552175143       -0.75350066074308
H           -1.71239309392478        0.64919999552547        0.75045409172745
H            0.98863279634445        1.49394880530947       -0.36537888186056
H            1.54090183717981       -1.29052597533250       -0.10179929063273
10
 energy: -11.557964670403 gnorm: 0.001362201241 xtb: 6.7.1 (unknown)
C           -1.02267130433019        0.54411045801105       -0.08659492947029
C           -0.61615835182997       -0.86769051852281       -0.40509689972802
C            0.46931026987902        0.77249424926219        0.26669837964121
C            0.66338171786310       -0.67111387039881       -0.10580649467042
H            0.65984127601592        1.01002886667208        1.31307717471602
H           -1.38877525298607        1.12659678986830       -0.93176195344304
H           -1.18910689704952       -1.70850728700800       -0.75104639061651
H           -1.71203937914579        0.65365904060145        0.74894998932586
H            0.98701545015305        1.49309041566526       -0.36368634020378
H            1.54214645095051       -1.29005113576878       -0.10453801287651
10
 energy: -11.557966401629 gnorm: 0.001200563074 xtb: 6.7.1 (unknown)
C           -1.02222623334212        0.54468705737460       -0.08603182178066
C           -0.61582412990888       -0.86703247037509       -0.40601044303062
C            0.47066613441604        0.77195461200851        0.26758939169409
C            0.66326852012320       -0.67142128869909       -0.10393058320385
H            0.65828945927011        1.01308184678369        1.31277926124137
H           -1.38943925600445        1.12581696560449       -0.92995737697527
H           -1.18867538286954       -1.70784100929335       -0.75325472986293
H           -1.71263794389187        0.65260680254367        0.74966127779944
H            0.98777824292869        1.49061203247751       -0.36558200308312
H            1.54174458692550       -1.28984754656853       -0.10506856088387
10
 energy: -11.557968867248 gnorm: 0.000668312891 xtb: 6.7.1 (unknown)
C           -1.02286097940961        0.54432121518040       -0.08578430709723
C           -0.61566951995992       -0.86696431263624       -0.40672400633493
C            0.46947556775099        0.77250832983515        0.26829971896340
C            0.66297987897167       -0.67192207868995       -0.10196419738571
H            0.66111447414681        1.01495435800109        1.31299191179753
H           -1.38968451946781        1.12725781317226       -0.92924982884384
H           -1.18832696062500       -1.70761036661667       -0.75558479068317
H           -1.71321109099232        0.65121285013812        0.74964914456424
H            0.98746606755299        1.48953057269905       -0.36723413669375
H            1.54166109734261       -1.29067139418501       -0.10420525380738
10
 energy: -11.557968867248 gnorm: 0.000668312891 xtb: 6.7.1 (unknown)
C           -1.02286097940961        0.54432121518040       -0.08578430709723
C           -0.61566951995992       -0.86696431263624       -0.40672400633493
C            0.46947556775099        0.77250832983515        0.26829971896340
C            0.66297987897167       -0.67192207868995       -0.10196419738571
H            0.66111447414681        1.01495435800109        1.31299191179753
H           -1.38968451946781        1.12725781317226       -0.92924982884384
H           -1.18832696062500       -1.70761036661667       -0.75558479068317
H           -1.71321109099232        0.65121285013812        0.74964914456424
H            0.98746606755299        1.48953057269905       -0.36723413669375
H            1.54166109734261       -1.29067139418501       -0.10420525380738
