10
 energy: -11.385823985754 gnorm: 0.252649503626 xtb: 6.7.1 (unknown)
C           -0.12319442842735        1.74560888276307        0.27579906720613
C           -0.60596485646395       -1.66406717964267        0.06448872555044
C            0.38895738714881        0.73518192539706       -0.61930697678126
C            0.32912277293079       -0.73703926514288        0.27515202323795
H           -0.93653709186781        0.72496292530150        1.00558406764195
H           -0.52472982376777        2.67250855895250        0.02815400642171
H           -1.42282857899838       -1.28624856567617       -0.54156606941694
H           -0.49347412284181       -2.70279397045262        0.28203264163454
H            0.54744031313000        0.61937482114775       -1.65552982124331
H            1.33872562506011       -0.48781206579180        0.79471089586122
10
 energy: -11.486415861061 gnorm: 0.135694223550 xtb: 6.7.1 (unknown)
C           -0.23673339874085        1.61713101558106        0.25090845215457
C           -0.55534122748139       -1.63108794042666        0.01794582452499
C            0.28611954878076        0.68413524832748       -0.58086892569597
C            0.39263301627356       -0.71456347839006        0.17834858242015
H           -0.88016703097388        0.88613854835795        1.04079775859097
H           -0.49571271869381        2.64879055626013        0.03761010526306
H           -1.41637599432571       -1.30023779295967       -0.55209477355327
H           -0.50170187773905       -2.66680710782217        0.33375476778208
H            0.59716103595453        0.65248079529260       -1.62151522582280
H            1.30763538168234       -0.55630256239153        0.80463158436085
10
 energy: -11.517325835784 gnorm: 0.140115383451 xtb: 6.7.1 (unknown)
C           -0.36397228711527        1.53347550959128        0.25515655587869
C           -0.56025655170785       -1.59427594075324        0.02053025831891
C            0.25932081225962        0.65078723388830       -0.47078740856313
C            0.33372118424344       -0.64291212137172        0.21173185958755
H           -0.80275017235789        1.14217286074413        1.05009439415367
H           -0.57184954359253        2.59140635143327        0.02297597709865
H           -1.37744078075045       -1.37634320629870       -0.66855877302420
H           -0.50123671932509       -2.61401562259472        0.41704156222041
H            0.69045529107037        0.67764619262636       -1.50309505890583
H            1.39152084909270       -0.74826451895686        0.57443687551659
10
 energy: -11.512543413230 gnorm: 0.114262247604 xtb: 6.7.1 (unknown)
C           -0.46097128078942        1.53373951851120        0.17216345124433
C           -0.55619998614448       -1.61567375896451       -0.04984507623205
C            0.29255084220411        0.63923517932406       -0.45687953188799
C            0.33211193757471       -0.66723079735453        0.14921488841085
H           -0.66870088815026        1.33942120192225        1.41700960287599
H           -0.68644923610078        2.55588125636748       -0.11114888325539
H           -1.39596036052000       -1.40472734700073       -0.70412749287228
H           -0.50699073077590       -2.62166339959435        0.37561456595538
H            0.80394861966083        0.69451646427478       -1.46468773498314
H            1.34417524903153       -0.83382008518768        0.58221192522562
10
 energy: -11.526024520979 gnorm: 0.085419007311 xtb: 6.7.1 (unknown)
C           -0.38428369027290        1.57456429652371        0.20639285792852
C           -0.48875165307311       -1.67357424569595       -0.08242327072258
C            0.28475031860119        0.66114135695012       -0.46353594465173
C            0.49395707920442       -0.78517727326991       -0.04616139728137
H           -0.79946899013959        1.39310168795235        1.22136182792927
H           -0.61212038953138        2.57327552981666       -0.09606055267632
H           -1.47312110020811       -1.40209817881478       -0.49548629999630
H           -0.47550963862385       -2.66568295633470        0.35686187874759
H            0.69993559124195        0.78922249382866       -1.46855925692437
H            1.25212834462309       -0.84509608455482        0.77713229345302
10
 energy: -11.533662704259 gnorm: 0.062997798853 xtb: 6.7.1 (unknown)
C           -0.35722825156918        1.61774815284201        0.24871086497898
C           -0.51900465797194       -1.64747519764804        0.02205732711082
C            0.16983895863505        0.62887409761316       -0.42794193813414
C            0.41097000077330       -0.72820167699237        0.17052690347504
H           -0.96475944143463        1.33759869739281        1.12435788272702
H           -0.44228426569958        2.66798666631141       -0.11361385256417
H           -1.33753971376084       -1.44211718278636       -0.64374112545380
H           -0.40862636973717       -2.65076525289361        0.33587906762789
H            0.56958088369346        0.76459500833012       -1.42923562388040
H            1.37656429383153       -0.92855193255652        0.62253345292613
10
 energy: -11.538763848687 gnorm: 0.054941789573 xtb: 6.7.1 (unknown)
C           -0.40310035251663        1.60155899249764        0.23431772099662
C           -0.50264047867265       -1.65649182292581       -0.09050272149808
C            0.28142228574791        0.65610546964093       -0.40834780272975
C            0.37171508015423       -0.69529521406431        0.14431041200546
H           -0.79538610190230        1.29328682401079        1.15787037622893
H           -0.58414809124355        2.59214485342845       -0.15886728834841
H           -1.46789093675203       -1.41721312229373       -0.53660394148968
H           -0.44270970563641       -2.64453623363455        0.37495766595924
H            0.70854725333284        0.80125191516904       -1.40609867279602
H            1.33170364998150       -0.91113708481148        0.59849216586068
10
 energy: -11.539721969928 gnorm: 0.043745509107 xtb: 6.7.1 (unknown)
C           -0.40207856573945        1.55923267803901        0.21255710753655
C           -0.55840663534290       -1.63841258463615        0.01500154414461
C            0.28342150404867        0.64127376109956       -0.43818564709698
C            0.40433326161554       -0.72343442498792        0.06996068215787
H           -0.79300003864833        1.41067042369595        1.23118087133122
H           -0.59536369707542        2.54230446725017       -0.15234405232835
H           -1.45644765867255       -1.43685347066683       -0.53808120017133
H           -0.39990777487677       -2.65312285223082        0.28538631457077
H            0.73138572635563        0.81894943824059       -1.42763487689629
H            1.28357834519966       -0.90093021234228        0.65168635689689
10
 energy: -11.543450311728 gnorm: 0.023133923505 xtb: 6.7.1 (unknown)
C           -0.41269329800787        1.60169355404804        0.22781415815292
C           -0.51520565175521       -1.65989579399080       -0.04354909267144
C            0.23139385254877        0.64970225662833       -0.41525620776653
C            0.41391224298589       -0.73560982632806        0.09790484365028
H           -0.86821319610764        1.41496435301997        1.19992374347909
H           -0.54045799928621        2.60616217833924       -0.16429676013065
H           -1.42698039136423       -1.45014470685224       -0.57503123054981
H           -0.41443560806586       -2.65536140300266        0.35828539153168
H            0.68048448327541        0.82144505738998       -1.39472829884239
H            1.34970760285893       -0.97327390817706        0.61846416693134
10
 energy: -11.543980595467 gnorm: 0.015803011806 xtb: 6.7.1 (unknown)
C           -0.40600949524393        1.59211333458270        0.23078866638381
C           -0.52006516190876       -1.65965096380609       -0.04064619456799
C            0.24649703869335        0.64233263158543       -0.41262839122244
C            0.39437284248850       -0.72083870341679        0.11140079413426
H           -0.86056458655780        1.38729384333994        1.17795694917422
H           -0.52397337945553        2.59690341645505       -0.16650808946515
H           -1.45669639808542       -1.44842611966169       -0.53982733506442
H           -0.39208312189861       -2.65941354115219        0.32794309792672
H            0.69019221340849        0.81914852850776       -1.38961508493432
H            1.32584261881918       -0.92978215665409        0.61066547132003
10
 energy: -11.544280731895 gnorm: 0.005989259218 xtb: 6.7.1 (unknown)
C           -0.40952604442221        1.59438464737915        0.22892036061373
C           -0.52600881566992       -1.66061241025258       -0.03662459923963
C            0.25045289421764        0.64659371145304       -0.41094078470055
C            0.39758862622972       -0.72617340870655        0.10066997894303
H           -0.86523942690630        1.40638618870469        1.18758951427957
H           -0.53900001538246        2.58787047943588       -0.16810245293700
H           -1.45577738852591       -1.45467797676872       -0.54509375336350
H           -0.39868884024672       -2.66055569008857        0.34110206891739
H            0.70694705545393        0.83200489138378       -1.38318216891709
H            1.33676410586699       -0.94554108442392        0.59519219679916
10
 energy: -11.544392163069 gnorm: 0.008568299056 xtb: 6.7.1 (unknown)
C           -0.42348703416208        1.59504618483742        0.22579240891633
C           -0.52764442661732       -1.66340817659927       -0.03181604422698
C            0.24321700791006        0.64610152625126       -0.40707572887592
C            0.40062010542067       -0.73142611928730        0.09424041753005
H           -0.88181330237313        1.41518260651484        1.18549160228537
H           -0.52691159612767        2.59387852223676       -0.17614473322748
H           -1.46405484777837       -1.45698167487241       -0.52741454503132
H           -0.39046375346886       -2.66548317322785        0.33430873892663
H            0.72341100110864        0.84282183515459       -1.36980060643441
H            1.34463863262041       -0.95605327297637        0.58194950865784
10
 energy: -11.544574617183 gnorm: 0.006122065921 xtb: 6.7.1 (unknown)
C           -0.43275769386290        1.59490872109120        0.22298761006773
C           -0.52748046800931       -1.66497235069121       -0.02993655921701
C            0.24319238286869        0.64540294081144       -0.39789844875013
C            0.40183549925120       -0.73375256655486        0.08938085257949
H           -0.92093603816817        1.43038923663697        1.17435425368803
H           -0.51033372827481        2.59286761331685       -0.18433785829620
H           -1.47554766510321       -1.45753372595385       -0.50134067230841
H           -0.37670106079866       -2.67017730244339        0.32643409098531
H            0.73701084190505        0.85065726033741       -1.34256523870146
H            1.35922906016677       -0.96811328944442        0.55245430172198
10
 energy: -11.544909160366 gnorm: 0.008537149305 xtb: 6.7.1 (unknown)
C           -0.45412750183009        1.59472266968523        0.21664583255624
C           -0.53760349525160       -1.66553985153959       -0.01090933439388
C            0.24676314475625        0.64829445488807       -0.38331186686860
C            0.40245977312502       -0.74001971600389        0.07628587500569
H           -0.98695530924323        1.42779291192021        1.13519009946130
H           -0.49275241986254        2.58597263865895       -0.19411154443278
H           -1.50489713456454       -1.45460769191246       -0.43666685073472
H           -0.36227032522881       -2.67804985070444        0.32209142387175
H            0.79821304424903        0.88468906884889       -1.29107835541941
H            1.38867976870155       -0.98358492116151        0.47539909618682
10
 energy: -11.545206134208 gnorm: 0.014927525847 xtb: 6.7.1 (unknown)
C           -0.48281872918761        1.58309743904553        0.20408759455200
C           -0.54300894708101       -1.66319081629967        0.01140660285499
C            0.26187619404524        0.65096265060391       -0.37286875470509
C            0.40769841307713       -0.74457280700517        0.05714838437660
H           -1.08798855284156        1.41019632535279        1.07925618876928
H           -0.47094727851209        2.57839085360852       -0.19322525651458
H           -1.54577432196418       -1.43836092513322       -0.33503926484446
H           -0.34854956573498       -2.68303780913995        0.31641929229267
H            0.88388500048730        0.92257192044529       -1.23380702891636
H            1.42313531852104       -0.99639776697145        0.37615885392638
10
 energy: -11.545765440148 gnorm: 0.028416774506 xtb: 6.7.1 (unknown)
C           -0.52253711454143        1.56544349402634        0.17927415326711
C           -0.55589149053434       -1.64183541144967        0.05928960737379
C            0.29912651644381        0.65941855573357       -0.35738945940599
C            0.42800249363698       -0.74966202435243        0.02172339952226
H           -1.20309719754314        1.33775662283252        0.98192535901717
H           -0.46724813748500        2.56566038787617       -0.18283428926868
H           -1.57719469373552       -1.39204247413875       -0.20311678721555
H           -0.35537568556843       -2.67271584619888        0.31705404701478
H            0.98679666634767        0.96036155407462       -1.14810863574566
H            1.46492359623767       -1.01274287506025        0.24172154928385
10
 energy: -11.546482550292 gnorm: 0.024480433846 xtb: 6.7.1 (unknown)
C           -0.51694842614765        1.54524518853398        0.15704839173757
C           -0.54829412646172       -1.62357106191246        0.07857818808700
C            0.31200563353007        0.66067059349857       -0.36896266978813
C            0.43589273931755       -0.74145935174156        0.00565229666539
H           -1.23409659570053        1.25650239312036        0.91184254474436
H           -0.47886528376732        2.55980048403994       -0.14494343650064
H           -1.56661714154380       -1.35355135855430       -0.14274666892928
H           -0.37829325587742       -2.65171267993646        0.33974547571855
H            1.02143517134780        0.97534424022442       -1.12485670828501
H            1.45128545814855       -1.00763471216673        0.19818082850179
10
 energy: -11.546154770081 gnorm: 0.047426480109 xtb: 6.7.1 (unknown)
C           -0.57238353229396        1.50426693081002        0.09985837413416
C           -0.54965792613626       -1.57880642965589        0.14556216072781
C            0.35622260136824        0.67104023671219       -0.35893510682910
C            0.46087284547725       -0.73363271039715       -0.03297974924965
H           -1.39438283267718        1.13473920033277        0.74487787326573
H           -0.51104862174357        2.54675164297032       -0.11463166685006
H           -1.59595121793085       -1.25693365133958        0.07132829645410
H           -0.39479812176489       -2.61687615675495        0.35511943034417
H            1.18501919282203        1.04502844389207       -1.00493691638141
H            1.51360764089892       -1.09597266995853        0.00427905601640
10
 energy: -11.545971535342 gnorm: 0.056135334430 xtb: 6.7.1 (unknown)
C           -0.57036676023616        1.50922069692316        0.10570276156575
C           -0.54775598871066       -1.57077062700910        0.12450778887811
C            0.36599524095068        0.67618598551382       -0.36571118059746
C            0.46204811062323       -0.73168156944018       -0.00893386621181
H           -1.24806904049837        1.17975017886138        0.82936271301971
H           -0.58451130949815        2.55629159972965       -0.13631034833287
H           -1.54821734728417       -1.25803609061474       -0.04827356680227
H           -0.41477177429405       -2.60480502588312        0.35574602025080
H            1.09136723803529        1.00633231298111       -1.07362322929132
H            1.49178401037333       -1.14287339128663        0.12707266132001
10
 energy: -11.547084714950 gnorm: 0.037166194995 xtb: 6.7.1 (unknown)
C           -0.54111579081949        1.51451038403592        0.13283608333713
C           -0.55194408329041       -1.60495210291165        0.10909801958236
C            0.34350580470001        0.67251000298842       -0.36925841825582
C            0.46606906894749       -0.75828832566243       -0.04202202941102
H           -1.27625245489942        1.22518292276136        0.86278103749998
H           -0.52005757746568        2.55435203874401       -0.14166431898764
H           -1.56712685825947       -1.31219799518963       -0.07450167072517
H           -0.39654790997039       -2.63859829523016        0.37844721033911
H            1.08264233561543        1.03729006925372       -1.08333555432584
H            1.45833009929855       -1.07018660071439        0.13715850448679
10
 energy: -11.548387755264 gnorm: 0.019838720045 xtb: 6.7.1 (unknown)
C           -0.55046003932525        1.50448721440528        0.11020201863491
C           -0.54757700491112       -1.57608239886601        0.12456498867798
C            0.36419268791866        0.66940080901120       -0.35898071195429
C            0.46827357148609       -0.74391202381742       -0.02653335570128
H           -1.31463465630275        1.16997068805515        0.80336633362003
H           -0.56135631874811        2.53825467763393       -0.14436205931107
H           -1.57701997389982       -1.24799095854292        0.00607568696876
H           -0.40105628799765       -2.61618952194215        0.35495998128567
H            1.12644574987297        1.03239107655269       -1.03872280572546
H            1.49069397812321       -1.11071945334847        0.07897024372338
10
 energy: -11.548396657617 gnorm: 0.023883219936 xtb: 6.7.1 (unknown)
C           -0.58205341210809        1.47480587309981        0.08792579625705
C           -0.55521624792221       -1.54974752584032        0.16175401950176
C            0.39065527789294        0.67657159649781       -0.36057740020151
C            0.48299038349270       -0.74142719598011       -0.05249382495776
H           -1.35762725244276        1.09981346827725        0.74162196887382
H           -0.58323446176595        2.53359712410853       -0.12455882371955
H           -1.56500234488367       -1.20804672072635        0.06397795305320
H           -0.42966835762779       -2.59224870946552        0.39135666908711
H            1.18868492990910        1.06834255050297       -0.99545547191958
H            1.50797141653341       -1.14206184094361       -0.00400984934821
10
 energy: -11.548861643160 gnorm: 0.006932404373 xtb: 6.7.1 (unknown)
C           -0.56848986026202        1.48566540038441        0.09682583601012
C           -0.55009862702304       -1.56224754807063        0.14262701398158
C            0.37804636288025        0.67367962092992       -0.35791111964753
C            0.47875554983346       -0.74722014465239       -0.04538222133780
H           -1.32876564223094        1.13290525656833        0.76957340625781
H           -0.57999177908903        2.53557071868771       -0.14080747345499
H           -1.56876832096306       -1.22068842845240        0.04249316522322
H           -0.41776496005975       -2.60409567364633        0.37666022397511
H            1.16254931988975        1.05800338587119       -1.00607934162742
H            1.49202875316913       -1.13196927905957        0.03154109107634
10
 energy: -11.548983632716 gnorm: 0.007644967504 xtb: 6.7.1 (unknown)
C           -0.56600489956367        1.48111780317814        0.09407310631555
C           -0.55004527246277       -1.55603825194311        0.15040608190728
C            0.38672760494898        0.67424074857850       -0.35254730175869
C            0.48375383818521       -0.74937322551991       -0.04942431399927
H           -1.35031914647684        1.12073249701778        0.74790727157220
H           -0.58801510873934        2.52755087183427       -0.14538826658211
H           -1.56804177867939       -1.20403423282059        0.06821439491556
H           -0.41993418663707       -2.60073134710744        0.37607258399422
H            1.17368988107361        1.06656227269587       -0.98395029324718
H            1.49568943528890       -1.14042727537037        0.00417788430013
10
 energy: -11.549095826948 gnorm: 0.007900717935 xtb: 6.7.1 (unknown)
C           -0.57347904964075        1.46965701592367        0.08451666872853
C           -0.54994569806216       -1.54556890343721        0.16171512905317
C            0.39551752132087        0.67366789008736       -0.34661198058744
C            0.48930203536931       -0.75085696260707       -0.05820236880073
H           -1.36826090395298        1.09974427518774        0.71717862087459
H           -0.60397573376553        2.51738576119065       -0.15069901896676
H           -1.56689147556490       -1.17805241674343        0.11116812976623
H           -0.42613482303367       -2.59373057169315        0.37799183973858
H            1.20433973426683        1.08354803910533       -0.94681006193170
H            1.49702808856060       -1.15620024586151       -0.04070520856538
10
 energy: -11.549139406112 gnorm: 0.007371666621 xtb: 6.7.1 (unknown)
C           -0.57599543221550        1.46412086975162        0.08297900088410
C           -0.54910876638970       -1.54279514416959        0.16743568025474
C            0.39848655452708        0.67410686612596       -0.34235377439585
C            0.48889758789729       -0.75137700573979       -0.06121645329830
H           -1.37665930368369        1.09196787087519        0.70216757975460
H           -0.60509843940471        2.51741007335685       -0.15434307383082
H           -1.55608325072248       -1.17188053811990        0.12430447945434
H           -0.43064294761942       -2.59173171602358        0.38385617215460
H            1.21164764560022        1.09227556589979       -0.92370141846263
H            1.49205561556208       -1.16250462317497       -0.06958597890563
10
 energy: -11.549206304624 gnorm: 0.001686708433 xtb: 6.7.1 (unknown)
C           -0.57728100588221        1.46829621925090        0.08134011102361
C           -0.54817324506401       -1.54671980147894        0.16577980633032
C            0.39754998801771        0.67457022723910       -0.34283252068120
C            0.48900550539159       -0.75146243172231       -0.06255024269251
H           -1.38379317553549        1.09790361073926        0.69214226669362
H           -0.60001223420910        2.51994427310777       -0.15156065949325
H           -1.55829735760286       -1.17549743293479        0.14284051951337
H           -0.42707261065276       -2.59623347634338        0.37373887295529
H            1.21372858865428        1.09034147066328       -0.92102516612783
H            1.49184462400630       -1.16155018166659       -0.06833043419026
10
 energy: -11.549231493329 gnorm: 0.002859337179 xtb: 6.7.1 (unknown)
C           -0.57874989565423        1.47478207452132        0.07955677820143
C           -0.54635722276607       -1.55064642882927        0.17198925690814
C            0.39626094237910        0.67593178304256       -0.33827310448508
C            0.48754508189257       -0.75081519951738       -0.06056664027098
H           -1.39333565033490        1.10846165733397        0.68065941168466
H           -0.59299627342093        2.52419467577271       -0.15379335921296
H           -1.56066851753360       -1.18518153268509        0.15877028761101
H           -0.42026845792857       -2.60236194563279        0.36249447925002
H            1.21734121319571        1.08796137402588       -0.91175800715900
H            1.48872760335698       -1.16273371740164       -0.07953609872102
10
 energy: -11.549248386391 gnorm: 0.002517674666 xtb: 6.7.1 (unknown)
C           -0.58019822715310        1.47669822640376        0.07725008217784
C           -0.54604961599099       -1.55290854234832        0.17127888314613
C            0.39603190210238        0.67672957419940       -0.33500466209996
C            0.48562502714066       -0.75115641597009       -0.06391525767192
H           -1.39868817142844        1.11224149067251        0.67415823545064
H           -0.58922501311443        2.52643181948670       -0.15552442822142
H           -1.56131670468374       -1.18949363846306        0.16958344401395
H           -0.41650420533428       -2.60400334296631        0.36205197660093
H            1.22146564654984        1.08897625043476       -0.90223405179264
H            1.48635809439930       -1.16392247008748       -0.08810088829134
10
 energy: -11.549269849891 gnorm: 0.001134866955 xtb: 6.7.1 (unknown)
C           -0.58271266233961        1.47844845332380        0.07257710221975
C           -0.54557801833313       -1.55466962730830        0.17564540060721
C            0.39619963813446        0.67770287776130       -0.32976533003102
C            0.48243320400507       -0.75164927633392       -0.06893322740623
H           -1.41053710168154        1.11572786540928        0.65838744298875
H           -0.58230933077453        2.53022300813220       -0.15674630261495
H           -1.56112490454516       -1.19481025087886        0.18955853249094
H           -0.41090359686315       -2.60661370625513        0.36023553805397
H            1.22980686373353        1.09229145517219       -0.88408547490693
H            1.48222452146230       -1.16705739490799       -0.10732963639735
10
 energy: -11.549286978369 gnorm: 0.002110936866 xtb: 6.7.1 (unknown)
C           -0.58557973093723        1.47840351394974        0.06660287401357
C           -0.54516729055651       -1.55466965869054        0.18347344980803
C            0.39901847332839        0.67869267810738       -0.32329995586113
C            0.48007147711324       -0.75275907056633       -0.07600565452787
H           -1.42848450965026        1.11493123033627        0.63131252089528
H           -0.57649197255997        2.53270842190222       -0.15574501398763
H           -1.55945894592150       -1.19534801865137        0.22027624767783
H           -0.40677950994857       -2.60841339981313        0.35792365014226
H            1.24263274663316        1.09879560113222       -0.85904765504000
H            1.47773777709431       -1.17274723399687       -0.13594526754760
10
 energy: -11.549298943367 gnorm: 0.001678662726 xtb: 6.7.1 (unknown)
C           -0.58787807283299        1.47631027685564        0.06197180864110
C           -0.54484689124539       -1.55310232950328        0.18804250761142
C            0.40135601519185        0.67878639502967       -0.32164920189548
C            0.48041439274040       -0.75351012552502       -0.07940965113050
H           -1.43604786316888        1.11107152775777        0.61674110192645
H           -0.57646361707393        2.53198069652299       -0.15312702123319
H           -1.55735923851047       -1.19085903470091        0.23655986971089
H           -0.40760744792252       -2.60790897152294        0.35676909367065
H            1.24976911298217        1.10287637935935       -0.84631631918570
H            1.47616211611611       -1.17605042882441       -0.15003637171922
10
 energy: -11.549306255578 gnorm: 0.001585904386 xtb: 6.7.1 (unknown)
C           -0.59156870923706        1.47073693528848        0.05359710122726
C           -0.54335560861272       -1.54761882280581        0.20021959057718
C            0.41042980678283        0.67985313759801       -0.31409387714064
C            0.48309765151110       -0.75589779550714       -0.08974558141162
H           -1.45919856236765        1.09624560133287        0.57149777270471
H           -0.58056430165542        2.52793655921286       -0.14749977559707
H           -1.55003613097493       -1.17367881542780        0.28428147580679
H           -0.41279916630535       -2.60512877380234        0.35421729326948
H            1.26936679429100        1.11392969712821       -0.81115272340501
H            1.47212673312060       -1.18678249474887       -0.19177358534943
10
 energy: -11.549311536457 gnorm: 0.000736266050 xtb: 6.7.1 (unknown)
C           -0.59219248447316        1.47187337841003        0.05324397017100
C           -0.54304181278783       -1.54905481051510        0.19781759664210
C            0.40707961336316        0.67950963383499       -0.31686257356718
C            0.48250448038886       -0.75510833575167       -0.08689415416191
H           -1.45214702215037        1.09955228809527        0.58228362880824
H           -0.57932959364278        2.52945059375955       -0.14760653770917
H           -1.55046731330698       -1.17750048733962        0.27319061354582
H           -0.41235657585372       -2.60599338934156        0.35459159119508
H            1.26497134665253        1.11060272946527       -0.81802735592653
H            1.47247787110689       -1.18373654324800       -0.18218953544961
10
 energy: -11.549312522399 gnorm: 0.000164095835 xtb: 6.7.1 (unknown)
C           -0.59183049084105        1.47324792766398        0.05392810729603
C           -0.54281382259043       -1.55002305766202        0.19757298017086
C            0.40681024357619        0.67994606323407       -0.31564170244651
C            0.48191762157215       -0.75502781163134       -0.08725290206278
H           -1.45369227805013        1.10097391114177        0.58119373112080
H           -0.57809825728080        2.53045757989693       -0.14874596030042
H           -1.55084787088359       -1.17936332994176        0.27511264975173
H           -0.41125482829214       -2.60702427581660        0.35377655913531
H            1.26524465250280        1.10997935844611       -0.81709784278902
H            1.47206350251235       -1.18357128215310       -0.18329833015433
10
 energy: -11.549312522399 gnorm: 0.000164095835 xtb: 6.7.1 (unknown)
C           -0.59183049084105        1.47324792766398        0.05392810729603
C           -0.54281382259043       -1.55002305766202        0.19757298017086
C            0.40681024357619        0.67994606323407       -0.31564170244651
C            0.48191762157215       -0.75502781163134       -0.08725290206278
H           -1.45369227805013        1.10097391114177        0.58119373112080
H           -0.57809825728080        2.53045757989693       -0.14874596030042
H           -1.55084787088359       -1.17936332994176        0.27511264975173
H           -0.41125482829214       -2.60702427581660        0.35377655913531
H            1.26524465250280        1.10997935844611       -0.81709784278902
H            1.47206350251235       -1.18357128215310       -0.18329833015433
