10
 energy: -11.407778672083 gnorm: 0.241940794354 xtb: 6.7.1 (unknown)
C            0.06682972648794        1.77848652397042       -0.15798363822780
C           -0.06353345446451       -1.88578339291772        0.07846903768507
C           -0.29069763312821        0.51327727590514       -0.37146294536345
C            0.20379429345486       -0.49130688652683        0.42986063175885
H            0.74784560202498        2.04136578455171        0.70003668839967
H           -0.38721521732118        2.40820320173551       -0.81925903343980
H           -1.10808015576284       -1.68549060280360       -0.49839275089835
H            0.10566066383534       -2.77251139288462        0.83141164111585
H           -0.90628570975757        0.88625183603947       -1.16221133649407
H            1.42584252652571        0.01245970114257        0.70448275598471
10
 energy: -11.494895700258 gnorm: 0.141722920655 xtb: 6.7.1 (unknown)
C            0.08127346630075        1.81267965654263       -0.13892013855904
C           -0.12681712049090       -1.82220223828564        0.14256096738184
C           -0.29417307975664        0.54182441654406       -0.37323304396858
C            0.31450146365391       -0.51278223245189        0.34327817713842
H            0.75523622359007        2.06647127588990        0.68473999981861
H           -0.36554970209422        2.50376999041268       -0.79938112227852
H           -1.08307542133748       -1.76714524296184       -0.47792674783940
H            0.11681770864982       -2.71793649132034        0.77642231747946
H           -0.96116222253819        0.77781076755043       -1.18737092174293
H            1.35710866336442       -0.07753784522214        0.76478438846967
10
 energy: -11.518688896229 gnorm: 0.196037930743 xtb: 6.7.1 (unknown)
C            0.10696109079157        1.86028905476198       -0.11571661037086
C           -0.11291390125289       -1.69823297586830        0.16651122507760
C           -0.27199036597019        0.59265655871097       -0.38083691066938
C            0.26741878585497       -0.51294965513317        0.36668534411652
H            0.76089209854167        2.12248450170375        0.67284415798642
H           -0.30946807002594        2.63191429637848       -0.76448247465412
H           -1.03610227498000       -1.84066236224678       -0.34535293104910
H            0.21632132816187       -2.58695880509440        0.65920556537665
H           -0.96862662059605        0.59361800852489       -1.25680705433265
H            1.14166703352089       -0.35721001597656        0.73290683987445
10
 energy: -11.525144810906 gnorm: 0.110917368666 xtb: 6.7.1 (unknown)
C            0.10959023087395        1.91173398669342       -0.16530839231984
C           -0.18920826715886       -1.71773806723738        0.13182401575844
C           -0.20821999416777        0.64949488879704       -0.49582611504433
C            0.28457222962489       -0.49930112289801        0.22618066743691
H            0.78981668219900        2.16845866278195        0.61010788901524
H           -0.36848062288176        2.72281308120233       -0.72210622913168
H           -1.17925358720621       -1.95589767129969       -0.25516669929862
H            0.35655564588039       -2.55635291359785        0.61718870167701
H           -1.01173681258779        0.59173244094912       -1.27894458640944
H            1.21052047590362       -0.50999786749271        1.06702165626918
10
 energy: -11.540144961159 gnorm: 0.100764264852 xtb: 6.7.1 (unknown)
C            0.08229215957691        1.90585255488972       -0.11313829902028
C           -0.25162762500884       -1.77819730377952        0.21714458801588
C           -0.24927705846178        0.64692520553937       -0.40122438007037
C            0.35606549417319       -0.51131099901350        0.23451159509807
H            0.77785963512868        2.17805351258431        0.66180622547358
H           -0.37718364373927        2.70471879757636       -0.67845358054270
H           -1.08326136930801       -1.99008944761392       -0.46366929067366
H            0.17191477258612       -2.59535762274367        0.74654738805000
H           -0.94173327212013        0.54909331348283       -1.26097442274604
H            1.30911110345460       -0.30473777662513        0.79240311951244
10
 energy: -11.548976474886 gnorm: 0.036423786831 xtb: 6.7.1 (unknown)
C            0.11780613789161        1.87950915870601       -0.13504589580140
C           -0.19003513412605       -1.75418222606841        0.15393996158854
C           -0.25618000681482        0.62670451822146       -0.40341444048386
C            0.26998641590247       -0.52601242348596        0.28681383802018
H            0.83049584954825        2.14007783864054        0.62996327095464
H           -0.31232013763772        2.69043703989171       -0.70979027389624
H           -1.08121897367749       -1.95077896668151       -0.39833626773291
H            0.23199928150562       -2.58914214672504        0.67657962907207
H           -0.98652170002438        0.53133379172952       -1.21063480661352
H            1.17014655095162       -0.24299437902890        0.84488998795869
10
 energy: -11.550869753017 gnorm: 0.028552969131 xtb: 6.7.1 (unknown)
C            0.12182013419240        1.89813983247909       -0.14845040932120
C           -0.20305476531846       -1.73570208293032        0.18515048531447
C           -0.25513468559991        0.65115886385388       -0.41657251803863
C            0.26361663803511       -0.50449892313837        0.27832938267473
H            0.83479511672160        2.14791628368741        0.61701728559132
H           -0.31057350970403        2.72350249080606       -0.70169316813513
H           -1.06668497858549       -1.97899517601073       -0.43413421949611
H            0.26750228498222       -2.57803140703739        0.68799563689886
H           -1.01408803318381        0.51832117473700       -1.19635214235522
H            1.15595959491367       -0.33685777256787        0.86367631866649
10
 energy: -11.550994545171 gnorm: 0.031397565833 xtb: 6.7.1 (unknown)
C            0.10959207985373        1.90170720250763       -0.15136537123452
C           -0.19239113523242       -1.74769067905230        0.16033361856749
C           -0.25642102933553        0.65575554309865       -0.42317607602794
C            0.31091975069749       -0.51332003178438        0.22762499319824
H            0.84987564338917        2.14239339800983        0.59420918885054
H           -0.32834493074206        2.73709797964516       -0.68178311250375
H           -1.05480194335227       -1.95513934287760       -0.42594797131664
H            0.23555324256949       -2.55118824620875        0.70311212459907
H           -1.02706764612312        0.48399037505079       -1.18446095474084
H            1.14724357198983       -0.34865194709166        0.91642133513045
10
 energy: -11.552076989272 gnorm: 0.009155595217 xtb: 6.7.1 (unknown)
C            0.11742413284206        1.89766378273414       -0.15230496966137
C           -0.20238837963436       -1.74147491434288        0.16175220174256
C           -0.26224921845444        0.65137989943397       -0.41053673586746
C            0.28912187301166       -0.50968731896839        0.25579583752626
H            0.86687456593567        2.13550447829680        0.58763867980212
H           -0.31479024197996        2.73086703199548       -0.68476884744888
H           -1.06884810254988       -1.97496334097763       -0.44097324454361
H            0.25553519267227       -2.56363487474104        0.68943526781129
H           -1.01584888145066        0.48232065672772       -1.17609136872596
H            1.12932652367271       -0.30302051346674        0.90502298501528
10
 energy: -11.552229582674 gnorm: 0.014661819893 xtb: 6.7.1 (unknown)
C            0.12391435529154        1.89581027392426       -0.16436198091085
C           -0.19158847100274       -1.73526378537854        0.16622165339516
C           -0.25911789710538        0.64686496300102       -0.41061965641741
C            0.28023567588548       -0.50328311524788        0.27558632074597
H            0.87664062687525        2.13165675921514        0.57122045788517
H           -0.32229915723014        2.73026042912617       -0.68227964741826
H           -1.03237825049988       -1.96294498444001       -0.47799992966514
H            0.22774401542151       -2.56410492755936        0.69596605485062
H           -1.04434993622793        0.47274407162174       -1.14453699812433
H            1.13535641391344       -0.30678255765461        0.90577420207171
10
 energy: -11.552479779885 gnorm: 0.006429375998 xtb: 6.7.1 (unknown)
C            0.12194382779368        1.89701066205204       -0.16882851124614
C           -0.19486727520118       -1.73320832056544        0.16153163325846
C           -0.26779050710586        0.64821812880171       -0.40354580759042
C            0.28062977022174       -0.50123888283970        0.27892058636159
H            0.88643239221194        2.12915059768602        0.55614045554910
H           -0.31874287987934        2.73273162426530       -0.68463491465868
H           -1.03081718161964       -1.95028182021263       -0.47882879818779
H            0.23715613116761       -2.57024293657637        0.68602802263270
H           -1.04567057878908        0.45865831043317       -1.13713650773311
H            1.12588334715931       -0.30583993665032        0.92532606219638
10
 energy: -11.552580123320 gnorm: 0.005144218912 xtb: 6.7.1 (unknown)
C            0.12386914557334        1.89861432330717       -0.17564641836236
C           -0.19000637967576       -1.73336320317117        0.15053295595991
C           -0.27601691676803        0.65112272595857       -0.39696863666062
C            0.28156875133692       -0.49886544824359        0.28091787958838
H            0.90790723821569        2.12269727928595        0.53301517657308
H           -0.31278040342893        2.73876495601981       -0.68491682580029
H           -1.02587787565435       -1.95928088365283       -0.49602706183143
H            0.23660786819242       -2.56558302139714        0.68430793516759
H           -1.06155298411418        0.44731968351836       -1.11329049088996
H            1.11043815316487       -0.29646728157085        0.95305077874427
10
 energy: -11.552631695096 gnorm: 0.002698543882 xtb: 6.7.1 (unknown)
C            0.12760300640821        1.89834671927510       -0.18188753040191
C           -0.18802316552966       -1.73311047105678        0.14808827233507
C           -0.27742052867204        0.65071121359011       -0.39360328954229
C            0.27852110836214       -0.49664711894098        0.29020872361006
H            0.90992831784275        2.12128878092335        0.52492142686229
H           -0.30812468888029        2.73947060424299       -0.68993820352302
H           -1.01712065329315       -1.95208457968407       -0.50461522107921
H            0.23569238523819       -2.56895449986794        0.68064920109473
H           -1.07240846891652        0.44164392897290       -1.09794814939168
H            1.10550908112212       -0.29570478804779        0.95910104914079
10
 energy: -11.552653472435 gnorm: 0.003233055536 xtb: 6.7.1 (unknown)
C            0.12763377121130        1.89840048137112       -0.18471965064866
C           -0.18358000443996       -1.73271050586704        0.14658378268637
C           -0.28582210773295        0.65150984337471       -0.38545921953186
C            0.27066960130967       -0.49470591453170        0.30102344149755
H            0.92309586259666        2.11987704650967        0.51064871290279
H           -0.30502050783423        2.73940115253226       -0.69592370768312
H           -1.00489570133327       -1.94904746343108       -0.51730769093738
H            0.23601397612455       -2.57161602462339        0.67673903199832
H           -1.08246568681202        0.44053345738657       -1.08549647225556
H            1.09852692196017       -0.29668123720273        0.96888967927045
10
 energy: -11.552674718793 gnorm: 0.002123019069 xtb: 6.7.1 (unknown)
C            0.13168436657681        1.89777725140996       -0.18802161049679
C           -0.18235072380296       -1.73365728528544        0.14498942828666
C           -0.28747769829816        0.65219404431517       -0.38262685787318
C            0.26732889094588       -0.49454436885605        0.30488552190494
H            0.92869919017981        2.11970326554294        0.50415684284001
H           -0.30161458588854        2.73867438496207       -0.70074568281873
H           -1.00164691449904       -1.95113292376289       -0.52190722646005
H            0.23911772285347       -2.57275110543972        0.67262525831880
H           -1.09124333573569        0.44299135821556       -1.07631228926085
H            1.09165899352152       -0.29429322899035        0.97793578188976
10
 energy: -11.552695229037 gnorm: 0.001676873919 xtb: 6.7.1 (unknown)
C            0.13662606023826        1.89715430990308       -0.19142260055106
C           -0.18052899741304       -1.73582200946241        0.14157508048314
C           -0.29332429842778        0.65385965490974       -0.37430880669501
C            0.26099477845842       -0.49453603354011        0.31188418140088
H            0.93835247651021        2.12082972256102        0.49309516011766
H           -0.29366100203894        2.73572483237682       -0.71188789012229
H           -0.99640538230938       -1.95564933032152       -0.52905741524990
H            0.24665644653292       -2.57343214017731        0.66503069512076
H           -1.10390101963420        0.44938584282993       -1.06174298258952
H            1.07934645996924       -0.29255258011395        0.99181586869868
10
 energy: -11.552700247383 gnorm: 0.001005731848 xtb: 6.7.1 (unknown)
C            0.13936074250330        1.89707463422019       -0.19366946499695
C           -0.18034607037435       -1.73631461464468        0.14061783281401
C           -0.29780168014406        0.65484002590760       -0.36759109645933
C            0.25589317592699       -0.49381535020309        0.31736739364809
H            0.94815781882499        2.12162026417518        0.48336693448251
H           -0.29057242432589        2.73339294644181       -0.71846821704115
H           -0.99057485806916       -1.95757668592087       -0.53602633126813
H            0.25179401843557       -2.57465257261513        0.65940905890855
H           -1.11203399886848        0.45267768760586       -1.05229298612157
H            1.07027852632662       -0.29228335903834        1.00226973804057
10
 energy: -11.552701365265 gnorm: 0.000641265823 xtb: 6.7.1 (unknown)
C            0.13896965590156        1.89714032745977       -0.19306046313539
C           -0.18055398893481       -1.73610220460869        0.14065803100206
C           -0.29756344129846        0.65471391395076       -0.36789123050403
C            0.25658625350802       -0.49395965024838        0.31568966115009
H            0.94600813834303        2.12125703651743        0.48521073547612
H           -0.29154803945077        2.73325916401335       -0.71716490409305
H           -0.99102072037863       -1.95784339113990       -0.53466612843750
H            0.25120247250584       -2.57323177279092        0.66126200780835
H           -1.10946726051514        0.45347237157026       -1.05444340739064
H            1.07154224269160       -0.29374295251884        0.99938820844372
10
 energy: -11.552701365265 gnorm: 0.000641265823 xtb: 6.7.1 (unknown)
C            0.13896965590156        1.89714032745977       -0.19306046313539
C           -0.18055398893481       -1.73610220460869        0.14065803100206
C           -0.29756344129846        0.65471391395076       -0.36789123050403
C            0.25658625350802       -0.49395965024838        0.31568966115009
H            0.94600813834303        2.12125703651743        0.48521073547612
H           -0.29154803945077        2.73325916401335       -0.71716490409305
H           -0.99102072037863       -1.95784339113990       -0.53466612843750
H            0.25120247250584       -2.57323177279092        0.66126200780835
H           -1.10946726051514        0.45347237157026       -1.05444340739064
H            1.07154224269160       -0.29374295251884        0.99938820844372
