15
 energy: -18.732207587074 gnorm: 0.353925213557 xtb: 6.7.1 (unknown)
C           -0.83850111935368       -1.33481412785064       -0.02091207012727
C           -1.40875761732680       -0.19172235125750       -0.29470900382029
C            0.72080630431749       -1.49859559740255       -0.36303558894089
C            1.39213045634415       -0.41749549416681       -0.44869683823996
C           -0.72033625342783        0.98988039701602       -0.14484758160639
C            1.07965046397064        1.18620960736965        0.05558743097860
C           -0.10114454315319        0.97280746331321        1.11132197274343
H           -1.64817367425083       -2.28291801862592        0.44040392707321
H           -2.52963607908437        0.09280259325022       -0.36044658857379
H            0.57607596097569       -2.41582240915466       -0.73556687375469
H            2.73213899989836       -0.30943383331859       -0.49082792555605
H           -1.04920485206654        2.11838986338123       -0.08113732358901
H            1.54803086932753        1.66288157352898       -0.81923016345877
H           -0.60155441005766        1.84040014188015        1.56863751139992
H            0.00494242346853        0.11254571985763        1.90128336887121
15
 energy: -18.875704900655 gnorm: 0.200922292468 xtb: 6.7.1 (unknown)
C           -0.86612387257976       -1.34747060103617       -0.03841161322847
C           -1.44178342230232       -0.18225664036938       -0.30254525854053
C            0.65795182281465       -1.46478595521850       -0.36711855482306
C            1.44048925624534       -0.39407364332421       -0.37020913424181
C           -0.71288342258621        1.02207694136383       -0.13384328187103
C            1.00333635881533        1.06302441675199        0.01527530537783
C           -0.05333093168727        1.02391927921366        1.16162166210047
H           -1.57048234692890       -2.24204215427884        0.37872368277854
H           -2.52745222098689        0.06120138854581       -0.36303074882469
H            0.63578231458466       -2.46032586545175       -0.72098873890501
H            2.65431045802336       -0.35321080019165       -0.52832378744290
H           -1.07669779302854        2.08722546379743       -0.17537597993064
H            1.51867134733431        1.69576289105409       -0.74336891019817
H           -0.52234498459910        1.87469630297817        1.64393709186486
H            0.01702696912685        0.14137029956337        1.86148098918353
15
 energy: -18.956578779056 gnorm: 0.117077257326 xtb: 6.7.1 (unknown)
C           -0.88881042554955       -1.36415218757797       -0.05844646906852
C           -1.47193341165649       -0.18092194772190       -0.28022053410946
C            0.57496768382488       -1.44356863723177       -0.37235361218011
C            1.36677508945972       -0.36712306997802       -0.43153323794916
C           -0.68659875435282        1.01838175284535       -0.12411284640216
C            0.91610297993549        0.95195816828820       -0.04583436840575
C            0.01338908177148        1.05541857353869        1.19265089792944
H           -1.48470198872296       -2.25145552674455        0.17995576837424
H           -2.53405464711909        0.02167498723300       -0.33032118155489
H            0.74377141055714       -2.53575048375164       -0.60146662163003
H            2.43562400968987       -0.34824996889174       -0.43794989649090
H           -1.05692700257759        2.03490597244573       -0.27425017549777
H            1.48868610184769        1.78707621647537       -0.63369208294772
H           -0.31196951988434        1.96507960018594        1.69095167885821
H            0.05215982733792        0.18185890808530        1.84445731692924
15
 energy: -18.987494824759 gnorm: 0.089791475554 xtb: 6.7.1 (unknown)
C           -0.88763904719371       -1.36122123335200       -0.10976945732044
C           -1.48257028212218       -0.16606054797085       -0.26849786174343
C            0.56833621728205       -1.45044736730891       -0.25220364368955
C            1.37510209955417       -0.37791293337988       -0.24367170114427
C           -0.69242917099900        1.03248866785745       -0.09399663265716
C            0.82948999160616        0.96196050910581       -0.02996285438623
C            0.01805852651880        1.09957588455174        1.23315494384396
H           -1.44703107498195       -2.29151820946349       -0.05989070817868
H           -2.54549792536381       -0.01087284747828       -0.34166652213749
H            0.82980059536923       -2.52441710823348       -0.51913852041903
H            2.40580939815716       -0.48419773637160       -0.69074149123079
H           -1.08956852696289        2.02027129912771       -0.33629055214293
H            1.39923322007395        1.77482934745344       -0.58274979054476
H           -0.16433855933185        2.07015034639621        1.74393013899722
H            0.03973808656248        0.23246868950352        1.86931913882977
15
 energy: -18.994278930509 gnorm: 0.117037029882 xtb: 6.7.1 (unknown)
C           -0.86322482565777       -1.36733658876088       -0.16964206891419
C           -1.49576385089156       -0.16375467393700       -0.21155552058315
C            0.55707089942951       -1.48670861753866       -0.26911419126806
C            1.35704032565954       -0.40843695671288       -0.31355382621434
C           -0.72316755908725        1.05185472990454       -0.02682629268727
C            0.78017619160621        0.93191269724217       -0.06343897334557
C            0.08229918014874        1.18141251527641        1.27167270646790
H           -1.39903980747766       -2.31159204268639       -0.22707860526768
H           -2.57089305658996       -0.09359390290558       -0.34947576079794
H            0.83904268983380       -2.50896566703267       -0.56397581472493
H            2.34177628113669       -0.50545896245311       -0.47541602005609
H           -1.18176932107865        1.99657971420311       -0.40716919093671
H            1.29598260420394        1.69548181753091       -0.58958184171515
H            0.06029816679232        2.18672249131505        1.80311769138327
H            0.07667683100608        0.32702818502708        1.90988116843846
15
 energy: -19.002338968107 gnorm: 0.074174753283 xtb: 6.7.1 (unknown)
C           -0.88763335688973       -1.38344205193473       -0.19648095441862
C           -1.51521967580227       -0.18348027741709       -0.20437390313737
C            0.52746515433594       -1.48714326210154       -0.29637039772393
C            1.31598645113837       -0.40786642500158       -0.38518806996224
C           -0.74065966986478        1.03406176052614       -0.01961661363296
C            0.79801621269402        0.92003811603674       -0.04038560818266
C            0.09642636801552        1.19776291356943        1.25931716522560
H           -1.44946166424536       -2.26687471781947       -0.21293394012032
H           -2.59084155581910       -0.12966782558369       -0.35068398694968
H            0.89375056729938       -2.53428294808589       -0.48565960286652
H            2.38763163893528       -0.52130354764241       -0.57332319596793
H           -1.20964006443830        1.95248281571322       -0.42045755807917
H            1.38146865213670        1.79454596341988       -0.45157423622403
H            0.08360054543815        2.17434036410930        1.76058285027872
H            0.06561237856187        0.36595599657239        1.93498045426953
15
 energy: -18.998126626381 gnorm: 0.093968160540 xtb: 6.7.1 (unknown)
C           -0.90302849678256       -1.37672606618246       -0.12982277452826
C           -1.50821405345573       -0.18747196990057       -0.18008391599527
C            0.52875068832023       -1.47981482967050       -0.23366189653476
C            1.31268616608487       -0.39587749315138       -0.31111996366846
C           -0.72906316501015        1.03182358528680       -0.01913484953463
C            0.83304140955550        0.94251986621673       -0.04101423995040
C            0.11790819592791        1.19417189989630        1.23967969012561
H           -1.53934437278882       -2.35088702616952       -0.36657917589905
H           -2.57168413914872       -0.11284087932509       -0.31961526848912
H            0.88804406396326       -2.49941465728225       -0.43799338536379
H            2.39294246523300       -0.43536288486916       -0.63729998255781
H           -1.17332858649033        1.93343483765233       -0.38293576906110
H            1.36118489246977        1.74227328622881       -0.51272347198333
H            0.08459576510372        2.14406806567319        1.70335960216447
H            0.06202017007637        0.37522629814166        1.94678076717412
15
 energy: -19.002691489873 gnorm: 0.075122245391 xtb: 6.7.1 (unknown)
C           -0.91033454039454       -1.38295190255868       -0.22175725181350
C           -1.50850289373433       -0.17939376686828       -0.23398330240085
C            0.54428034136943       -1.48837585503543       -0.25494133822686
C            1.33995032573991       -0.40342215789300       -0.26571782183592
C           -0.73572041439896        1.03765973919884       -0.02827186396614
C            0.80832955541015        0.93347065133975       -0.04728443449057
C            0.09254013454847        1.15293780379061        1.22915588051298
H           -1.47019964132865       -2.25559455715858       -0.17344677283234
H           -2.56665803669558       -0.08454130397852       -0.33327054569167
H            0.89534337531417       -2.47369431381524       -0.51614543008332
H            2.38038959788250       -0.43228000336379       -0.57379480042348
H           -1.16961666569903        1.93755245094777       -0.34743439929710
H            1.32484989499130        1.71386931102900       -0.53606746470441
H            0.10402900773432        2.12845869500327        1.69482211155324
H            0.02782310931459        0.32143291768604        1.92597362415613
15
 energy: -19.001854986995 gnorm: 0.074178931833 xtb: 6.7.1 (unknown)
C           -0.88077590062952       -1.37964299379666       -0.20007888813474
C           -1.51250881680337       -0.18371070582017       -0.18648686601139
C            0.53486107387017       -1.49866310423600       -0.32630359213890
C            1.34142390762200       -0.42617324518496       -0.35721121000071
C           -0.76710554552383        1.04441294135954        0.00597424660416
C            0.75879537296356        0.90554081621154       -0.06216729463519
C            0.06856422250015        1.19541713612418        1.25740793321219
H           -1.42416562638363       -2.32459486101998       -0.21229488366539
H           -2.58683927705838       -0.11625406486361       -0.34035807234816
H            0.90728633978109       -2.49966583872987       -0.53316623720546
H            2.37918707478141       -0.56840588713145       -0.54099976149720
H           -1.22453694041757        1.97071884533274       -0.42144736571337
H            1.36996227664637        1.80275891448562       -0.44272672769356
H            0.15433892191234        2.22229246602394        1.71638196590310
H            0.03801580276752        0.38110466128085        1.96130875739514
15
 energy: -19.008111745424 gnorm: 0.038669855663 xtb: 6.7.1 (unknown)
C           -0.89486185116969       -1.38271333939240       -0.20100653080914
C           -1.50124077215311       -0.18251586347621       -0.19646122321298
C            0.52562077757738       -1.48245558886607       -0.30319621242654
C            1.31461626823968       -0.39838549609825       -0.34473135403966
C           -0.73742644971484        1.03987865328318        0.00286477610346
C            0.79724765438816        0.92731841480490       -0.03099681824899
C            0.08962583968308        1.18716237164843        1.25730943329459
H           -1.48255058451908       -2.29455188224222       -0.25045261431123
H           -2.56975504550938       -0.10045476277839       -0.33835892132807
H            0.94542070138383       -2.50363109286825       -0.46873569946290
H            2.36470772683814       -0.50208971544036       -0.58850923036381
H           -1.19590490650121        1.95275030525465       -0.40271153342592
H            1.33552635193578        1.73292796043251       -0.48584933889261
H            0.11535303199831        2.15846841349052        1.70797438729804
H            0.05012705267845        0.37341857432884        1.96069435567640
15
 energy: -19.006653744660 gnorm: 0.048437758382 xtb: 6.7.1 (unknown)
C           -0.89908100011536       -1.39081797451481       -0.18964703480161
C           -1.50214832322673       -0.19583841680750       -0.20111709055923
C            0.54337630511050       -1.51324954331314       -0.24344978397545
C            1.32055583308918       -0.41968262854760       -0.29152836793274
C           -0.74330533449538        1.03253327213419       -0.01258086127017
C            0.80319870096142        0.91890413368973       -0.05855350627359
C            0.09553974600806        1.17700733600255        1.23123311657763
H           -1.50574970456282       -2.28813211327164       -0.27233864967585
H           -2.56774124770608       -0.11048843159378       -0.32123825143778
H            0.88904344660373       -2.46941296867830       -0.49663460542152
H            2.36691835675928       -0.42860190439728       -0.59597664960875
H           -1.19242517980608        1.92721133898959       -0.36652605122155
H            1.36110418021824        1.75933472706230       -0.48569150154573
H            0.14479624094698        2.15565483077689        1.67131916038635
H            0.04242461188732        0.37070669045429        1.95056426472387
15
 energy: -19.009729723622 gnorm: 0.017195936637 xtb: 6.7.1 (unknown)
C           -0.89915433413103       -1.38647176650307       -0.20404581730186
C           -1.50937590072766       -0.18755011146481       -0.19255119085659
C            0.53073747512917       -1.49630786918915       -0.28567396782582
C            1.32191178210785       -0.41098878849179       -0.32099547907242
C           -0.75297527647333        1.04061492401459        0.00172721910768
C            0.78704160958959        0.91999381166428       -0.05357683396721
C            0.08622430244049        1.18354916839205        1.24409307298229
H           -1.47913294136211       -2.29673312003901       -0.27722431940268
H           -2.57702509361412       -0.10576145675846       -0.32704888945443
H            0.93790485485290       -2.49085476037044       -0.47495889861509
H            2.36854458315481       -0.48546947243819       -0.57591640823270
H           -1.20447812489176        1.94301828703763       -0.37628188923204
H            1.34328523203155        1.74414829446721       -0.48552181166125
H            0.16512341596265        2.17972571868210        1.68710436831809
H            0.03787597337055        0.37421809233368        1.95870667900454
15
 energy: -19.009665360214 gnorm: 0.016083281035 xtb: 6.7.1 (unknown)
C           -0.89448561555554       -1.38803934121197       -0.19862857898580
C           -1.50166600831328       -0.18934837283811       -0.18632665759393
C            0.52970140224009       -1.49873537764120       -0.28742452832150
C            1.31513450467759       -0.41013159348720       -0.33004619472983
C           -0.74605892499337        1.03886691376692        0.00895677527115
C            0.78647044936731        0.92016422265180       -0.04685129338610
C            0.08789979724264        1.19049606416350        1.25245496668824
H           -1.47470081480202       -2.29270689423207       -0.27925298688180
H           -2.56956247953479       -0.10559130335054       -0.33041403370062
H            0.93001560451999       -2.48441200337179       -0.47920657321651
H            2.36089298654455       -0.49778920636699       -0.58544607987492
H           -1.20490693042080        1.94575095397196       -0.39888142421735
H            1.34423820364502        1.74621494523962       -0.47412933219237
H            0.14224822583438        2.16452022346532        1.68582581643414
H            0.05128632992464        0.38586997371093        1.96720379802743
15
 energy: -19.010030860017 gnorm: 0.005844063774 xtb: 6.7.1 (unknown)
C           -0.89915056987003       -1.38843916086812       -0.20357516360267
C           -1.50571100746963       -0.18953743761230       -0.18951019475237
C            0.52935258078593       -1.49941704851219       -0.28227990591854
C            1.31445096136352       -0.41064282051299       -0.32642403969495
C           -0.75069169402524        1.03959446342192        0.00744427567820
C            0.78631173237911        0.91909029373441       -0.05028672700354
C            0.08698739090187        1.18586812146246        1.24716081756597
H           -1.48140323197155       -2.29537711769341       -0.29210534180676
H           -2.57331513259709       -0.10465254228860       -0.32827854510114
H            0.93929844195749       -2.48750099158580       -0.46233903792853
H            2.36093640967783       -0.48456132095330       -0.58609834421535
H           -1.20650673363780        1.94224100754633       -0.38462481737151
H            1.34318568401359        1.74527581252547       -0.47678201389761
H            0.16568917946277        2.17213693866225        1.68127194537050
H            0.04707404743620        0.38105126958776        1.96426233971886
15
 energy: -19.010081188618 gnorm: 0.004517118015 xtb: 6.7.1 (unknown)
C           -0.89992876618985       -1.38827549761367       -0.20535963975610
C           -1.50687793222026       -0.18954801516403       -0.18848302695438
C            0.52873905118412       -1.49935472579137       -0.28303078622232
C            1.31526241635587       -0.41086868465230       -0.32525389396242
C           -0.75377111340678        1.04080798397026        0.00966233613733
C            0.78381569720632        0.91941302072750       -0.05552197107457
C            0.08677825487739        1.18531155612124        1.24601383062864
H           -1.48090293672655       -2.29476972748465       -0.29853730018517
H           -2.57451457965378       -0.10380918927658       -0.32931460423209
H            0.94273509652385       -2.48535346544518       -0.45596937389571
H            2.36246973062171       -0.48749212818571       -0.58015710462182
H           -1.20932610904627        1.94196114631741       -0.37702914129861
H            1.34054753304803        1.74509227450224       -0.48138955264050
H            0.17349616166450        2.17135233165780        1.67792839145573
H            0.04798610696027        0.38066357663439        1.96427828574998
15
 energy: -19.010117470661 gnorm: 0.002995929010 xtb: 6.7.1 (unknown)
C           -0.90180371658628       -1.38992185484138       -0.20925053994698
C           -1.50750749645070       -0.19085409589310       -0.18810360170693
C            0.52726215358389       -1.50055023957425       -0.28194528237414
C            1.31127585488364       -0.41015239207897       -0.32619773523514
C           -0.75556272052573        1.04031034915738        0.01313940847307
C            0.78164500913772        0.91952424362966       -0.05744464455393
C            0.08650317631400        1.18354591309462        1.24571152781408
H           -1.48278466130781       -2.29460289425858       -0.30963296848037
H           -2.57487161597759       -0.10221369250009       -0.33068090259604
H            0.94781075027550       -2.48337200580191       -0.44197185452582
H            2.35920699439317       -0.48492796911501       -0.57762062310322
H           -1.21330102886026        1.94201765210667       -0.37500169252426
H            1.33786368655515        1.74615295366088       -0.48196780678037
H            0.18833170598700        2.17069799683663        1.67385732525032
H            0.05244142142515        0.37947707578677        1.96494704644652
15
 energy: -19.010125465498 gnorm: 0.001975004740 xtb: 6.7.1 (unknown)
C           -0.90189177299308       -1.38900743229083       -0.21074633707074
C           -1.50769978018891       -0.18995627122505       -0.18920365795731
C            0.52705035161583       -1.50062526374317       -0.28173285542434
C            1.31099390386349       -0.41025571064915       -0.32743786469551
C           -0.75578541207042        1.04118278934073        0.01327591054725
C            0.78078811721688        0.91933206938939       -0.05900145173432
C            0.08681201369471        1.18375723911205        1.24548385821667
H           -1.48272484674993       -2.29439029497573       -0.31185443671576
H           -2.57508556518423       -0.10086995683422       -0.33091091793082
H            0.94927715775129       -2.48411155384528       -0.43580609350320
H            2.35911622183348       -0.48628295532021       -0.57605604583409
H           -1.21481430765848        1.94323168962826       -0.37141012077504
H            1.33742302469720        1.74657806770928       -0.48385196706259
H            0.18713980861131        2.16766481476867        1.67382649106816
H            0.05591077844864        0.37888386221896        1.96326373956683
15
 energy: -19.010128944836 gnorm: 0.001438907053 xtb: 6.7.1 (unknown)
C           -0.90118777746627       -1.38866506009362       -0.21035989899486
C           -1.50781052827951       -0.19013837250485       -0.18953356248665
C            0.52713042764114       -1.49989904188183       -0.28229056191981
C            1.31113495043549       -0.40953481998970       -0.32712936596312
C           -0.75553503678354        1.04067589145598        0.01324773208665
C            0.78046235775712        0.92017808707922       -0.05918548553013
C            0.08728553300749        1.18370055078765        1.24606558799714
H           -1.48229473843986       -2.29387860261001       -0.31038996073950
H           -2.57534940690287       -0.10202431432460       -0.33381765407443
H            0.94704255181964       -2.48256919313004       -0.43612840656635
H            2.36067403261918       -0.48752753596797       -0.57332810938385
H           -1.21505873293774        1.94457054163148       -0.37049453044278
H            1.33596367232300        1.74558702954223       -0.48718910133320
H            0.18675680494092        2.16726238996154        1.67581954027461
H            0.05729558671176        0.37739386819178        1.96255236768253
15
 energy: -19.010131375954 gnorm: 0.000915628297 xtb: 6.7.1 (unknown)
C           -0.90203539820201       -1.38888729226622       -0.21200344910001
C           -1.50867851981732       -0.18997336419435       -0.19034107495267
C            0.52670368762102       -1.49999503194414       -0.28183196181168
C            1.31084009075556       -0.40968494403524       -0.32619392768243
C           -0.75545604609984        1.04019061637186        0.01289390768670
C            0.78030535236584        0.92074368160126       -0.06008591294238
C            0.08832587042961        1.18298542791615        1.24569731704341
H           -1.48324700011233       -2.29388640952535       -0.31085449149669
H           -2.57587769974313       -0.10164809466853       -0.33390487062876
H            0.94793316953402       -2.48368670351995       -0.43313337102307
H            2.35988292968014       -0.48559708926017       -0.57249750837703
H           -1.21436060222442        1.94521186829185       -0.36953341006691
H            1.33606098483359        1.74692557707017       -0.48863093554395
H            0.18747930388408        2.16641147163829        1.67658860613198
H            0.05863369360004        0.37602180274008        1.96167001520445
15
 energy: -19.010131375954 gnorm: 0.000915628297 xtb: 6.7.1 (unknown)
C           -0.90203539820201       -1.38888729226622       -0.21200344910001
C           -1.50867851981732       -0.18997336419435       -0.19034107495267
C            0.52670368762102       -1.49999503194414       -0.28183196181168
C            1.31084009075556       -0.40968494403524       -0.32619392768243
C           -0.75545604609984        1.04019061637186        0.01289390768670
C            0.78030535236584        0.92074368160126       -0.06008591294238
C            0.08832587042961        1.18298542791615        1.24569731704341
H           -1.48324700011233       -2.29388640952535       -0.31085449149669
H           -2.57587769974313       -0.10164809466853       -0.33390487062876
H            0.94793316953402       -2.48368670351995       -0.43313337102307
H            2.35988292968014       -0.48559708926017       -0.57249750837703
H           -1.21436060222442        1.94521186829185       -0.36953341006691
H            1.33606098483359        1.74692557707017       -0.48863093554395
H            0.18747930388408        2.16641147163829        1.67658860613198
H            0.05863369360004        0.37602180274008        1.96167001520445
