Loading initial structure from: input.xyz
Loading initial structure from: /Users/ujjawalm/hilbert/example/md_run/input.xyz
Starting unbiased Molecular Dynamics simulation...
Unbiased MD complete. Frames collected: 5
Starting MetaDynamics (MTD) simulation...
MetaDynamics complete. Frames collected: 5
Optimizing 5 sampled trajectory frames...
Frame optimization finished. Relaxed conformers: 5
Combined trajectory saved to: ethanol_md_trajectory.trj
Optimized conformer ensemble saved to: ethanol_md_opt_ensemble.xyz
Total trajectory frames generated: 10
Total relaxed conformers: 5
Detailed run log saved to: ethanol_md.log
Loading initial structure from: /Users/ujjawalm/hilbert/example/md_run/input.xyz
Starting unbiased Molecular Dynamics simulation...
Unbiased MD complete. Frames collected: 1
Starting MetaDynamics (MTD) simulation...
MetaDynamics complete. Frames collected: 1
Optimizing 1 sampled trajectory frames...
Frame optimization finished. Relaxed conformers: 1
Frames saved to: ethanol_md_frames.trj
Total output frames: 1
Detailed run log saved to: ethanol_md.log
