15
 energy: -18.754827583672 gnorm: 0.343211736175 xtb: 6.7.1 (unknown)
C           -0.71625751823724       -1.36230500122757       -0.69991090991549
C           -0.65503944420443       -1.75931814785263        0.66913904142105
C           -0.37544571591656        0.09941263809614       -0.73207668161749
C            0.83024173023865       -0.75865497409466        1.11560923788362
C           -0.56951403292663        1.35615153389068       -1.02368083052688
C            0.79569110897495        0.36852242174131        0.30652075406657
C            0.55970980155948        1.80061834049887        0.18964524771326
H           -1.44628848684083       -1.40982636836949       -1.44949282829855
H           -0.66803368988840       -2.62916089786840        1.51234669036807
H            1.44165211511852       -1.53255281220559        0.90686317631920
H            0.73710608682227       -0.94058402794709        2.26227350402756
H           -0.94649443599741        2.19932742101087       -1.74625457003359
H            1.84980137884832        0.42049971542312       -0.32737322830629
H            1.01357763159727        2.36741014992351       -0.46488356379926
H            0.24113275838494        2.24994984260345        1.19942202877745
15
 energy: -18.877416421417 gnorm: 0.189069246386 xtb: 6.7.1 (unknown)
C           -0.77650766699141       -1.31064749067398       -0.64948981448409
C           -0.54032559222216       -1.73584819629873        0.64192623946047
C           -0.31106141051772        0.09632226306819       -0.74408616537550
C            0.77983656386363       -0.80779158089804        1.14794813899501
C           -0.56324081903413        1.38866125025160       -0.97933883000339
C            0.82240173386218        0.34490453038115        0.27310507420426
C            0.48464214599448        1.81771626392837        0.17943087855090
H           -1.48930447948925       -1.47693256712432       -1.43359727126745
H           -0.69920986446163       -2.59007652100381        1.41013087867599
H            1.48395234539138       -1.56331026231331        0.91376036698639
H            0.73629083435922       -0.87798725394865        2.26942037172727
H           -0.95902383345845        2.14619272639910       -1.71002912810362
H            1.82992454541309        0.36136654333543       -0.31945333223225
H            1.08608706425707        2.41681734511907       -0.44351257616932
H            0.20737688949736        2.26010438710864        1.16193278066983
15
 energy: -18.942746433296 gnorm: 0.077688214482 xtb: 6.7.1 (unknown)
C           -0.84059866324172       -1.24788461856718       -0.60598098530161
C           -0.49316881283206       -1.61690666502113        0.62862747069056
C           -0.23607879347208        0.08408986226486       -0.79690349792405
C            0.69445576003847       -0.87936114417977        1.13793520529870
C           -0.54846397773534        1.40797292248862       -0.91342324017768
C            0.86500721490581        0.29033976252382        0.19373049267908
C            0.46374203070897        1.79820268988399        0.12944981272149
H           -1.54942787485334       -1.55952977529737       -1.38408131122860
H           -0.60608110501752       -2.49128929345086        1.25059834003007
H            1.57533269932486       -1.55455775262504        0.98277906847673
H            0.62530198289410       -0.77918171330413        2.23350066329948
H           -1.09199455797178        2.09042443583416       -1.56141937288768
H            1.86315689088984        0.27831597287901       -0.26197347001325
H            1.27132934569015        2.42661802078466       -0.36643312002477
H            0.09930935360951        2.22224913380015        1.05173546533815
15
 energy: -18.947119830954 gnorm: 0.121414212153 xtb: 6.7.1 (unknown)
C           -0.84525694839835       -1.22484369532443       -0.62952067159556
C           -0.30841268137619       -1.71478521068156        0.54305386058676
C           -0.24485922300565        0.08859451978176       -0.75827034568178
C            0.72097642813522       -0.84074290855251        1.17255958780353
C           -0.54040715946568        1.40361543163735       -0.87917635846574
C            0.91411643753561        0.29623231266972        0.16242898323692
C            0.50564764638411        1.81020908729375        0.09648271489507
H           -1.64720742406433       -1.55466396908250       -1.29544184620795
H           -0.86550130438344       -2.63135992205670        1.07815106350154
H            1.66201914761974       -1.48529623280648        1.09787349586323
H            0.61030269515560       -0.62501313880191        2.26439809009654
H           -1.19852653068714        2.02990045768131       -1.49827604052755
H            1.89908541234894        0.23225831649584       -0.27685562216925
H            1.33540433874711        2.44565735207065       -0.35553519995997
H            0.09444530057845        2.23975517835232        0.99627007079443
15
 energy: -18.962676035387 gnorm: 0.055924236672 xtb: 6.7.1 (unknown)
C           -0.86834082190502       -1.20041694591226       -0.62538119305322
C           -0.41458954242028       -1.71082386762881        0.52461922885756
C           -0.25720539661094        0.09841924849035       -0.75373279552965
C            0.69299878191910       -0.82673898874236        1.19645837614970
C           -0.52520104393655        1.40357812611364       -0.88283029838183
C            0.92748796565435        0.29361247321788        0.15368397430046
C            0.54133652428369        1.81641488660489        0.10377843684814
H           -1.64804874839498       -1.56079513454273       -1.28802515899189
H           -0.63028328889558       -2.65267642768096        0.98077447261331
H            1.59676093666169       -1.49601803081432        1.17045117937408
H            0.52337690640057       -0.54619315194305        2.27330195126027
H           -1.21902471960728        1.99562164730539       -1.48795882857289
H            1.89881049487564        0.14295962100471       -0.32355527806884
H            1.32887878412548        2.46696423673084       -0.33712229643500
H            0.14482941418439        2.24559846085398        1.01368583749131
15
 energy: -18.964320421176 gnorm: 0.057999288003 xtb: 6.7.1 (unknown)
C           -0.84033962003978       -1.19023128337327       -0.58123018985116
C           -0.40139190609920       -1.65047040202300        0.57602928553024
C           -0.24411649016160        0.10534636718571       -0.79329522492118
C            0.73279117219411       -0.83841205975667        1.15550067770060
C           -0.55901026709584        1.41340600427658       -0.87226995349399
C            0.93144408511390        0.28941531225786        0.12696742667584
C            0.53047431685472        1.81252142035895        0.11119195412717
H           -1.59159930064438       -1.62912679344307       -1.25114743690179
H           -0.67566017110669       -2.58961494777645        1.02249757073458
H            1.62323933448423       -1.50095026246709        1.15506211654758
H            0.42289417719426       -0.60905187623613        2.17543592224961
H           -1.17752391772618        2.00087560081664       -1.48120296080845
H            1.89243529833033        0.15581532583347       -0.36250170732725
H            1.28631791939629        2.48869641139954       -0.31016337134921
H            0.16184802089552        2.21129345666318        1.04726636556624
15
 energy: -18.968484564082 gnorm: 0.038469646316 xtb: 6.7.1 (unknown)
C           -0.85652444836059       -1.18802715274340       -0.61470724917876
C           -0.36216245457583       -1.66911201540193        0.53648495344672
C           -0.23885765683557        0.10291066308801       -0.82181589085075
C            0.72027890450745       -0.83706562135682        1.16990674601977
C           -0.51089921196340        1.41333508739264       -0.90855321350386
C            0.92228160119452        0.27158693959588        0.11939851515688
C            0.54903097833513        1.79627336434391        0.10224023166625
H           -1.63543499234505       -1.60697396064689       -1.24029501868823
H           -0.66420767269430       -2.58286972095999        1.00030019035811
H            1.63471011161142       -1.47850835029255        1.23063661598069
H            0.42058940742883       -0.54703708459438        2.18304536408215
H           -1.27307852186968        2.00573423863093       -1.44130289826704
H            1.89672939600227        0.13381975036964       -0.35213403205811
H            1.32992227272011        2.47457323961145       -0.28691474944086
H            0.15941781770749        2.18087772530734        1.04184955989808
15
 energy: -18.966516676034 gnorm: 0.060630966491 xtb: 6.7.1 (unknown)
C           -0.86299589345424       -1.19330359636730       -0.64644082548448
C           -0.33528351583182       -1.72312796558705        0.48269022605904
C           -0.29854398990231        0.10878145517449       -0.78258193050630
C            0.69476622121025       -0.82546849262046        1.18272339677560
C           -0.56219728510935        1.42279323323419       -0.85977456218166
C            0.91044763733543        0.26193528860712        0.10695877434451
C            0.55398076564533        1.78541318488909        0.09149944409259
H           -1.66087492184306       -1.59652255304284       -1.23309764719306
H           -0.65108774317445       -2.63302411680646        0.94532736697878
H            1.63010359438823       -1.44034360709476        1.30548857767592
H            0.46981318738193       -0.43390231146708        2.19837380514420
H           -1.18540569810864        2.00773974110975       -1.44415839216196
H            1.87634157607890        0.10716590892592       -0.38122736835932
H            1.34471693215768        2.45622952088592       -0.28112475519526
H            0.16800318121526        2.16514157910166        1.03349146179522
15
 energy: -18.971030470376 gnorm: 0.024812328957 xtb: 6.7.1 (unknown)
C           -0.84317386972684       -1.19397144599180       -0.61710099603919
C           -0.36323484988284       -1.69449278712903        0.51673118191305
C           -0.26734208982385        0.10762171343125       -0.78756503451034
C            0.71113744089242       -0.82239317811838        1.16306167913546
C           -0.52602233754500        1.41959783872777       -0.87646403802302
C            0.93811021921056        0.27223494359361        0.10102397717660
C            0.56426940115553        1.79331953701167        0.09583275324846
H           -1.61474707595059       -1.62497846882519       -1.22658044270593
H           -0.69181092540218       -2.62896646690000        0.96262329813922
H            1.61256246592094       -1.44859467626349        1.28048555220880
H            0.42816182178238       -0.46058307089148        2.15947836079947
H           -1.25781588254459        2.00349503036425       -1.42061654507713
H            1.89288955188951        0.11299183764071       -0.40343644873280
H            1.34464956115877        2.47395784851162       -0.26905198184323
H            0.16416022274883        2.16027887011834        1.03971791727106
15
 energy: -18.971174573103 gnorm: 0.035261175709 xtb: 6.7.1 (unknown)
C           -0.87629181323102       -1.19172260232439       -0.61381639240282
C           -0.34086142317745       -1.68939093187331        0.52618919480401
C           -0.25473512172039        0.10396482792343       -0.82701082549396
C            0.72171498123137       -0.82166418056357        1.14971762389116
C           -0.51316417083760        1.42042037953845       -0.89497490269497
C            0.93335338060548        0.26539218215888        0.08703859318148
C            0.56206491822841        1.78535109026439        0.10132021737306
H           -1.65746436442908       -1.64083756086610       -1.20821717839062
H           -0.62995648389635       -2.60576536032899        0.98505290977232
H            1.62953586691518       -1.43279632873421        1.30121594049162
H            0.35022398711634       -0.47041021818652        2.12132328342203
H           -1.23456472361840        2.01937047759869       -1.41808644937951
H            1.89532073166105        0.11994784477391       -0.40422168063120
H            1.34022010794880        2.47554305383969       -0.24393187702576
H            0.16639019438994        2.13211002846746        1.05654290973614
15
 energy: -18.972529284823 gnorm: 0.011526287391 xtb: 6.7.1 (unknown)
C           -0.85498883217333       -1.19670240028272       -0.62662563844652
C           -0.34388015353345       -1.68927444624929        0.50814108750521
C           -0.26864541633912        0.10545098029818       -0.81464316760340
C            0.71437983651857       -0.81814623461251        1.15495278584082
C           -0.52765960867877        1.42286931158075       -0.88008658560817
C            0.93343618453893        0.25925057641283        0.08250683027251
C            0.57110503747436        1.77879648842233        0.09508847328897
H           -1.63189129935881       -1.64418330421710       -1.21863424306431
H           -0.65092220624394       -2.60602590834769        0.97192473973237
H            1.62516317583570       -1.41794612458110        1.33278434998849
H            0.36176491819365       -0.43681482854098        2.11931046985610
H           -1.26030352433295        2.02216230793362       -1.39351133704220
H            1.88940562504495        0.10173715757837       -0.41993621459954
H            1.35068586779954        2.46459490443088       -0.24516887976877
H            0.18413812128840        2.12374942564849        1.05203574007714
15
 energy: -18.972920331823 gnorm: 0.010174292580 xtb: 6.7.1 (unknown)
C           -0.85756055914795       -1.19622812628941       -0.62244785564083
C           -0.33940034001731       -1.70413045473962        0.50440182231408
C           -0.27900066154340        0.10931652077016       -0.80314392487769
C            0.70342241598946       -0.80723867918160        1.15240758583994
C           -0.52404661418124        1.42568315488524       -0.87561363049991
C            0.93859976292591        0.26003405558437        0.07342660036124
C            0.57962901791536        1.77782949321876        0.09111198454741
H           -1.63164566201232       -1.64738669528235       -1.21102267857435
H           -0.63278201176659       -2.64097302034026        0.95583807940855
H            1.60488807852888       -1.39593385438395        1.35848012072905
H            0.34666151691636       -0.40157451254077        2.10229488948617
H           -1.25809062160217        2.02507211227323       -1.38141543386020
H            1.88875732125254        0.08815490905620       -0.43800251220324
H            1.36510080973122        2.46133721245146       -0.23746017405143
H            0.18724847030756        2.11555418506181        1.04928489199452
15
 energy: -18.973273936870 gnorm: 0.010275987723 xtb: 6.7.1 (unknown)
C           -0.85691346182078       -1.20134498229258       -0.62869735060395
C           -0.33112964155597       -1.70397169883308        0.49402306107430
C           -0.28389567064067        0.10770098448461       -0.80750158725002
C            0.70176493326275       -0.80083157494810        1.14821950842937
C           -0.52869723849824        1.42683341258463       -0.86723216543613
C            0.94242557218035        0.25142237970261        0.05891439956135
C            0.59037114262615        1.76865304360016        0.08778188546666
H           -1.63183722102668       -1.65655303105953       -1.21136956398964
H           -0.61433914682149       -2.64148458674121        0.94976647683519
H            1.60727864372385       -1.36809819396807        1.40276529823650
H            0.30147984091995       -0.36833224851434        2.07635597919332
H           -1.27166625407631        2.03512469734456       -1.35078508932344
H            1.88711235256928        0.07280146805789       -0.45697363860264
H            1.37421056825319        2.45179376768898       -0.22990729611673
H            0.20561175094039        2.09580513756529        1.05277839597789
15
 energy: -18.973368742603 gnorm: 0.011098997748 xtb: 6.7.1 (unknown)
C           -0.85704786291669       -1.20733712391921       -0.63250931411402
C           -0.32258283243893       -1.70259888324137        0.48850616673160
C           -0.28782348261177        0.10629069764526       -0.81157576840206
C            0.69709147088116       -0.79395009931048        1.14699454295004
C           -0.53250676513920        1.42682130102060       -0.86285188532907
C            0.93819799952632        0.24642436072708        0.05338515555298
C            0.59452923267339        1.76313321324850        0.08695725735444
H           -1.63068037790547       -1.66417267876881       -1.21765092916420
H           -0.58904505615917       -2.63339471136283        0.95598063180056
H            1.59570002159225       -1.34059717863530        1.42821728401610
H            0.27598368966737       -0.36360506564128        2.04810579812647
H           -1.27332412299813        2.04364984687288       -1.33295151236237
H            1.88016242014129        0.06149263079788       -0.46300340707243
H            1.38132682970616        2.44127912482191       -0.22678359156452
H            0.22179115679782        2.08608381058801        1.05731726641493
15
 energy: -18.973533878084 gnorm: 0.007081324830 xtb: 6.7.1 (unknown)
C           -0.85999012465003       -1.20567403904064       -0.62883685791505
C           -0.31866447170227       -1.71068511819984        0.48821948086228
C           -0.28973638377406        0.10832185306482       -0.80907291173543
C            0.69383880464742       -0.79194022905841        1.14613144214924
C           -0.53404719147639        1.42839187415183       -0.85883444015686
C            0.94096056554687        0.24567441931174        0.04978551482749
C            0.59900196848340        1.76353274346873        0.08441674250679
H           -1.63271424024114       -1.66237231749245       -1.21826272558718
H           -0.57728462812071       -2.65084082281718        0.94651358247681
H            1.59789243047154       -1.33183782954958        1.44286975740090
H            0.25092035850899       -0.35225305734585        2.04380793254436
H           -1.27986985918604        2.04513952005892       -1.32517637894650
H            1.88279677969669        0.05560760440162       -0.46579651806213
H            1.38536945730742        2.43990302741448       -0.23425072211799
H            0.23329435589231        2.08855179919984        1.05662419165767
15
 energy: -18.973611276122 gnorm: 0.005857763168 xtb: 6.7.1 (unknown)
C           -0.85968525631636       -1.20670134517520       -0.62724996994531
C           -0.31748013019859       -1.71347542453009        0.48803929500715
C           -0.28931503555263        0.10788306802694       -0.80488331890471
C            0.69303968082772       -0.79239743640812        1.14802919589131
C           -0.53452039782864        1.42711466202198       -0.85454775931842
C            0.94224679952609        0.24635393958127        0.05210475634268
C            0.59975290484112        1.76561120340658        0.08415596205330
H           -1.63255503833908       -1.65669811986105       -1.22158992743465
H           -0.57503648192227       -2.65769248657277        0.94052778685142
H            1.59518785010904       -1.33186225428336        1.44315782579438
H            0.24721082240057       -0.35204734546934        2.04677109001287
H           -1.28087768830500        2.04231206429571       -1.32226514021513
H            1.88303235704502        0.05425122808403       -0.46395743795200
H            1.38456207157214        2.43975453513883       -0.24591043161051
H            0.23620389446059        2.09711317942858        1.05575644740889
15
 energy: -18.973727410905 gnorm: 0.004910812923 xtb: 6.7.1 (unknown)
C           -0.85861296142899       -1.20909420526089       -0.62500339595106
C           -0.31231174989871       -1.72326538432277        0.48387830083154
C           -0.29298950153287        0.10896493867759       -0.79587900212944
C            0.68553904987509       -0.79251095405862        1.15230266124549
C           -0.54019856499276        1.42652188004182       -0.84219341847207
C            0.94129476651659        0.24629949595619        0.05645156007367
C            0.60385692514022        1.76917622792791        0.08218332830741
H           -1.62847183140122       -1.64930216473097       -1.23496719009974
H           -0.56492413371179       -2.67480853273470        0.92500418128743
H            1.59273034420585       -1.31925994299858        1.46158394494433
H            0.22933447231487       -0.35107181772230        2.04404483821296
H           -1.29071334267270        2.03943605775435       -1.30781654262335
H            1.88130131574142        0.04600555592852       -0.45857189119289
H            1.38684768769848        2.43470054603298       -0.27843448747991
H            0.25907880187047        2.11772915568150        1.05555563389793
15
 energy: -18.973774595936 gnorm: 0.004869004225 xtb: 6.7.1 (unknown)
C           -0.85461259807730       -1.21137881719192       -0.62743996276839
C           -0.30471526922833       -1.72708758010436        0.47815074279238
C           -0.29633671790423        0.11006895559917       -0.79191194827186
C            0.68248855142821       -0.79129449128983        1.15578356639466
C           -0.54730135938795        1.42742818750923       -0.83143394326470
C            0.94080096025392        0.24443552753838        0.05768952448488
C            0.60855199003058        1.76862877546225        0.08053356967085
H           -1.62171959698656       -1.64932564269561       -1.24447265160578
H           -0.55230848324031       -2.67877141865960        0.91743763846651
H            1.58244560717851       -1.31203679482804        1.47837176220877
H            0.20824227911416       -0.34634709400384        2.03819516115670
H           -1.30135966256790        2.04096022684699       -1.29107081744489
H            1.87971229431739        0.03910825615346       -0.45764980819689
H            1.38859514274712        2.42790155253841       -0.29936420412876
H            0.27927430197038        2.12723300108088        1.05531920990498
15
 energy: -18.973805345577 gnorm: 0.003189042354 xtb: 6.7.1 (unknown)
C           -0.85455849038667       -1.21278181416582       -0.62942711648783
C           -0.30342869879266       -1.72726057894441        0.47542937100165
C           -0.29722082765750        0.10981353701045       -0.79179999054915
C            0.68027697570555       -0.79058999977611        1.15583180021317
C           -0.54836786883351        1.42742615426855       -0.82766960918472
C            0.93966959625525        0.24424695239433        0.05789667388747
C            0.60968990161404        1.76819744692532        0.08059415191232
H           -1.61958647727390       -1.65199995611106       -1.24607462893862
H           -0.54796562451210       -2.68050504498365        0.91369541800086
H            1.58095313691838       -1.30648927299186        1.48943905978703
H            0.20113105191624       -0.34483840351678        2.03193813173180
H           -1.30322842778570        2.04182065403362       -1.28249160165717
H            1.87761661381273        0.03735399920961       -0.45817155558604
H            1.38844127079950        2.42470531320866       -0.30681900549085
H            0.28833390080660        2.13042425856539        1.05576650338777
15
 energy: -18.973821105270 gnorm: 0.002110149130 xtb: 6.7.1 (unknown)
C           -0.85382094348642       -1.21249606672958       -0.63118260984948
C           -0.30266996312972       -1.72763806037427        0.47370761230775
C           -0.29860238758111        0.11092055688869       -0.79128240118963
C            0.67825333396117       -0.78993168289244        1.15515141275068
C           -0.54962700922719        1.42859754431599       -0.82505589503663
C            0.93972910476077        0.24484991146044        0.05746106222537
C            0.61138849227066        1.76818691280087        0.08038313170315
H           -1.61600563467588       -1.65822062796237       -1.24605587870314
H           -0.54536659930838       -2.68069458941623        0.91185393814974
H            1.57736958946845       -1.30539079420769        1.49520667674123
H            0.19555373257697       -0.34385143229234        2.02746740664390
H           -1.30712974403440        2.04282775003911       -1.27603884599289
H            1.87833429408171        0.03681503606780       -0.45758989076585
H            1.39007026141846        2.42298766776474       -0.31134930605457
H            0.29427873999803        2.13256187821852        1.05546074064803
15
 energy: -18.973827678876 gnorm: 0.001356099908 xtb: 6.7.1 (unknown)
C           -0.85298940834145       -1.21259644717005       -0.63278024053317
C           -0.30222760363273       -1.72771731309585        0.47255786821190
C           -0.29821187567378        0.11132930352788       -0.79201545581186
C            0.67705397322459       -0.78893064888972        1.15528724440820
C           -0.55097948663809        1.42896471077473       -0.82267362452512
C            0.93983197014875        0.24541716397365        0.05720011406585
C            0.61224419656908        1.76833464003558        0.08031601229452
H           -1.61350605518333       -1.66233657420795       -1.24550938739633
H           -0.54380590308152       -2.68250671722326        0.90917715564343
H            1.57422653301454       -1.30500994759082        1.49889589736101
H            0.19114296677155       -0.34151383498087        2.02584276142658
H           -1.30948977114516        2.04344536176125       -1.27064627275375
H            1.87830253720925        0.03621176250942       -0.45784657614708
H            1.39055031633508        2.42166364307543       -0.31578961300297
H            0.29961218542191        2.13476941280002        1.05612096777900
15
 energy: -18.973829380167 gnorm: 0.000962925092 xtb: 6.7.1 (unknown)
C           -0.85225974769961       -1.21259570476904       -0.63418458736715
C           -0.30272258631966       -1.72708521105259        0.47248392497971
C           -0.29806781675292        0.11168795536084       -0.79127439617414
C            0.67677386452518       -0.78902967902944        1.15487815946992
C           -0.55108995260982        1.42871647300750       -0.82138387710193
C            0.94100523465104        0.24563235603469        0.05702081786759
C            0.61211526005640        1.76846799446645        0.08083021483051
H           -1.61180654243225       -1.66403626072227       -1.24561785336224
H           -0.54547300587460       -2.68114230761238        0.90908524824097
H            1.57349925604340       -1.30666540814512        1.49720020466969
H            0.19070732658889       -0.34149536646166        2.02627419183151
H           -1.31071411674809        2.04260616810435       -1.26851712863456
H            1.88004887644907        0.03664412104255       -0.45652014139712
H            1.38943664437608        2.42135934080830       -0.31878148315482
H            0.30030222076760        2.13646043446412        1.05664326944366
15
 energy: -18.973829380167 gnorm: 0.000962925092 xtb: 6.7.1 (unknown)
C           -0.85225974769961       -1.21259570476904       -0.63418458736715
C           -0.30272258631966       -1.72708521105259        0.47248392497971
C           -0.29806781675292        0.11168795536084       -0.79127439617414
C            0.67677386452518       -0.78902967902944        1.15487815946992
C           -0.55108995260982        1.42871647300750       -0.82138387710193
C            0.94100523465104        0.24563235603469        0.05702081786759
C            0.61211526005640        1.76846799446645        0.08083021483051
H           -1.61180654243225       -1.66403626072227       -1.24561785336224
H           -0.54547300587460       -2.68114230761238        0.90908524824097
H            1.57349925604340       -1.30666540814512        1.49720020466969
H            0.19070732658889       -0.34149536646166        2.02627419183151
H           -1.31071411674809        2.04260616810435       -1.26851712863456
H            1.88004887644907        0.03664412104255       -0.45652014139712
H            1.38943664437608        2.42135934080830       -0.31878148315482
H            0.30030222076760        2.13646043446412        1.05664326944366
