Initializing NEB with engine: sevennet
Running IDPP interpolation (6 images)...
Optimizing Minimum Energy Path (NEB) using FIRE...
NEB complete. Rough Activation Energy: 1.0076 eV
Refining Saddle Point with sevennet...
Sella refinement complete. Final Ea: 1.0068 eV
Initializing NEB with engine: sevennet
Running IDPP interpolation (6 images)...
Optimizing Minimum Energy Path (NEB) using FIRE...
NEB complete. Rough Activation Energy: 6.4422 eV
Refining Saddle Point with sevennet...
Sella refinement complete. Final Ea: 6.4362 eV
Initializing NEB with engine: sevennet
Running IDPP interpolation (6 images)...
Optimizing Minimum Energy Path (NEB) using FIRE...
NEB complete. Rough Activation Energy: 1.5649 eV
Refining Saddle Point with sevennet...
Sella refinement complete. Final Ea: 1.5661 eV
Initializing NEB with engine: sevennet
Running IDPP interpolation (6 images)...
Optimizing Minimum Energy Path (NEB) using FIRE...
NEB complete. Rough Activation Energy: -0.0009 eV
Refining Saddle Point with sevennet...
Sella refinement complete. Final Ea: -0.0009 eV
