10
 energy: -11.557158467653 gnorm: 0.024960526078 xtb: 6.7.1 (unknown)
C           -0.75480000000000        0.77030000000000        0.00030000000000
C           -0.75350000000000       -0.77140000000000       -0.00030000000000
C            0.75360000000000        0.67280000000000       -0.00030000000000
C            0.75470000000000       -0.67160000000000        0.00030000000000
H           -1.20720000000000        1.22260000000000        0.88960000000000
H           -1.20790000000000        1.22330000000000       -0.88830000000000
H           -1.20510000000000       -1.22450000000000       -0.88950000000000
H           -1.20580000000000       -1.22520000000000        0.88830000000000
H            1.53900000000000        1.42110000000000       -0.00060000000000
H            1.54120000000000       -1.41870000000000        0.00060000000000
10
 energy: -11.557910751889 gnorm: 0.006742246474 xtb: 6.7.1 (unknown)
C           -0.75617865662869        0.77291003828333        0.00009890102476
C           -0.75492811004341       -0.77410445466661       -0.00008582069340
C            0.74426792817882        0.66631787324426       -0.00002629813680
C            0.74534509219762       -0.66508158535181        0.00003415714803
H           -1.19244314916609        1.23355378528740        0.88766947365134
H           -1.19300931717336        1.23421297843597       -0.88687247332290
H           -1.19046168879094       -1.23545841880356       -0.88762420085459
H           -1.19099947444732       -1.23610546565255        0.88690419466050
H            1.52018882826174        1.41300573920238       -0.00014676919406
H            1.52241859660729       -1.41055050130186        0.00014881093014
10
 energy: -11.557960357049 gnorm: 0.001958546502 xtb: 6.7.1 (unknown)
C           -0.75530419321596        0.77406658203447        0.00018102881406
C           -0.75405640274236       -0.77525823851912       -0.00015935798210
C            0.74352703607935        0.66490829477096       -0.00003347710829
C            0.74459805432811       -0.66368278598073        0.00003929748512
H           -1.18927694503460        1.23303905418262        0.88762825363909
H           -1.18975815082984        1.23357762826736       -0.88673831730926
H           -1.18730343397268       -1.23493749292319       -0.88759472657881
H           -1.18775423199108       -1.23545981749266        0.88677432449962
H            1.51363588699264        1.41473809663088       -0.00019292689304
H            1.51589242482333       -1.41229132292998        0.00019585243198
10
 energy: -11.557968943191 gnorm: 0.000728136866 xtb: 6.7.1 (unknown)
C           -0.75468454184862        0.77494533232438        0.00012012262268
C           -0.75343914159130       -0.77613658665415       -0.00009240769711
C            0.74429856052595        0.66487651566822        0.00008392826375
C            0.74536681358829       -0.66365894312259       -0.00007630847666
H           -1.18825494479312        1.23229570123376        0.88787931314082
H           -1.18852936473887        1.23276907201874       -0.88726217098403
H           -1.18628828988081       -1.23418464880419       -0.88784823760899
H           -1.18653573109745       -1.23465372645634        0.88729611330483
H            1.50999331535841        1.41909722603793        0.00005308648582
H            1.51227335588153       -1.41664993791496       -0.00005349657978
10
 energy: -11.557969663957 gnorm: 0.000184397002 xtb: 6.7.1 (unknown)
C           -0.75472783501490        0.77478883431065        0.00018212257260
C           -0.75348193569370       -0.77597973472510       -0.00015473789347
C            0.74473998819107        0.66504187859245        0.00002854319401
C            0.74580706822102       -0.66382446286094       -0.00002059834008
H           -1.18864884333697        1.23239918599719        0.88803136193341
H           -1.18887197662872        1.23280540816772       -0.88733528533242
H           -1.18667870361211       -1.23428615777694       -0.88799793310573
H           -1.18687803014797       -1.23469337967931        0.88736806053154
H            1.51033100791683        1.41986577655268        0.00001762304279
H            1.51260929067711       -1.41741734436614       -0.00001921618072
10
 energy: -11.557969663957 gnorm: 0.000184397002 xtb: 6.7.1 (unknown)
C           -0.75472783501490        0.77478883431065        0.00018212257260
C           -0.75348193569370       -0.77597973472510       -0.00015473789347
C            0.74473998819107        0.66504187859245        0.00002854319401
C            0.74580706822102       -0.66382446286094       -0.00002059834008
H           -1.18864884333697        1.23239918599719        0.88803136193341
H           -1.18887197662872        1.23280540816772       -0.88733528533242
H           -1.18667870361211       -1.23428615777694       -0.88799793310573
H           -1.18687803014797       -1.23469337967931        0.88736806053154
H            1.51033100791683        1.41986577655268        0.00001762304279
H            1.51260929067711       -1.41741734436614       -0.00001921618072
