10
 energy: -11.347756221753 gnorm: 0.546918655095 xtb: 6.7.1 (unknown)
C            0.36882446002360        1.47700960758951       -0.15334507123588
C            0.64389463757873       -1.47151738310971        0.15400255306669
C           -0.59019618710741        0.80122278737868       -0.12120273126376
C           -0.54607427263787       -0.77843038703633        0.05615252708615
H            0.27499783106483        2.40043486147967        0.57113220601749
H            1.30472733924425        0.86770003161555       -0.46467362917858
H            1.21234517320493       -0.96670943651156       -0.35604189390655
H            0.38529988490289       -2.58384820800983        0.19743704489493
H           -1.60900904310753        1.28385390550208       -0.10724229211185
H           -2.02469793972075       -0.97764818622866        0.11942341911701
10
 energy: -11.480726881604 gnorm: 0.157429044432 xtb: 6.7.1 (unknown)
C            0.42578938957080        1.48412423980163       -0.10855199826661
C            0.50744206290052       -1.49109672828504        0.12445538323249
C           -0.65359612826286        0.75264291617864       -0.11590499026687
C           -0.63745126113577       -0.76285671945537       -0.00106731711677
H            0.32060467900240        2.42724477730635        0.49908057722452
H            1.33319286567119        0.92401285419350       -0.42833290451016
H            1.26249952825327       -0.94576599450373       -0.34872324536625
H            0.39417564006482       -2.58225395668094        0.21538726715823
H           -1.62756786121161        1.25558360942930       -0.07788257386601
H           -1.90497677210226       -1.00956706282177        0.13718143452912
10
 energy: -11.531145246632 gnorm: 0.089745479071 xtb: 6.7.1 (unknown)
C            0.43861922971692        1.49174978062317       -0.09825419848777
C            0.34611661345152       -1.52083344401050        0.05970929977824
C           -0.67305881862578        0.75293225458568       -0.05660399970089
C           -0.72738993352086       -0.71065837315371       -0.00943690814150
H            0.36006817239787        2.55526320628154        0.26990416565785
H            1.36482133220910        0.97628880017914       -0.30312808286625
H            1.26811562730256       -0.96786369070429       -0.25920269143355
H            0.30752204407323       -2.59036543436795        0.14550086896466
H           -1.62556217140012        1.25613978597533        0.05449703084961
H           -1.63913627887219       -1.19058151657296        0.09265784702745
10
 energy: -11.534610420613 gnorm: 0.082670305987 xtb: 6.7.1 (unknown)
C            0.44119632210885        1.50299949415885       -0.07697373679470
C            0.33148043217607       -1.50753520732500        0.00275966628714
C           -0.66067195849687        0.75095314825943       -0.05548946284448
C           -0.73109598457551       -0.70509769713215       -0.09496018026368
H            0.37879740010092        2.56793019989008        0.20388840215898
H            1.42840620761942        1.06639162101104       -0.20910220040762
H            1.29698072589225       -1.02872057572911       -0.29589995862049
H            0.29517440773740       -2.56655064627296        0.19732899592645
H           -1.61965604949842        1.23601775711819        0.07828978544230
H           -1.74049830988081       -1.26431784890713        0.14579845170202
10
 energy: -11.527584531232 gnorm: 0.086351565237 xtb: 6.7.1 (unknown)
C            0.38697394520986        1.47903934580244       -0.05446054181329
C            0.37199425189468       -1.53931877261724       -0.04932570769792
C           -0.68397827362730        0.66529002426554        0.00354399673014
C           -0.69496636710138       -0.76315522276180       -0.04566107963807
H            0.35158429697369        2.54612107666978        0.07713501722671
H            1.45980110889797        1.19808856855352       -0.13581178127909
H            1.34638181465752       -1.13806571439074       -0.35474667380913
H            0.35091260068552       -2.58071831511685        0.24259520485592
H           -1.66230413396176        1.10094289211212        0.16448019671555
H           -1.80628851387721       -0.91616139096748        0.04789587923943
10
 energy: -11.544140407676 gnorm: 0.047893601005 xtb: 6.7.1 (unknown)
C            0.42589358839670        1.48021324093779       -0.06421212683392
C            0.34752023480659       -1.51909140791537       -0.00072494020376
C           -0.67471836328059        0.71638584814647        0.00335441422607
C           -0.72840001571068       -0.72898511632380        0.05827382894199
H            0.38400730600560        2.56786147808806        0.07628799536534
H            1.41556152993195        1.09279319345102       -0.18209769341511
H            1.29928943848017       -1.03752639035794       -0.26133514380629
H            0.31233610209776       -2.56871939594546        0.10080178636926
H           -1.63142214864592        1.20255583705809        0.10894533371554
H           -1.72995215391310       -1.15341778112769        0.05634812906203
10
 energy: -11.541740585522 gnorm: 0.055265327438 xtb: 6.7.1 (unknown)
C            0.42534485974479        1.48782181733139       -0.05839522548023
C            0.33158234876303       -1.51951477162844       -0.01967441952700
C           -0.67465184145085        0.73705248832972       -0.06228361500543
C           -0.73601986535459       -0.73275165597044       -0.07025715427737
H            0.32906529878287        2.53003603652174        0.11516912105571
H            1.41917569135158        1.06687532540055       -0.12896325860385
H            1.32801640639267       -1.03289209629804       -0.20147483436049
H            0.30470756918650       -2.59212532526899        0.04302157592078
H           -1.63009971742045        1.23927569711831        0.00934383719892
H           -1.67700765804478       -1.13171106793350        0.26914623241113
10
 energy: -11.546361951326 gnorm: 0.035509154640 xtb: 6.7.1 (unknown)
C            0.42724626894696        1.48507544304059       -0.02961931495109
C            0.34715508598976       -1.51956398209626       -0.04835882758618
C           -0.66956194402870        0.73154456799902       -0.00812405956776
C           -0.72499436739375       -0.73023503663696        0.00006055181688
H            0.32574025507950        2.59355733365230        0.03787858600567
H            1.43667056196325        1.07579485228698       -0.06045117292247
H            1.29451754658304       -1.07664244316905       -0.30187039478140
H            0.30754088789122       -2.58908210963932        0.08180180109501
H           -1.62946429307848        1.22770667686531        0.03232014632620
H           -1.69473855146868       -1.14608904341896        0.19199273732544
10
 energy: -11.537722357396 gnorm: 0.100971993346 xtb: 6.7.1 (unknown)
C            0.40795907260562        1.51859170058893       -0.07067648257381
C            0.35414963373250       -1.51539850044506       -0.03051250358881
C           -0.67686238771893        0.73408626364672       -0.01753898524241
C           -0.70205208092883       -0.69837500774482        0.10208351796335
H            0.39211522740292        2.50656125284747        0.08970711199759
H            1.41143304601214        1.15896524649397       -0.13809461201000
H            1.30799141470983       -1.11933844172123       -0.31017650541885
H            0.27967064693077       -2.56747281045587        0.12804860611010
H           -1.64760181023549        1.20251501221098        0.06627358612410
H           -1.70668963953126       -1.16806739454900        0.07652775576901
10
 energy: -11.548010420712 gnorm: 0.031618249481 xtb: 6.7.1 (unknown)
C            0.41632203594407        1.49067903484295       -0.03550552945969
C            0.34935008125005       -1.52648407398439       -0.04346959028860
C           -0.67516115368763        0.72789391867446       -0.00214921409396
C           -0.70847395255779       -0.72000137505552        0.04507329922005
H            0.35163307953431        2.58324061654997        0.01769619857253
H            1.41419730576197        1.10128440931363       -0.07859775995211
H            1.33340670188127       -1.08767199427853       -0.24469453168450
H            0.28075801230506       -2.58773637258627        0.02348160680774
H           -1.64177305685226        1.21211510345940        0.02897100788610
H           -1.70014570283946       -1.14125310190486        0.18482769514251
10
 energy: -11.548194358426 gnorm: 0.017487126775 xtb: 6.7.1 (unknown)
C            0.41893269466742        1.49710166575684       -0.03389540600997
C            0.35122046584608       -1.50811007358040       -0.06135707533880
C           -0.67285477849066        0.73837108261167       -0.01670129678877
C           -0.71308576395922       -0.72011099654391        0.02160191156739
H            0.33486503825629        2.57131109169353        0.02143270756157
H            1.42511195119804        1.07931701779279       -0.01677493093167
H            1.30801345965986       -1.09974563071203       -0.30103207630208
H            0.28807476206234       -2.57992691963795        0.05430874626849
H           -1.63987464506909        1.22651382016834        0.00602272846141
H           -1.68029228959895       -1.15265542469487        0.22202230034935
10
 energy: -11.548903895213 gnorm: 0.008084463876 xtb: 6.7.1 (unknown)
C            0.41546164713440        1.50058193160957       -0.02548737873270
C            0.35103153957297       -1.51790713014611       -0.06254572375235
C           -0.67357937156859        0.73769819943582       -0.00403011658401
C           -0.70539095086985       -0.71686888768346        0.04175886372896
H            0.34060013750436        2.57901526859264        0.00320755967906
H            1.41474903968401        1.09936048980516       -0.02971982982086
H            1.32773391369514       -1.11434254820466       -0.27688333586496
H            0.27539368796858       -2.58672396914934        0.03031848277049
H           -1.64374754308655        1.21944049631154        0.00484111667452
H           -1.68214038523534       -1.14818858155638        0.21416994322176
10
 energy: -11.549130401946 gnorm: 0.010566583017 xtb: 6.7.1 (unknown)
C            0.41165569697101        1.50478854023831       -0.02453668326495
C            0.35293928671128       -1.51912966537964       -0.07033074068983
C           -0.67421780325081        0.73824100153963       -0.00014992582157
C           -0.69733984796364       -0.71215932392938        0.06364199114822
H            0.33844346546411        2.58461634489286       -0.03233451456076
H            1.41211782226851        1.10035766694823        0.00042205742712
H            1.34239923454254       -1.12539800875208       -0.26247702520768
H            0.26146672179144       -2.58705616523652       -0.00679969396395
H           -1.64772878071747        1.21320102977108        0.00227502155675
H           -1.67962385782770       -1.14539656427069        0.22591785559538
10
 energy: -11.549243622265 gnorm: 0.006682094106 xtb: 6.7.1 (unknown)
C            0.40999472021718        1.50914249089091       -0.01037460638799
C            0.35385488814146       -1.51534038162662       -0.07724530787138
C           -0.67381348431791        0.74113380458267        0.00989798228745
C           -0.69236103412612       -0.71131076712276        0.06934020722332
H            0.34094638294860        2.58461470922451       -0.05038305968604
H            1.40194323977486        1.10746552678009        0.01359197305616
H            1.34871988736359       -1.14302981714782       -0.26257221759103
H            0.25143757531531       -2.58473208334514       -0.01906246149536
H           -1.65037834979616        1.21060159128026       -0.01409498926434
H           -1.67023211732215       -1.14648072503817        0.23653001990721
10
 energy: -11.549283412464 gnorm: 0.001262761682 xtb: 6.7.1 (unknown)
C            0.40939389211502        1.51162494052184       -0.01260685681011
C            0.35388883568755       -1.51630223548215       -0.07962759896847
C           -0.67364041720365        0.74282224493688        0.00721278542488
C           -0.69231908980021       -0.71052048343403        0.06880648173536
H            0.33707570344612        2.58535837362890       -0.05235025876744
H            1.40553393452534        1.10553713114043        0.02418469029438
H            1.34666078076970       -1.14521544114548       -0.26780103732683
H            0.25189222044730       -2.58608726726882       -0.01897724144238
H           -1.65011440277069        1.21133271209375       -0.01518198699403
H           -1.66826002577625       -1.14648577737752        0.24196787004929
10
 energy: -11.549283844671 gnorm: 0.001824775740 xtb: 6.7.1 (unknown)
C            0.41023476796706        1.51011723805609       -0.01228320446342
C            0.35350486124837       -1.51386086846230       -0.07850950992830
C           -0.67341447195585        0.74207544678562        0.00529533762961
C           -0.69340704490566       -0.71075372800172        0.06778930375481
H            0.33766792664144        2.58404773167347       -0.05386776408034
H            1.40570909322847        1.10235148209136        0.02496894051203
H            1.34490924277684       -1.14146550428991       -0.26749014978572
H            0.25378508390678       -2.58444460698686       -0.01908535654320
H           -1.64913289136697        1.21122802728719       -0.01199794238778
H           -1.66974508177249       -1.14723085911987        0.24080705037794
10
 energy: -11.549286725042 gnorm: 0.000854330176 xtb: 6.7.1 (unknown)
C            0.40977317679754        1.51101828297742       -0.01166705554229
C            0.35359144459129       -1.51494611726219       -0.07912038878948
C           -0.67354962517548        0.74260783246250        0.00696511719246
C           -0.69303720303976       -0.71059530053371        0.06838251830074
H            0.33797360607372        2.58463673621768       -0.05462000030524
H            1.40516625330794        1.10294890148487        0.02544212915524
H            1.34535431232527       -1.14259604356952       -0.26778743362776
H            0.25374018799571       -2.58545412900682       -0.01941577619643
H           -1.64966147114040        1.21137257941001       -0.01369612796298
H           -1.66923921384964       -1.14692843237386        0.24114370101706
10
 energy: -11.549286725042 gnorm: 0.000854330176 xtb: 6.7.1 (unknown)
C            0.40977317679754        1.51101828297742       -0.01166705554229
C            0.35359144459129       -1.51494611726219       -0.07912038878948
C           -0.67354962517548        0.74260783246250        0.00696511719246
C           -0.69303720303976       -0.71059530053371        0.06838251830074
H            0.33797360607372        2.58463673621768       -0.05462000030524
H            1.40516625330794        1.10294890148487        0.02544212915524
H            1.34535431232527       -1.14259604356952       -0.26778743362776
H            0.25374018799571       -2.58545412900682       -0.01941577619643
H           -1.64966147114040        1.21137257941001       -0.01369612796298
H           -1.66923921384964       -1.14692843237386        0.24114370101706
