Initializing NEB with engine: sevennet
Running IDPP interpolation (6 images)...
Optimizing Minimum Energy Path (NEB) using FIRE...
NEB complete. Rough Activation Energy: 0.4931 eV
Refining Saddle Point with sevennet...
Sella refinement complete. Final Ea: 0.4966 eV
Initializing NEB with engine: sevennet
Running IDPP interpolation (6 images)...
Optimizing Minimum Energy Path (NEB) using FIRE...
NEB complete. Rough Activation Energy: 6.4067 eV
Refining Saddle Point with sevennet...
Sella refinement complete. Final Ea: 6.2356 eV
Initializing NEB with engine: sevennet
Running IDPP interpolation (6 images)...
Optimizing Minimum Energy Path (NEB) using FIRE...
NEB complete. Rough Activation Energy: 0.0042 eV
Refining Saddle Point with sevennet...
Sella refinement complete. Final Ea: 0.2888 eV
Initializing NEB with engine: sevennet
Running IDPP interpolation (6 images)...
Optimizing Minimum Energy Path (NEB) using FIRE...
NEB complete. Rough Activation Energy: 4.0050 eV
Refining Saddle Point with sevennet...
Sella refinement complete. Final Ea: 3.9678 eV
