6
 energy: -10.642467405889 gnorm: 0.048280538677 xtb: 6.7.1 (unknown)
O            1.12800000000000        0.20910000000000        0.00000000000000
N           -1.18780000000000        0.17910000000000        0.00000000000000
C            0.05980000000000       -0.38820000000000        0.00000000000000
H           -1.30850000000000        1.18640000000000        0.00010000000000
H           -2.03050000000000       -0.38610000000000       -0.00010000000000
H           -0.00140000000000       -1.48830000000000       -0.00010000000000
6
 energy: -10.644121189960 gnorm: 0.007851044185 xtb: 6.7.1 (unknown)
O            1.09365137182969        0.21456312666223       -0.00000692905209
N           -1.17900799978463        0.17562049004442       -0.00000197783669
C            0.05087065882704       -0.38558188860779        0.00000502929421
H           -1.28840654796780        1.17857596601214        0.00010587889547
H           -2.01474364342672       -0.38460117301305       -0.00010662171188
H           -0.00276386641053       -1.48657650080522       -0.00009537960434
6
 energy: -10.644228141304 gnorm: 0.003186533168 xtb: 6.7.1 (unknown)
O            1.08346343159694        0.22140252636975        0.00002845206297
N           -1.17797095460311        0.17271564298088       -0.00001647044137
C            0.04751860831261       -0.38474263146140       -0.00008988432793
H           -1.27651842979739        1.17536075954221        0.00012679370168
H           -2.01329854169316       -0.38396731540459       -0.00009534962013
H           -0.00359415712662       -1.48876894934401       -0.00005353792243
6
 energy: -10.644256087548 gnorm: 0.002355556862 xtb: 6.7.1 (unknown)
O            1.07959819359706        0.22623203850259        0.00001223482326
N           -1.17924632230239        0.17049184464491        0.00002782418872
C            0.04615792238117       -0.38491548303920        0.00009586366007
H           -1.26845106259520        1.17398204645657        0.00001591051668
H           -2.01609172874302       -0.38319384649407       -0.00005372170875
H           -0.00236705771459       -1.49059655929192       -0.00019810440935
6
 energy: -10.644268803725 gnorm: 0.001071354290 xtb: 6.7.1 (unknown)
O            1.07678137432186        0.23010909150434        0.00010403989071
N           -1.18137478688635        0.16835834052651       -0.00008568356765
C            0.04529619653549       -0.38561335406044       -0.00042876566157
H           -1.26101721305133        1.17297543600186        0.00026987123348
H           -2.02050740786761       -0.38198895265334       -0.00011612430174
H            0.00042177057453       -1.49184051395429        0.00015667379084
6
 energy: -10.644269412738 gnorm: 0.000633480032 xtb: 6.7.1 (unknown)
O            1.07616265847119        0.23063006068143       -0.00017196722752
N           -1.18238702967524        0.16775819350969        0.00029370741357
C            0.04518899204928       -0.38621994019958        0.00131478709459
H           -1.25910462595960        1.17266019953384       -0.00060881242621
H           -2.02260024154613       -0.38114010770553        0.00012693457004
H            0.00234017555074       -1.49168835634835       -0.00105463776235
6
 energy: -10.644269412738 gnorm: 0.000633480032 xtb: 6.7.1 (unknown)
O            1.07616265847119        0.23063006068143       -0.00017196722752
N           -1.18238702967524        0.16775819350969        0.00029370741357
C            0.04518899204928       -0.38621994019958        0.00131478709459
H           -1.25910462595960        1.17266019953384       -0.00060881242621
H           -2.02260024154613       -0.38114010770553        0.00012693457004
H            0.00234017555074       -1.49168835634835       -0.00105463776235
