15
 energy: -18.645731478109 gnorm: 0.270525330557 xtb: 6.7.1 (unknown)
C           -0.55789220316024       -0.56744670024557       -1.04133955196697
C           -0.87452136402350       -0.82942078399692        0.50321114983256
C            0.28345627230744       -1.40034003112186       -0.26033808381310
C            0.75888750477452       -0.43204603339760        0.71829109790379
C           -1.12857178328867        0.61760520710567       -0.48042831182171
C            1.42270203533752        0.78524779988287        0.16948795893514
C            0.18270380426738        1.65382293393254        0.38296043045870
H           -0.89123932469338       -1.14599293137283       -1.93043447191502
H           -1.42240208164427       -1.35965287506792        1.13656953514718
H            0.41842527461240       -2.43294414491704       -0.39615763232507
H            0.76266069771684       -0.74133979397247        1.66233025319371
H           -1.75799081712627        1.25747369949674       -1.29876118351422
H            1.58386355231098        0.65036611234942       -1.05603588707765
H            0.26736473584243        2.68485255657141        0.49055684581503
H            0.01926531582808        1.03389070576055        1.64836920759124
15
 energy: -18.745256280293 gnorm: 0.138274684037 xtb: 6.7.1 (unknown)
C           -0.57462646751058       -0.59555647302377       -1.09024036059504
C           -0.86527344221135       -0.78421182774256        0.46026382302144
C            0.30120898707001       -1.41568401009846       -0.27462590040011
C            0.79871973405112       -0.47562001965828        0.71063485695109
C           -1.00727003140109        0.64727434346868       -0.50297224974749
C            1.36085175741640        0.77119358956358        0.15122115167390
C            0.17815433542100        1.59867722793830        0.45262560699195
H           -0.94973175368271       -1.13301142922857       -1.95832735153686
H           -1.47761014530103       -1.32439018163647        1.12445666028272
H            0.43062753033681       -2.46187656827171       -0.41175035447873
H            0.84457504317313       -0.78502889446859        1.71343539256964
H           -1.76828629953845        1.20649877921688       -1.19718252242165
H            1.59644320332470        0.66101980869791       -0.99119931215179
H            0.23079263719432        2.67328696190345        0.45268545855713
H           -0.03186037491799        1.19150825018434        1.60926058316407
15
 energy: -18.800972488220 gnorm: 0.082250906821 xtb: 6.7.1 (unknown)
C           -0.59208822614348       -0.58276327568287       -1.09481236931114
C           -0.85833432351056       -0.78243906220535        0.43843705276409
C            0.32732944435557       -1.41453573850117       -0.29324246401607
C            0.83574565719179       -0.52782674319317        0.73492549237930
C           -0.96372091137700        0.64478265435824       -0.39800946980763
C            1.36960374443067        0.73653935727507        0.23251289070120
C            0.20417569135099        1.55889259349909        0.39245579256134
H           -1.00568489282741       -1.04416273354883       -1.97637941333394
H           -1.52111089917097       -1.34580590876917        1.08459219356186
H            0.45875429513208       -2.46537896758187       -0.46912585792771
H            0.91359939813625       -0.86302009154603        1.76019107541853
H           -1.77742558065980        1.18749899399989       -0.96820354937393
H            1.65097047105700        0.66691551008527       -0.83474017614737
H            0.20413193487357        2.66550036699600        0.25072866497090
H           -0.17921534300024        1.33989774392795        1.38895379505904
15
 energy: -18.823525923291 gnorm: 0.091327683055 xtb: 6.7.1 (unknown)
C           -0.57370681119186       -0.58672755230274       -1.13637409056457
C           -0.87385909087576       -0.77348308470783        0.37645579975941
C            0.35045027014824       -1.41577972493755       -0.31809801420384
C            0.84513740011129       -0.57269277184245        0.76252111206481
C           -0.93125713424660        0.60892063960722       -0.36308769307824
C            1.34690278360050        0.70734736511119        0.31095744980843
C            0.14293892099980        1.51238834073534        0.38788205106481
H           -1.02803258989225       -0.99744876753477       -2.02379439142078
H           -1.59356188802146       -1.32926260645027        0.98054588889755
H            0.48356996700883       -2.46709905336632       -0.52112073973803
H            0.94061638242126       -0.94217892557968        1.78171309013473
H           -1.82955456136615        1.15679314842282       -0.77203223262750
H            1.70028231918033        0.63359808405402       -0.71676272549057
H            0.13151774420461        2.63112081081770        0.01556474968801
H           -0.04469317312581        1.60862061197486        1.48395593473440
15
 energy: -18.830656735886 gnorm: 0.106431478881 xtb: 6.7.1 (unknown)
C           -0.54436500573670       -0.57951804101917       -1.15174802964750
C           -0.86826151629874       -0.73238073444985        0.34543592958028
C            0.38657801398552       -1.40430815043771       -0.32551126206963
C            0.89769023394628       -0.60223880791793        0.78246766961439
C           -0.85722990738017        0.59027470372064       -0.27854441793926
C            1.34801116725223        0.67222779588538        0.31310190451315
C            0.13802857803613        1.53782733704620        0.34941302057183
H           -1.08167041867333       -0.93714397604618       -2.02780571383051
H           -1.64761012218674       -1.26333008569975        0.90455414611716
H            0.51364603235141       -2.45654576967593       -0.55170829971307
H            1.03210253490420       -0.99416857636541        1.79445217952063
H           -1.87268169909377        1.06919511670393       -0.51393974048961
H            1.79176248884520        0.56600885107221       -0.69472461472860
H            0.19054493032549        2.60579904515817       -0.06802478645369
H           -0.35978483868409        1.70242683441276        1.37088832544269
15
 energy: -18.832708009726 gnorm: 0.107319469867 xtb: 6.7.1 (unknown)
C           -0.56563828450986       -0.59116949899478       -1.14549475388449
C           -0.89508295774112       -0.73990844413039        0.34969654533254
C            0.37579294104453       -1.39925400307208       -0.31226313189490
C            0.90022319055067       -0.59829221398506        0.78419017156831
C           -0.88851413986571        0.59043980688133       -0.29877335421556
C            1.31940674474940        0.68992281274106        0.30604284629002
C            0.11231391224225        1.56085359733868        0.39091613698604
H           -1.08882664592788       -0.95137316988756       -2.01206179992966
H           -1.67248891348855       -1.26841834843577        0.90280514672274
H            0.51214808707299       -2.45139239134688       -0.53222848541319
H            1.03886954715478       -0.98619894016440        1.79577037087155
H           -1.74370506050734        1.01465588457356       -0.63571680278567
H            1.67219037493167        0.63852025087956       -0.71854734839904
H            0.20690775362710        2.58982189135092        0.01201504028393
H           -0.21684603126783        1.67591164878448        1.36196284670565
15
 energy: -18.836011440895 gnorm: 0.071261284316 xtb: 6.7.1 (unknown)
C           -0.55375563297931       -0.57535995759726       -1.13946195603322
C           -0.92235300945886       -0.79030173076260        0.34283019486862
C            0.37419333257057       -1.38756707173013       -0.30650946107715
C            0.88642858859692       -0.59168506543095        0.80286761804501
C           -0.93741807887312        0.60400290958497       -0.33468030153371
C            1.38869377843030        0.67415842571954        0.36223311879485
C            0.18418324967879        1.56187383346978        0.36003381035403
H           -1.01906764782502       -0.94637573200958       -2.01741522890183
H           -1.67952611716155       -1.33925676801159        0.86987297601212
H            0.51984263433582       -2.43537642298940       -0.52689897665069
H            0.97303797831281       -0.98718184858583        1.79758062566631
H           -1.93064282270915        1.00558982297688       -0.64916277448691
H            1.62992991752373        0.67826211580191       -0.70268319112344
H            0.29763573548932        2.56920133984975       -0.04534028171628
H           -0.14442399436857        1.73414318298970        1.43506751085355
15
 energy: -18.844089555918 gnorm: 0.066634976923 xtb: 6.7.1 (unknown)
C           -0.53612367624633       -0.57042108959529       -1.13656374010045
C           -0.91889864097880       -0.78228033684573        0.33379685229611
C            0.38500464065193       -1.38671599324642       -0.29918046947882
C            0.91844219648043       -0.59054404812454        0.79506112838250
C           -0.90107357676477        0.60405626905701       -0.29638767031572
C            1.34510997058866        0.69001690287287        0.32971514338890
C            0.13885761599729        1.55164348923409        0.40184799741437
H           -1.01400731463252       -0.91788539377087       -2.02755573647500
H           -1.69465746299465       -1.32813799180449        0.84600436175567
H            0.52259171520336       -2.43699705777123       -0.51919045464075
H            1.00437144058226       -0.96702045610667        1.79771463815387
H           -1.89356913862827        1.06779625985197       -0.54083298838977
H            1.68368802310784        0.58198472831215       -0.71363323609758
H            0.24556007312591        2.56384318072222       -0.14294375494443
H           -0.21853426667693        1.69478994684599        1.42047518573239
15
 energy: -18.846617094263 gnorm: 0.073252738845 xtb: 6.7.1 (unknown)
C           -0.54110256051176       -0.57408755552331       -1.12833112268505
C           -0.93587209489149       -0.78233804151290        0.32317225405430
C            0.38258558374808       -1.38507362441922       -0.28600326760693
C            0.96129014532359       -0.59587874960336        0.78996128139932
C           -0.90147332951360        0.58465943815203       -0.25016341479185
C            1.33529119896651        0.68132947281013        0.30109087825724
C            0.11776396871054        1.53160486577988        0.36211526407310
H           -1.03111718290188       -0.89388417252454       -2.03316266030336
H           -1.73077107494625       -1.32367040468943        0.81423825870371
H            0.51447124961860       -2.43749775100780       -0.50820282781128
H            1.04973205117317       -0.96108872483684        1.79900576839246
H           -1.80129840189140        1.06651613885399       -0.49008944591497
H            1.71296797880351        0.58604769997937       -0.73829838270991
H            0.19786730902207        2.50028651592619       -0.10865160384803
H           -0.26357185821848        1.77720375471368        1.40164410891676
15
 energy: -18.853269485672 gnorm: 0.072014451362 xtb: 6.7.1 (unknown)
C           -0.52135469279450       -0.58287492005011       -1.13383877603319
C           -0.97085554186514       -0.78614276601579        0.29431692274655
C            0.37790702169886       -1.38602532790189       -0.25570292604239
C            0.99927983555089       -0.59435197078115        0.79532220049494
C           -0.87629352636208        0.58432547531338       -0.26448662634942
C            1.34577526212387        0.67793085132762        0.30219549490681
C            0.13909680065785        1.54778233702537        0.38044237102230
H           -0.99138876344429       -0.89465649395588       -2.04622377545697
H           -1.79358049173489       -1.31785560580334        0.75660639213733
H            0.49671747349894       -2.44343654044897       -0.45871569722080
H            1.04082874803717       -0.92869812198549        1.81506621664075
H           -1.85876701748927        1.02661141228296       -0.45735375068886
H            1.64584209297097        0.64630682501182       -0.75109846420096
H            0.22146591370521        2.48214986389084       -0.09345819710993
H           -0.18791162158993        1.74306089909520        1.36525790653019
15
 energy: -18.853481932314 gnorm: 0.092313809035 xtb: 6.7.1 (unknown)
C           -0.50851207259840       -0.56480825548209       -1.10332985485203
C           -1.06491201914702       -0.88369828664817        0.24977782846463
C            0.35877964450488       -1.37672011728956       -0.19873673918371
C            1.09182719942013       -0.60041119656562        0.81041789393570
C           -0.90864614242161        0.57600406807153       -0.20373796879380
C            1.36746051151953        0.65955299643708        0.31347018464154
C            0.19607014801897        1.57378428107333        0.45847623942764
H           -0.87719840572193       -0.81458923435834       -2.08514541827265
H           -1.90484238335980       -1.44832951414997        0.62444349587996
H            0.47493325919440       -2.43479881357204       -0.40867649804834
H            1.04070933748590       -0.89289760982801        1.84172652943208
H           -1.86610089349750        0.98328360286670       -0.41172428447631
H            1.46662947951560        0.72833890642019       -0.78356439398055
H            0.30747628552492        2.47356393683288       -0.30837333660849
H           -0.10690641988786        1.79585904920800        1.45333666325195
15
 energy: -18.868588590246 gnorm: 0.043942068813 xtb: 6.7.1 (unknown)
C           -0.51319983014192       -0.56366890568445       -1.10495185329200
C           -1.05929060960065       -0.87635226382561        0.24422500126932
C            0.34587017305980       -1.37889483497981       -0.18907885745232
C            1.13069144435716       -0.58449584173021        0.77534337716642
C           -0.93056325521265        0.57206783048145       -0.21168545074653
C            1.35383804632378        0.68453206811558        0.26684695105084
C            0.16462737687090        1.55994016865110        0.43591832167264
H           -0.85055141800757       -0.81532645431851       -2.09541777636315
H           -1.88494427426424       -1.43100389716883        0.62904139893619
H            0.44896768944609       -2.44136908453227       -0.37938856731892
H            1.05495205056303       -0.83561447511627        1.82070351106722
H           -1.89343886962617        1.04366918573843       -0.40272219963346
H            1.58020113920123        0.59826279845291       -0.79403659183622
H            0.22591937103320        2.44572958262054       -0.19576418160980
H           -0.10630897168498        1.79665693705622        1.44931988713946
15
 energy: -18.871344987062 gnorm: 0.034222015236 xtb: 6.7.1 (unknown)
C           -0.50346072262861       -0.57318311065750       -1.10099194628040
C           -1.07251486970352       -0.86647374204348        0.23240747676402
C            0.32826801957067       -1.39558912956608       -0.15203773917672
C            1.18538806316499       -0.60023107249790        0.76151180279971
C           -0.90275098500287        0.55979187847158       -0.18901548104531
C            1.33129147540209        0.66490373734194        0.21451755644037
C            0.14618234872328        1.52356587472621        0.43166380203536
H           -0.82340557295124       -0.80395321444939       -2.10289869841902
H           -1.92171486854450       -1.40425978035975        0.60626802381014
H            0.41408120174208       -2.46269098902695       -0.33024069893511
H            1.06855788531786       -0.79253382063278        1.82851479261045
H           -1.84124374719991        1.07205614853953       -0.37565620589557
H            1.59328352583534        0.67819715477446       -0.85568478675001
H            0.17273848272308        2.39874861281353       -0.16950775439996
H           -0.10793337697153        1.77577651546306        1.44949710467758
15
 energy: -18.873122127571 gnorm: 0.018381305652 xtb: 6.7.1 (unknown)
C           -0.51390741770870       -0.56867229089747       -1.09934500839951
C           -1.07647761914316       -0.87456413434063        0.23086814662233
C            0.32198111487884       -1.38888735641251       -0.14809452358820
C            1.19316973558694       -0.59649614046225        0.75082031220199
C           -0.91858185961295        0.55581539684254       -0.17726995672500
C            1.33380362751746        0.66160701815976        0.21205244077962
C            0.15602969675994        1.52673367963558        0.44156695755457
H           -0.81747201444309       -0.79543230562265       -2.10459061421076
H           -1.91597070831922       -1.41725782778524        0.60706576380153
H            0.41664093691747       -2.45397080391457       -0.33064226549526
H            1.06063812128923       -0.77115629954654        1.81954114287244
H           -1.84164424215489        1.06737627290929       -0.40425135113496
H            1.59318721494547        0.65112852706146       -0.84901704387662
H            0.16780104747366        2.41666047363487       -0.17146565917795
H           -0.09243055543963        1.76124174059298        1.47111063907697
15
 energy: -18.873831429893 gnorm: 0.013409564239 xtb: 6.7.1 (unknown)
C           -0.51563724394437       -0.57348002042068       -1.09877967561319
C           -1.07891254458234       -0.88470731317273        0.23260929721667
C            0.31735498925257       -1.39251542678821       -0.13882146059603
C            1.19280826601484       -0.59643644067316        0.74086763511547
C           -0.91414444226204        0.55276454931070       -0.17641465973144
C            1.32557855178100        0.65993043791231        0.19400353029051
C            0.16190549809936        1.53248876156203        0.44956315360350
H           -0.81299845340856       -0.79994827951897       -2.10154805598375
H           -1.91350389706836       -1.42600085131882        0.61694697803215
H            0.42208042896246       -2.45588752582011       -0.32310899067711
H            1.04805838597819       -0.74384478818978        1.80952385480571
H           -1.82369871473716        1.08033595153110       -0.44250003365102
H            1.57038524330068        0.64400177014555       -0.86760133539241
H            0.16671657749347        2.44338961841241       -0.14041432003839
H           -0.07922841767116        1.73403334857186        1.49402245663165
15
 energy: -18.874237274702 gnorm: 0.014155785562 xtb: 6.7.1 (unknown)
C           -0.51850946581441       -0.57621965166101       -1.09909783119136
C           -1.07932093025866       -0.87286592827355        0.23446570187743
C            0.31185347756852       -1.39131750033487       -0.12759165931051
C            1.20502150628784       -0.59583214903654        0.73151587560331
C           -0.91500592404018        0.55303645741129       -0.18215147706763
C            1.33052247638453        0.65605230324488        0.17890671261335
C            0.16531775849613        1.51704004753800        0.45756063526510
H           -0.81447413800511       -0.80119872270702       -2.09949491946897
H           -1.91618840703532       -1.40599833140145        0.63034611264718
H            0.42038033159679       -2.45513194379959       -0.31226696716355
H            1.04726984481434       -0.71123729494832        1.80087783085863
H           -1.82041829937609        1.07591745097071       -0.48559499822347
H            1.56882453876967        0.64902573049347       -0.88465835562623
H            0.15348862454303        2.45335693006690       -0.10160885508691
H           -0.07200087376312        1.67949189560025        1.50713543225995
15
 energy: -18.874536079199 gnorm: 0.010920749599 xtb: 6.7.1 (unknown)
C           -0.51750668627057       -0.58456743145841       -1.09935687969686
C           -1.08904578030484       -0.87620377746782        0.23059181489573
C            0.31050777564251       -1.39375756535292       -0.12024035763732
C            1.21011639736588       -0.59433153505775        0.72909386763590
C           -0.91133950730666        0.54992467021163       -0.18403890101860
C            1.33006304387070        0.65739810945591        0.17010578224030
C            0.16407112388485        1.51673124148652        0.45499825677951
H           -0.81329343339916       -0.80313687796293       -2.10520463026348
H           -1.93063977053459       -1.40504780831403        0.62847280043061
H            0.42071245364045       -2.45840974599937       -0.30224939254972
H            1.04886380433391       -0.69184250744170        1.79811810663075
H           -1.81759235648026        1.07579820975490       -0.48605423141240
H            1.56893058839884        0.65507707243878       -0.89416956707697
H            0.15392943778670        2.46394578706665       -0.08077760329305
H           -0.06101760434803        1.66254015082423        1.50905321315915
15
 energy: -18.874751539775 gnorm: 0.007008048734 xtb: 6.7.1 (unknown)
C           -0.51600724090288       -0.59545126225822       -1.10166320552044
C           -1.09190069258239       -0.87149251768200        0.22960073069980
C            0.31086671221278       -1.39646588060255       -0.11917749516900
C            1.20778810642619       -0.59110533939693        0.72755429651898
C           -0.90762988287711        0.55156408723362       -0.19929074253365
C            1.33307433936605        0.66065617230007        0.16016467348946
C            0.16065506792715        1.50980205138549        0.45285602548169
H           -0.81790017937953       -0.81778085022619       -2.10373340781924
H           -1.93264942890924       -1.39269067814433        0.63783644456712
H            0.41797271217434       -2.46275355598596       -0.29363582586327
H            1.05315920246656       -0.67706820369491        1.79402241906767
H           -1.81169437074863        1.08314432682949       -0.49362245955391
H            1.57067548564589        0.66552753294004       -0.90442021254742
H            0.15254213506360        2.47507471535247       -0.04918939923186
H           -0.06219493093539        1.63315437776733        1.51103650964713
15
 energy: -18.874808865154 gnorm: 0.003607527213 xtb: 6.7.1 (unknown)
C           -0.51465820076033       -0.59724262830264       -1.10202758989431
C           -1.09427593570827       -0.87026154753087        0.22694573918712
C            0.30991218726500       -1.39571260130213       -0.11844396292300
C            1.21190644733455       -0.58855884429078        0.72540901262704
C           -0.90896883251738        0.55285551158129       -0.20254310542746
C            1.33505226633402        0.66189682632592        0.15451158226769
C            0.16080083049319        1.50747354708432        0.45274088271462
H           -0.81342080050917       -0.81983263080826       -2.10624175907195
H           -1.93395522668068       -1.39027888570764        0.63661284152165
H            0.41148176780377       -2.46352665610932       -0.28618459178373
H            1.05412940862134       -0.66696411341956        1.79445371358632
H           -1.81375146362244        1.08140206633012       -0.49211061054099
H            1.57275777871580        0.66351681086971       -0.90888623699023
H            0.15059881745250        2.47886923929670       -0.03795531289850
H           -0.06085250811300        1.62047794645578        1.51205650325626
15
 energy: -18.874828520669 gnorm: 0.001680501587 xtb: 6.7.1 (unknown)
C           -0.51501805276634       -0.59773862825062       -1.10298974814219
C           -1.09346640059937       -0.86839981038593        0.22642456830983
C            0.30971904921478       -1.39420400006040       -0.12071295684775
C            1.20972155502864       -0.58716874529540        0.72447463405450
C           -0.91048758036116        0.55362495639802       -0.20454030720604
C            1.33482341099803        0.66211168205520        0.15429092332486
C            0.16086188346773        1.50784395609635        0.45073472915397
H           -0.81307251967292       -0.82370413483942       -2.10617057555189
H           -1.93140980388705       -1.38934003044032        0.63749090606509
H            0.40812029262020       -2.46286504291200       -0.28318452202321
H            1.05453369299831       -0.66786056331271        1.79366359424491
H           -1.81580357906381        1.08009764924798       -0.49102723731760
H            1.57891988158547        0.66256371121430       -0.90840438874713
H            0.14985985466409        2.48445146015373       -0.03388262179606
H           -0.06054519575999        1.61470137052822        1.51216945528591
15
 energy: -18.874834776430 gnorm: 0.001693925950 xtb: 6.7.1 (unknown)
C           -0.51333056670731       -0.59657960542262       -1.10387623224267
C           -1.09243964118533       -0.86707964520940        0.22547156416478
C            0.31022115074604       -1.39311754701933       -0.12088219229215
C            1.21086258725780       -0.58669619725244        0.72410750627474
C           -0.90942276271026        0.55477856587307       -0.20563032536959
C            1.33384311770745        0.66231587331205        0.15297365183319
C            0.16166230304024        1.50860293653570        0.45285223740829
H           -0.80946529613264       -0.82504544891841       -2.10685171113204
H           -1.93065311631478       -1.38936396738104        0.63463651756805
H            0.40622223201925       -2.46261943057878       -0.27895163916969
H            1.05606678524368       -0.67120561227618        1.79386498962168
H           -1.81539012046991        1.08048431797424       -0.48985962037829
H            1.57016411470363        0.65917577675950       -0.90980591255988
H            0.15012607572262        2.48488377980309       -0.03351770704034
H           -0.06171056324512        1.61557987738873        1.51380558934258
15
 energy: -18.874838811145 gnorm: 0.000915556977 xtb: 6.7.1 (unknown)
C           -0.51402096904826       -0.59651003388788       -1.10370787661587
C           -1.09261487687549       -0.86719920356134        0.22596420614779
C            0.30964103311728       -1.39334544915151       -0.12029573442940
C            1.21131072843195       -0.58727763724540        0.72393805446111
C           -0.90986871945266        0.55493522293223       -0.20552824303264
C            1.33322343174579        0.66261082188965        0.15412967984556
C            0.16123431980200        1.50922314244748        0.45242671129817
H           -0.80988139303036       -0.82543626398986       -2.10702807447388
H           -1.93079049974806       -1.38971211891920        0.63459110149265
H            0.40592731725636       -2.46304755521090       -0.27770469793543
H            1.05768835083715       -0.67397815041523        1.79345618204906
H           -1.81545257424086        1.08140303357007       -0.49101258707198
H            1.57186890979764        0.66153387940881       -0.90984893015601
H            0.14992303925471        2.48506059495138       -0.03424420363003
H           -0.06143177941764        1.61585335837522        1.51320110803698
15
 energy: -18.874838811145 gnorm: 0.000915556977 xtb: 6.7.1 (unknown)
C           -0.51402096904826       -0.59651003388788       -1.10370787661587
C           -1.09261487687549       -0.86719920356134        0.22596420614779
C            0.30964103311728       -1.39334544915151       -0.12029573442940
C            1.21131072843195       -0.58727763724540        0.72393805446111
C           -0.90986871945266        0.55493522293223       -0.20552824303264
C            1.33322343174579        0.66261082188965        0.15412967984556
C            0.16123431980200        1.50922314244748        0.45242671129817
H           -0.80988139303036       -0.82543626398986       -2.10702807447388
H           -1.93079049974806       -1.38971211891920        0.63459110149265
H            0.40592731725636       -2.46304755521090       -0.27770469793543
H            1.05768835083715       -0.67397815041523        1.79345618204906
H           -1.81545257424086        1.08140303357007       -0.49101258707198
H            1.57186890979764        0.66153387940881       -0.90984893015601
H            0.14992303925471        2.48506059495138       -0.03424420363003
H           -0.06143177941764        1.61585335837522        1.51320110803698
