9
 energy: -11.335195700934 gnorm: 0.227087973057 xtb: 6.7.1 (unknown)
C            1.41818100000000       -0.55038200000000        0.10000000000000
C            0.00000000000000        0.55946200000000        0.00000000000000
O           -1.19008300000000       -0.22766900000000        0.00000000000000
H           -1.94662300000000        0.38152500000000        0.00000000000000
H            0.04255700000000        1.20750800000000        0.88693300000000
H            0.04255700000000        1.20750800000000       -0.88693300000000
H            2.11589100000000        0.14480000000000        0.00000000000000
H            1.12859900000000       -1.03723400000000        0.88588100000000
H            1.12859900000000       -1.03723400000000       -0.88588100000000
9
 energy: -11.384703843903 gnorm: 0.079070571652 xtb: 6.7.1 (unknown)
C            1.26230091152459       -0.44095354197090        0.05935979513584
C            0.00071069146764        0.56767596171715        0.02021980169643
O           -1.17200172177784       -0.22274873976185        0.00557919826759
H           -1.93511552251046        0.37080167214377       -0.00144554797286
H            0.04590342073915        1.20790832386329        0.90515550254286
H            0.06885991590419        1.18409611159841       -0.88500939679696
H            2.15621825591040        0.14627314742085       -0.03077304537969
H            1.12287940941525       -1.08704058425923        0.89874994235309
H            1.18992258860308       -1.07772838784788       -0.87183628933036
9
 energy: -11.379964362220 gnorm: 0.111607126839 xtb: 6.7.1 (unknown)
C            1.16535119751296       -0.36626700878351        0.05128312703711
C            0.05215793210353        0.51270419990294        0.01478910657084
O           -1.13249557459706       -0.24636350386851        0.00450039516641
H           -1.88989081212192        0.34708453941833       -0.02714538088093
H            0.07499789887744        1.17402747806673        0.88560227693010
H            0.11463090243671        1.12359092330038       -0.89440879361157
H            2.16657360603069        0.14375648939233       -0.01518836966751
H            1.14906443301045       -1.09679357335024        0.91609886045887
H            1.03928878125521       -0.94345420118433       -0.83553099454508
9
 energy: -11.390579352810 gnorm: 0.020672917516 xtb: 6.7.1 (unknown)
C            1.21369021486499       -0.42229725892290        0.03157939867528
C            0.03050260612644        0.55671786697613        0.03653638159793
O           -1.14285702509287       -0.22701231741859        0.01338622178993
H           -1.91082300979985        0.35360635908407       -0.02508461777049
H            0.02717747121610        1.22522845074750        0.90817318533009
H            0.08523813086389        1.17242416915574       -0.87192260984537
H            2.14530440418911        0.13552568902345       -0.02974161711093
H            1.13909962757504       -1.08037608938025        0.89613482878579
H            1.15234566000561       -1.06553235967133       -0.85906091764661
9
 energy: -11.391154377595 gnorm: 0.020236670132 xtb: 6.7.1 (unknown)
C            1.22230136306580       -0.41745780511249        0.03741558234562
C            0.02150819277962        0.53741528991560        0.00599218821152
O           -1.17009472045966       -0.22241999772887        0.00172097739278
H           -1.92675841616708        0.37038271732061       -0.00942202558799
H            0.06552966759563        1.17497136034897        0.89898247905642
H            0.06768588259270        1.18467325407062       -0.88168603251100
H            2.15580974740621        0.13760761413062       -0.00961121216438
H            1.14808068068399       -1.06414387838016        0.90659680311390
H            1.15561564542140       -1.05274465142228       -0.84998841444108
9
 energy: -11.391704251735 gnorm: 0.007889322863 xtb: 6.7.1 (unknown)
C            1.20690640263777       -0.41617586261644        0.02564031644383
C            0.02924944677647        0.53786532001285        0.01282292251737
O           -1.15998446775343       -0.22531906756617        0.00540810613901
H           -1.91925493614725        0.36395209401121       -0.01424516774650
H            0.06365837536603        1.18240164834363        0.90314996969110
H            0.07686824158794        1.18090463550925       -0.87879123943100
H            2.14087948784632        0.13768335069308       -0.00506802513475
H            1.14878563239917       -1.05517081607048        0.90372224215280
H            1.15256991892419       -1.05785723703821       -0.85263870922541
9
 energy: -11.391820175037 gnorm: 0.004106082935 xtb: 6.7.1 (unknown)
C            1.20499447761890       -0.41851782709887        0.02025853572189
C            0.02745599951569        0.53940198009479        0.01428896599777
O           -1.16151455817393       -0.22392328294198        0.00711386355070
H           -1.92114538665476        0.36555152376858       -0.01607926448427
H            0.05815756321848        1.18810355442068        0.90279554468084
H            0.07369234216910        1.18027940354078       -0.87918369976978
H            2.14405374018805        0.13022950301194        0.00272638163935
H            1.16031036872449       -1.05470541709727        0.90289851826193
H            1.15367351992832       -1.05813537706229       -0.85481850154261
9
 energy: -11.391861315956 gnorm: 0.001645400012 xtb: 6.7.1 (unknown)
C            1.20446361394519       -0.42133432652865        0.01642503435747
C            0.02605345837000        0.53747487503320        0.01105029681696
O           -1.16498920954158       -0.22254453290670        0.00679678559489
H           -1.92250066673990        0.37025884798885       -0.01163486132965
H            0.06336649584984        1.18269957442093        0.90203933947715
H            0.07124135216004        1.18087543796463       -0.88046851516900
H            2.13750975927399        0.13257367693887        0.01212112580161
H            1.16240402908692       -1.04785849942057        0.90277852418476
H            1.16212922238890       -1.06386111710521       -0.85910740804781
9
 energy: -11.391864775995 gnorm: 0.001088194061 xtb: 6.7.1 (unknown)
C            1.20611729847203       -0.42227965032089        0.01736688576130
C            0.02498469324213        0.53686980053600        0.01017330408506
O           -1.16625056341245       -0.22243983138431        0.00669489185848
H           -1.92280286781899        0.37174080476171       -0.00918452185757
H            0.06254186974987        1.18299982298375        0.89989828059027
H            0.07082301754270        1.17868125748826       -0.88209875410948
H            2.13984327196155        0.13252408971159        0.01453235520473
H            1.16270637807996       -1.04988554338823        0.90277440817378
H            1.16171494764357       -1.05992679405751       -0.86015659820449
9
 energy: -11.391865950330 gnorm: 0.000819145659 xtb: 6.7.1 (unknown)
C            1.20524931624279       -0.42189566817029        0.01774814679028
C            0.02461394030376        0.53684685741743        0.00923411440142
O           -1.16683263403141       -0.22203297569095        0.00620624187735
H           -1.92291842192888        0.37277647475601       -0.00669323911173
H            0.06275841964379        1.18276624017858        0.89892766991500
H            0.07020815172158        1.17885269380998       -0.88286290057933
H            2.13925109915143        0.13321283097483        0.01575139058047
H            1.16252122863120       -1.05127410294089        0.90239725645386
H            1.16482694422922       -1.06096840936604       -0.86070846096549
9
 energy: -11.391865950330 gnorm: 0.000819145659 xtb: 6.7.1 (unknown)
C            1.20524931624279       -0.42189566817029        0.01774814679028
C            0.02461394030376        0.53684685741743        0.00923411440142
O           -1.16683263403141       -0.22203297569095        0.00620624187735
H           -1.92291842192888        0.37277647475601       -0.00669323911173
H            0.06275841964379        1.18276624017858        0.89892766991500
H            0.07020815172158        1.17885269380998       -0.88286290057933
H            2.13925109915143        0.13321283097483        0.01575139058047
H            1.16252122863120       -1.05127410294089        0.90239725645386
H            1.16482694422922       -1.06096840936604       -0.86070846096549
