15
 energy: -18.776303924908 gnorm: 0.293957043064 xtb: 6.7.1 (unknown)
C           -0.67250436079057       -0.63996056002738       -0.98836647685354
C           -0.61891639605954       -0.87858071323153        0.80443937104999
C            0.69832956067111       -0.78727246095824       -0.79979312239467
C            0.89486872887989       -0.60066173574025        0.68453734110521
C           -1.20164862317848        0.42816850522734        0.07115000095922
C            0.95892261919408        0.75091490583348        0.11198288298784
C           -0.12581346810288        1.59895090752990        0.15035185478615
H           -1.27378680116344       -1.25662284702727       -1.72623292837656
H           -0.46286277852357       -1.93524974564546        0.60969660598994
H            1.38753486475167       -1.29391833706119       -1.43635968967968
H            1.72676425164260       -0.92651778469404        1.38060352579602
H           -2.22929764188653        0.26128634355943        0.45037814640073
H            2.00777345482408        0.87319237721906       -0.50343197911838
H           -0.09500355126976        2.00343121475986       -0.86218868027892
H           -0.41946674301536        1.92188968971280        1.06883657938335
15
 energy: -18.871481084687 gnorm: 0.164650637444 xtb: 6.7.1 (unknown)
C           -0.69230660802426       -0.68170062585538       -0.92897633450280
C           -0.59466623559882       -0.87321225988592        0.81368447720308
C            0.75378145094784       -0.73677457051380       -0.80865880672835
C            0.93260919939204       -0.62215038670009        0.66406330803756
C           -1.20816988050044        0.35164687748944        0.05545189940148
C            1.04181218552278        0.71967851909980        0.07473188721978
C           -0.15834827020928        1.52668741911720        0.11359575812499
H           -1.27810740492418       -1.24020443122912       -1.67806995991117
H           -0.58454999056047       -1.95358444223984        0.67648964880695
H            1.42248520427288       -1.24401761373316       -1.47401776428400
H            1.71117415579957       -0.96129587643695        1.35872373555206
H           -2.24986899289693        0.31149950035322        0.39462888423555
H            2.01126723618262        0.93347242526741       -0.46434289899767
H           -0.13727756566761        2.03957896401840       -0.84832230545398
H           -0.39494079928310        1.94942685390138        1.06662315438028
15
 energy: -18.944985945168 gnorm: 0.100895350774 xtb: 6.7.1 (unknown)
C           -0.70771912230445       -0.75009718260186       -0.85615788207502
C           -0.57624218128507       -0.86673820654921        0.80336060042114
C            0.81227330157677       -0.63575863012919       -0.84789541250678
C            0.95675498665111       -0.66405764653097        0.62747853483983
C           -1.18896750335678        0.28414717980536        0.03520713441129
C            1.09850527795074        0.66777253585272       -0.01195361933877
C           -0.18351200346226        1.44554084968175        0.07388805524925
H           -1.28127576575483       -1.33705902903469       -1.54395424247058
H           -0.78319516051423       -1.97997403558082        0.82400101660752
H            1.46767940330748       -1.09430804889643       -1.56939864953449
H            1.69255153836872       -1.06528098429779        1.29994768335126
H           -2.26183949014568        0.40230423430357        0.27633031515789
H            2.07398849120402        1.05717687654820       -0.31420793099833
H           -0.23811669680243        2.07965594653588       -0.82646184443042
H           -0.30599060210972        1.97572687686200        1.04542415922549
15
 energy: -18.964448428597 gnorm: 0.138614132178 xtb: 6.7.1 (unknown)
C           -0.68158775153193       -0.78800419576030       -0.81275693709797
C           -0.57448240954735       -0.88873000255971        0.75460350010346
C            0.87252127769882       -0.56910075237974       -0.88951583787886
C            0.95946731229145       -0.70780258149385        0.59648534813472
C           -1.18390353844297        0.26859794856883        0.04315606130280
C            1.10883482110781        0.60981093447362       -0.10619339138331
C           -0.19649390880479        1.40608951649799        0.04644233900031
H           -1.26766830885555       -1.43117170812622       -1.42964059614597
H           -0.93001903354313       -1.97994537713580        1.00028523795730
H            1.51861451034407       -0.97150247790793       -1.66148622936245
H            1.67922263081154       -1.17795329683031        1.23618695012235
H           -2.25910801069683        0.49147291805898        0.19048526343021
H            2.11098150336526        1.15076006171412       -0.16449639486350
H           -0.35127875447335        2.10844422161527       -0.80203971267101
H           -0.23020476738586        1.99808580843028        1.01409498600137
15
 energy: -18.976427024515 gnorm: 0.096853799949 xtb: 6.7.1 (unknown)
C           -0.65547617613232       -0.78860658896708       -0.81241570643194
C           -0.56935129996950       -0.91514196813529        0.72185158293416
C            0.88688332615035       -0.58465816255611       -0.89463287500840
C            0.95930332611796       -0.70524893520289        0.59896319933862
C           -1.17207378630216        0.28210279805682        0.05696096232478
C            1.11307654051143        0.63186414022338       -0.07473338949655
C           -0.19191630050474        1.42769399129947        0.06942185537979
H           -1.25015323543826       -1.43922204930380       -1.41962182375902
H           -0.92596239114937       -1.95113480194552        1.03752055199625
H            1.52783670724174       -0.97452059418332       -1.67503630551176
H            1.67920410272637       -1.20461718826031        1.22359089324439
H           -2.24264371841047        0.50308677019033        0.14323664251471
H            2.01974342441063        1.10199157779144       -0.19886830021091
H           -0.37009271390573        2.11119334371089       -0.77099693830083
H           -0.23348103461646        2.02426878898166        1.01036949350087
15
 energy: -18.982292514888 gnorm: 0.070464422622 xtb: 6.7.1 (unknown)
C           -0.66321209864997       -0.81244140463016       -0.82635851446213
C           -0.55444933634545       -0.95367927929430        0.68005850720135
C            0.85156628134043       -0.65947621935801       -0.92267629986683
C            0.96384191952242       -0.70659641378379        0.57199129399185
C           -1.17589863148680        0.29355717900960        0.07171464495212
C            1.09932869742088        0.65075482114660       -0.06268749035662
C           -0.18768207996791        1.44611084061614        0.06765239600439
H           -1.28942491035626       -1.43547709384828       -1.44066298333610
H           -0.89430001383400       -1.88015064324079        1.11284923257924
H            1.47217628020224       -1.04418801697348       -1.71104766742026
H            1.70403138082904       -1.20677575497737        1.17226073525148
H           -2.21292155961519        0.49289120906296        0.12763807961298
H            2.07437126800911        1.20868398157337       -0.02991082949568
H           -0.37103556182971        2.09759738620444       -0.76528558668432
H           -0.24149674525065        2.02823894691187        0.97007750827551
15
 energy: -18.991062782032 gnorm: 0.049263487732 xtb: 6.7.1 (unknown)
C           -0.65505087939261       -0.81790006167518       -0.82288388757384
C           -0.55021109727968       -0.95554888383925        0.67600485328567
C            0.86098377981254       -0.62593787012432       -0.92308039514218
C            0.96603310474235       -0.71551186256231        0.57639953704679
C           -1.18162619909427        0.27446153862044        0.07894439974420
C            1.09973756622149        0.62911549534847       -0.07840388267878
C           -0.18938388723531        1.41581219463502        0.06908567906321
H           -1.25879024900864       -1.39686746900051       -1.49234137083241
H           -0.93596895533382       -1.85352858691420        1.21455526525792
H            1.49126398567039       -0.98079228555633       -1.71810881251666
H            1.70956572531029       -1.19796561880674        1.17687843970145
H           -2.22625352826562        0.48784094693919        0.11182646881307
H            2.03986965215508        1.15921797619351       -0.06915529540869
H           -0.38644055927659        2.08509676040757       -0.76045221607647
H           -0.20883170138751        2.01155807543140        0.97634352794246
15
 energy: -18.991533095500 gnorm: 0.061098195171 xtb: 6.7.1 (unknown)
C           -0.65889378507737       -0.82923957352743       -0.81311426738750
C           -0.55692964752729       -0.98381366755047        0.68025783316440
C            0.85931991364006       -0.58351661942590       -0.91198439117488
C            0.95587830166219       -0.71790955374372        0.59041460398239
C           -1.17593066031257        0.24787382646756        0.10123240257581
C            1.09228516183558        0.61136027786695       -0.09115255579784
C           -0.19006789850241        1.39282264138821        0.06353335303703
H           -1.24701124647252       -1.37146954685469       -1.53317412754665
H           -0.93376550275427       -1.79252019184879        1.21051929105464
H            1.50209346471224       -0.92478133545757       -1.69809346238010
H            1.70539277228406       -1.18142679648068        1.19836448717187
H           -2.23402809087729        0.47745640006178        0.12226224229117
H            2.01476663845577        1.10287650921655       -0.10492188985390
H           -0.38480044538177        2.06342134880797       -0.77583338185766
H           -0.17341174982160        2.00791695505924        0.97730077910218
15
 energy: -18.995432567119 gnorm: 0.037505512170 xtb: 6.7.1 (unknown)
C           -0.65192530470633       -0.84600073927109       -0.83007495290998
C           -0.54863992623835       -0.97602140209398        0.66368722374615
C            0.86051806526531       -0.58807118910026       -0.93291670007660
C            0.96225713367879       -0.72396545979596        0.56866750798436
C           -1.16617503351931        0.25012520859433        0.08005875126241
C            1.08440073213473        0.61741967320590       -0.09329172944755
C           -0.18981169239113        1.39863406313409        0.07736096174585
H           -1.24718366644397       -1.38780287679725       -1.54956405905103
H           -0.98966574058383       -1.76070010824902        1.30583414331713
H            1.50376022661904       -0.93095793139532       -1.71466124397784
H            1.71857143162426       -1.18646116344066        1.17775778732204
H           -2.21523751333844        0.46379266237988        0.11422218858446
H            2.01946175004485        1.12470268300952       -0.08254503687991
H           -0.38467099319344        2.07906641258220       -0.75940586596461
H           -0.18076113298968        1.98529119962634        0.99048322024744
15
 energy: -18.996569433819 gnorm: 0.020205482892 xtb: 6.7.1 (unknown)
C           -0.65055378247099       -0.83688117354242       -0.83650130496339
C           -0.54478693380440       -0.97509610442906        0.66455730966617
C            0.85607334062252       -0.60400902323752       -0.93057818112979
C            0.96660271725713       -0.72401245511574        0.56646656348708
C           -1.16746631510447        0.25314054091102        0.07465340556346
C            1.08229828941335        0.62471399437734       -0.08542922704472
C           -0.19230326127251        1.40319202909124        0.07889173649121
H           -1.25160359787082       -1.38167269456392       -1.54278803710068
H           -0.98718393494796       -1.74809263170576        1.28712342530060
H            1.49995021185101       -0.95590545200261       -1.71251287757546
H            1.72384346105057       -1.18217831383292        1.17774754090040
H           -2.22038349727222        0.45323497994819        0.12497013848940
H            2.03225001291101        1.13498586007503       -0.08210100304649
H           -0.37543879340342        2.07447233201603       -0.76298946618988
H           -0.19639992550192        1.98315899782554        0.99410234398739
15
 energy: -18.997373950969 gnorm: 0.012444783805 xtb: 6.7.1 (unknown)
C           -0.65003733414512       -0.84289892967113       -0.83713819574592
C           -0.54345838833317       -0.98321163179411        0.65384009879217
C            0.85642239192370       -0.59906445269845       -0.93168115176763
C            0.96740024675471       -0.72806903957882        0.56280394937887
C           -1.16397391433126        0.25112016112598        0.06769133115778
C            1.08125705465857        0.62673505409701       -0.08381174879954
C           -0.19334881017269        1.40366633068087        0.07985810330892
H           -1.25078555707473       -1.38766123719150       -1.54114353403161
H           -1.00769718944381       -1.71347788387467        1.29744359439041
H            1.50537208669787       -0.95073819938671       -1.71352304448829
H            1.72416950534328       -1.18474849766795        1.17690333658315
H           -2.21897731542721        0.43838638816227        0.13653821527118
H            2.03655849776540        1.13404614340035       -0.08875064484065
H           -0.36485665311511        2.07643763349475       -0.76290238511178
H           -0.20314636586832        1.97852921020680        0.99948444359009
15
 energy: -18.997773688236 gnorm: 0.009399576282 xtb: 6.7.1 (unknown)
C           -0.64961739988117       -0.84789303605994       -0.84320556214715
C           -0.53945904939345       -0.98592822336621        0.65241384922668
C            0.85617468625257       -0.59441148606525       -0.93131266128904
C            0.96995686425750       -0.73332614353763        0.56081805619505
C           -1.15971802689619        0.24784088067284        0.05733748970318
C            1.08117683185694        0.62550410190481       -0.08248504372962
C           -0.19359351752646        1.40269228689322        0.08148948276788
H           -1.24618096940769       -1.38841398875456       -1.55593562377485
H           -1.02989436626065       -1.66855686502443        1.32456260666543
H            1.51165815895705       -0.94319224674207       -1.71093742339503
H            1.72818159444476       -1.18947328991816        1.17376509008396
H           -2.22158546573020        0.41975271606783        0.14714269903300
H            2.03809715708661        1.12576814382520       -0.10759670555418
H           -0.35437508977107        2.08314310064559       -0.76011505027959
H           -0.21592250555535        1.96554540943763        1.00967112975612
15
 energy: -18.997855516104 gnorm: 0.005536502085 xtb: 6.7.1 (unknown)
C           -0.65007761444794       -0.84928330223324       -0.84147973577760
C           -0.53966956889793       -0.98665528909382        0.64934721850635
C            0.85805070106301       -0.59527537008333       -0.93137495790729
C            0.96977185472930       -0.73399508315118        0.56095547609524
C           -1.15935498595795        0.24910670692336        0.05447480440238
C            1.08407203525920        0.62444200791680       -0.08232514381635
C           -0.19326432559631        1.40361937136360        0.07906988677696
H           -1.24486982966570       -1.39343231448157       -1.55207374945574
H           -1.03123183044336       -1.66098253269476        1.32677053283291
H            1.51250709803580       -0.94201172895875       -1.71223929285307
H            1.72576480095574       -1.19582550072647        1.17063500762396
H           -2.22065962137535        0.41830098028044        0.14910743613472
H            2.03939942861503        1.12659827495845       -0.10796047697780
H           -0.35454302295060        2.08860405952723       -0.75772480286149
H           -0.22099615737857        1.96584110843765        1.01043014572005
15
 energy: -18.997896368704 gnorm: 0.002672879228 xtb: 6.7.1 (unknown)
C           -0.65093246022620       -0.84986317353574       -0.84152332705628
C           -0.53965431491129       -0.98426011399926        0.65060597892596
C            0.85899449302253       -0.59783805903162       -0.93154185603793
C            0.96990601082314       -0.73363720052498        0.56141156786625
C           -1.15906522352165        0.25024074376213        0.05156099319869
C            1.08631715275813        0.62293261138136       -0.08228240304051
C           -0.19226869230854        1.40420894464469        0.07702300340939
H           -1.24388148879061       -1.39703615487542       -1.55169599085355
H           -1.02989663879452       -1.65571232486306        1.33074343942141
H            1.51208013330602       -0.94179265148921       -1.71384655989747
H            1.72500398512620       -1.20015877996447        1.16765621589701
H           -2.22059488644974        0.41855384051815        0.14820148648145
H            2.03998815037172        1.12690426522555       -0.10842831057049
H           -0.35484741698555        2.09371008205178       -0.75450337136454
H           -0.22624975971340        1.96279939675076        1.01223153358430
15
 energy: -18.997907846906 gnorm: 0.001356395246 xtb: 6.7.1 (unknown)
C           -0.65104069869935       -0.84993465642224       -0.84198719439634
C           -0.53965347962778       -0.98247315276729        0.65125748965970
C            0.85951521175776       -0.60001933264182       -0.93181185992063
C            0.97010444547956       -0.73265731305319        0.56145263018260
C           -1.15902782015259        0.25057003823848        0.04996160828217
C            1.08687733804706        0.62210195343579       -0.08338499008385
C           -0.19159195077740        1.40417108112103        0.07600583762814
H           -1.24340951489347       -1.39881728843033       -1.55156452134099
H           -1.02932249998403       -1.65367559318736        1.33377935365805
H            1.51140198141991       -0.94267245893986       -1.71482754530139
H            1.72494797635726       -1.20048586091577        1.16676668786817
H           -2.22063472277350        0.41968150067675        0.14597296196324
H            2.03967284362022        1.12735093859208       -0.10875759237125
H           -0.35524813000861        2.09722623892523       -0.75175833072889
H           -0.22769186829066        1.95868537169630        1.01450793196996
15
 energy: -18.997912315970 gnorm: 0.001168259714 xtb: 6.7.1 (unknown)
C           -0.65133731384703       -0.85072142061278       -0.84230259732707
C           -0.54014759155267       -0.98064191035294        0.65211143916393
C            0.85959345760602       -0.60112194517339       -0.93214740210394
C            0.97000794725219       -0.73139330586108        0.56149215017155
C           -1.15914354069357        0.25091834797440        0.04825342137396
C            1.08672208335409        0.62202939226287       -0.08468888199440
C           -0.19085980547464        1.40412441489370        0.07565915773352
H           -1.24357014760137       -1.40138711456004       -1.55068126904305
H           -1.02880056167834       -1.65311069026754        1.33363622905950
H            1.51084338399530       -0.94361492025134       -1.71546332885619
H            1.72465195360541       -1.19841022049001        1.16799996326622
H           -2.22041893268177        0.42113449252882        0.14357617880163
H            2.03935706200612        1.12748021056342       -0.11036160827554
H           -0.35472984638174        2.10019174281999       -0.74903302469918
H           -0.22726898216663        1.95357444696083        1.01756209320527
15
 energy: -18.997914633763 gnorm: 0.000731687099 xtb: 6.7.1 (unknown)
C           -0.65087537102351       -0.85099637777414       -0.84225966400018
C           -0.54005261101820       -0.98101189307416        0.65149616463511
C            0.85958411364546       -0.60152636313930       -0.93221854750009
C            0.97012442894109       -0.73093552631681        0.56143073943235
C           -1.15923734896643        0.25065137968211        0.04798130393373
C            1.08615233197348        0.62232270512088       -0.08598282557706
C           -0.19091909884182        1.40386063658440        0.07561253426297
H           -1.24352562788462       -1.40153523423380       -1.55035329596827
H           -1.02974049666597       -1.65246788562015        1.33420108521956
H            1.51076916850845       -0.94461863482064       -1.71552055213143
H            1.72484593446859       -1.19626711785660        1.16934294099499
H           -2.22061376442230        0.42189319038811        0.14176535674662
H            2.03901823958202        1.12755726533720       -0.11180131290758
H           -0.35487120145100        2.10148295692638       -0.74735043889619
H           -0.22575949095156        1.95064245403065        1.01926906599865
15
 energy: -18.997914633763 gnorm: 0.000731687099 xtb: 6.7.1 (unknown)
C           -0.65087537102351       -0.85099637777414       -0.84225966400018
C           -0.54005261101820       -0.98101189307416        0.65149616463511
C            0.85958411364546       -0.60152636313930       -0.93221854750009
C            0.97012442894109       -0.73093552631681        0.56143073943235
C           -1.15923734896643        0.25065137968211        0.04798130393373
C            1.08615233197348        0.62232270512088       -0.08598282557706
C           -0.19091909884182        1.40386063658440        0.07561253426297
H           -1.24352562788462       -1.40153523423380       -1.55035329596827
H           -1.02974049666597       -1.65246788562015        1.33420108521956
H            1.51076916850845       -0.94461863482064       -1.71552055213143
H            1.72484593446859       -1.19626711785660        1.16934294099499
H           -2.22061376442230        0.42189319038811        0.14176535674662
H            2.03901823958202        1.12755726533720       -0.11180131290758
H           -0.35487120145100        2.10148295692638       -0.74735043889619
H           -0.22575949095156        1.95064245403065        1.01926906599865
