6
 energy: -10.582854252074 gnorm: 0.169149374135 xtb: 6.7.1 (unknown)
O            1.06289517095438        0.35553159910475        0.38503018221946
N           -1.10046928449758       -0.11531796916596       -0.69342430016830
C           -0.22955425432832       -0.23331733969580        0.25351287545087
H           -1.91402506710800       -0.39206869739121       -0.07427248720141
H            1.63853845115623        0.34606786495977       -0.52517585327350
H           -0.37836498409741       -0.42027330113412        1.24973345151052
6
 energy: -10.613211167372 gnorm: 0.090329479228 xtb: 6.7.1 (unknown)
O            1.10034487901818        0.30064295356396        0.34267547917745
N           -1.04837035587243       -0.10740589597957       -0.65040624185786
C           -0.22110506239949       -0.13151713847434        0.31341526567336
H           -1.92782052633860       -0.42338591408067       -0.17806795662412
H            1.56192028547885        0.35052816295759       -0.55689902714848
H           -0.38594898052367       -0.44823968713741        1.32468630410332
6
 energy: -10.626826546235 gnorm: 0.049077629117 xtb: 6.7.1 (unknown)
O            1.09887607060638        0.23349678882635        0.30675799812124
N           -0.95015723385150       -0.11991823237272       -0.59476634737855
C           -0.16385068119598       -0.14087556712414        0.36570845413796
H           -1.91654341103209       -0.37957380486738       -0.29330725650125
H            1.40181362302227        0.38699447588188       -0.59169189420959
H           -0.39111706082366       -0.43950093871518        1.40270160482613
6
 energy: -10.627597362413 gnorm: 0.054060047479 xtb: 6.7.1 (unknown)
O            1.13895846770717        0.15158872996742        0.32148490948974
N           -0.91911236078021       -0.11498440882796       -0.58263811455857
C           -0.15066975410981       -0.13795103483764        0.40978170702760
H           -1.89207610672576       -0.38307577414818       -0.35896463521424
H            1.31452962881337        0.43292040728592       -0.64397150589524
H           -0.41260789615664       -0.40787488512920        1.44970941014286
6
 energy: -10.629428766379 gnorm: 0.016355661661 xtb: 6.7.1 (unknown)
O            1.12472162427207        0.19050203176129        0.30158562077160
N           -0.94699458098888       -0.10110880746422       -0.57798746653853
C           -0.15790275750224       -0.11810411054168        0.40566196637684
H           -1.88528274327919       -0.39918124066439       -0.35591340974698
H            1.34140447201258        0.39629813214238       -0.61703023434249
H           -0.39692448568648       -0.42778303041596        1.43908592366802
6
 energy: -10.629797936300 gnorm: 0.008571165593 xtb: 6.7.1 (unknown)
O            1.12334844290632        0.18284993666719        0.30076692175427
N           -0.93295688420679       -0.11175099188907       -0.57384675594949
C           -0.15221159288379       -0.14062195154805        0.40940088443480
H           -1.88898545589707       -0.37951481099796       -0.36400196161041
H            1.32664309944490        0.41105275005252       -0.62172298195271
H           -0.39681583424083       -0.42139197429432        1.44480594457437
6
 energy: -10.629905833150 gnorm: 0.005350697767 xtb: 6.7.1 (unknown)
O            1.12833380191541        0.17623754080038        0.29988016094799
N           -0.92716633160379       -0.11220462592138       -0.56906691358561
C           -0.15099840276058       -0.14318019751990        0.41710149236707
H           -1.88796241248182       -0.37674837659139       -0.37798513310012
H            1.31089851615388        0.41484816278321       -0.62572441196426
H           -0.39408329844150       -0.41832951233909        1.45119674594954
6
 energy: -10.629937269609 gnorm: 0.001805702508 xtb: 6.7.1 (unknown)
O            1.12971419999838        0.17522856460327        0.29920401602023
N           -0.92446611102296       -0.11448972685280       -0.56746840657720
C           -0.15101826263793       -0.14521224873312        0.42057855322260
H           -1.88587934877012       -0.37220803223027       -0.38510805124635
H            1.30069430485185        0.41544729743269       -0.62591989388732
H           -0.39002285465349       -0.41814285829226        1.45411565665116
6
 energy: -10.629938957612 gnorm: 0.001701390863 xtb: 6.7.1 (unknown)
O            1.12988089620666        0.17672151155586        0.29937825739897
N           -0.92424357459220       -0.11117078404587       -0.56670435391156
C           -0.15191442655429       -0.14400769733753        0.42135234039836
H           -1.88585061125258       -0.37512904687024       -0.38821216389875
H            1.29811917641368        0.41229243894129       -0.62578734250179
H           -0.38696955444664       -0.41808341358130        1.45537517852331
6
 energy: -10.629941716539 gnorm: 0.000443478437 xtb: 6.7.1 (unknown)
O            1.12922596234747        0.17700108694217        0.29984689927101
N           -0.92401877814793       -0.11318157179713       -0.56797786318613
C           -0.15216045309979       -0.14456704743478        0.42091831304059
H           -1.88538241913055       -0.37279092812263       -0.38703064038034
H            1.29827750422518        0.41302022013728       -0.62590748840010
H           -0.38691989769206       -0.41885875966427        1.45555267328259
6
 energy: -10.629941716539 gnorm: 0.000443478437 xtb: 6.7.1 (unknown)
O            1.12922596234747        0.17700108694217        0.29984689927101
N           -0.92401877814793       -0.11318157179713       -0.56797786318613
C           -0.15216045309979       -0.14456704743478        0.42091831304059
H           -1.88538241913055       -0.37279092812263       -0.38703064038034
H            1.29827750422518        0.41302022013728       -0.62590748840010
H           -0.38691989769206       -0.41885875966427        1.45555267328259
