Initializing NEB with engine: sevennet
Running IDPP interpolation (6 images)...
Optimizing Minimum Energy Path (NEB) using FIRE...
NEB complete. Rough Activation Energy: 1.4641 eV
Refining Saddle Point with sevennet...
Sella refinement complete. Final Ea: 1.5694 eV
Initializing NEB with engine: sevennet
Running IDPP interpolation (6 images)...
Optimizing Minimum Energy Path (NEB) using FIRE...
NEB complete. Rough Activation Energy: 2.2552 eV
Refining Saddle Point with sevennet...
Sella refinement complete. Final Ea: 1.8529 eV
Initializing NEB with engine: sevennet
Running IDPP interpolation (6 images)...
Optimizing Minimum Energy Path (NEB) using FIRE...
NEB complete. Rough Activation Energy: 1.4365 eV
Refining Saddle Point with sevennet...
Sella refinement complete. Final Ea: 1.4206 eV
Initializing NEB with engine: sevennet
Running IDPP interpolation (6 images)...
Optimizing Minimum Energy Path (NEB) using FIRE...
NEB complete. Rough Activation Energy: 0.0000 eV
Refining Saddle Point with sevennet...
Sella refinement complete. Final Ea: 0.0000 eV
Initializing NEB with engine: sevennet
Running IDPP interpolation (6 images)...
Optimizing Minimum Energy Path (NEB) using FIRE...
NEB complete. Rough Activation Energy: 0.0000 eV
Refining Saddle Point with sevennet...
Sella refinement complete. Final Ea: 0.0000 eV
Initializing NEB with engine: sevennet
Running IDPP interpolation (6 images)...
Optimizing Minimum Energy Path (NEB) using FIRE...
NEB complete. Rough Activation Energy: 6.2621 eV
Refining Saddle Point with sevennet...
Sella refinement complete. Final Ea: 5.8567 eV
Initializing NEB with engine: sevennet
Running IDPP interpolation (6 images)...
Optimizing Minimum Energy Path (NEB) using FIRE...
NEB complete. Rough Activation Energy: 0.0000 eV
Refining Saddle Point with sevennet...
Sella refinement complete. Final Ea: 0.0000 eV
