15
 energy: -18.981055968688 gnorm: 0.070858991795 xtb: 6.7.1 (unknown)
C           -0.76110000000000       -0.67600000000000       -0.74800000000000
C           -0.76100000000000       -0.67580000000000        0.74800000000000
C            0.76010000000000       -0.67700000000000       -0.74790000000000
C            0.76010000000000       -0.67700000000000        0.74800000000000
C           -1.19660000000000        0.56990000000000        0.00000000000000
C            1.19730000000000        0.56820000000000       -0.00010000000000
C            0.00120000000000        1.56760000000000        0.00000000000000
H           -1.40380000000000       -1.35810000000000       -1.26880000000000
H           -1.40370000000000       -1.35790000000000        1.26890000000000
H            1.40170000000000       -1.35990000000000       -1.26890000000000
H            1.40180000000000       -1.35990000000000        1.26890000000000
H           -2.20470000000000        0.93240000000000        0.00000000000000
H            2.20600000000000        0.92930000000000        0.00000000000000
H            0.00160000000000        2.18360000000000       -0.90320000000000
H            0.00160000000000        2.18360000000000        0.90320000000000
15
 energy: -18.992470811358 gnorm: 0.035348980030 xtb: 6.7.1 (unknown)
C           -0.76391931291221       -0.68912076646215       -0.75602063689403
C           -0.76386991676434       -0.68902973760051        0.75604258577277
C            0.76291469734141       -0.69017449514113       -0.75597307888021
C            0.76291604025949       -0.69016458668966        0.75605084809210
C           -1.16219815487013        0.55155056845576        0.00000079020909
C            1.16293979365643        0.54989937035925       -0.00005432565462
C            0.00112978949918        1.54027308104274       -0.00001080136061
H           -1.41352723084357       -1.31498942051242       -1.34618697830344
H           -1.41346510095835       -1.31485570430423        1.34631449789002
H            1.41153533134040       -1.31689624344564       -1.34630558775266
H            1.41162842618143       -1.31685796160912        1.34630943640915
H           -2.17048346849926        0.92336306710201       -0.00000672082190
H            2.17179161457195        0.92026198125209       -0.00003640684059
H            0.00153783879080        2.16487399517711       -0.89320599245057
H            0.00156991841020        2.16486692349530        0.89318098479677
15
 energy: -18.996866897915 gnorm: 0.025703044571 xtb: 6.7.1 (unknown)
C           -0.76754610768987       -0.70631217605855       -0.75763979945808
C           -0.76753454492381       -0.70631920615275        0.75771896225173
C            0.76652229053729       -0.70741970190166       -0.75769832090397
C            0.76653536245312       -0.70738716594579        0.75772378285903
C           -1.13770034162294        0.53298784684262        0.00003271548747
C            1.13846734231634        0.53135951215953       -0.00001182339265
C            0.00105847198130        1.50957570196481       -0.00005041358855
H           -1.41634918988082       -1.25837972238773       -1.43276085960889
H           -1.41631445591328       -1.25835163263857        1.43286891860575
H            1.41448441341042       -1.26040056702822       -1.43286224059104
H            1.41455727266447       -1.26032397169682        1.43287212779177
H           -2.15323617166304        0.89921792440850        0.00003603813341
H            2.15452429359228        0.89610695645804       -0.00002270049897
H            0.00150188498027        2.14431737977259       -0.88620134930608
H            0.00153003098323        2.14432895575408        0.88609213173804
15
 energy: -18.997583946743 gnorm: 0.014433157079 xtb: 6.7.1 (unknown)
C           -0.76769617693394       -0.71149110890426       -0.75533371443435
C           -0.76768225857924       -0.71147915653410        0.75537524710724
C            0.76665577153366       -0.71259531216588       -0.75536421940246
C            0.76667421290248       -0.71254757371692        0.75539974201730
C           -1.13796048527846        0.53120044841763        0.00000515298180
C            1.13871436308077        0.52957416516640       -0.00002001825748
C            0.00106506229218        1.51180070492126       -0.00001627961992
H           -1.40806779108252       -1.24862366516235       -1.44052363905621
H           -1.40802710021808       -1.24855612222200        1.44063062552072
H            1.40622303980794       -1.25062936170742       -1.44059432799872
H            1.40629029350747       -1.25053981197053        1.44062148003690
H           -2.15722767380383        0.88787775757334        0.00002787154661
H            2.15848434478407        0.88477965953097       -0.00005803078924
H            0.00150249801245        2.14709751396120       -0.88694092450967
H            0.00155246033652        2.14713199003772        0.88688808994141
15
 energy: -18.997910628037 gnorm: 0.002343818418 xtb: 6.7.1 (unknown)
C           -0.76763281028903       -0.71791166511698       -0.75198387902708
C           -0.76761593347850       -0.71787344544026        0.75208461177556
C            0.76657967452706       -0.71897710392075       -0.75206921764025
C            0.76659989667468       -0.71897808408166        0.75206610232125
C           -1.13957488627561        0.53031834090192        0.00001525262955
C            1.14032043806493        0.52868492331532       -0.00000201095018
C            0.00107585370970        1.51386716305614       -0.00003635876495
H           -1.39887164027008       -1.23640743280986       -1.45053216397541
H           -1.39883103422714       -1.23631858242457        1.45068230395383
H            1.39706310331275       -1.23836372187389       -1.45063663956738
H            1.39710032981872       -1.23835349989152        1.45061405844860
H           -2.16246859845642        0.87543592387366        0.00001270076963
H            2.16370107923264        0.87234727778855       -0.00002076319878
H            0.00152692666315        2.14775081724021       -0.88845118956039
H            0.00152819161448        2.14777921043479        0.88835410821084
15
 energy: -18.997914791389 gnorm: 0.000912949864 xtb: 6.7.1 (unknown)
C           -0.76742909465217       -0.71871614002043       -0.75173701357606
C           -0.76740381685078       -0.71870211087548        0.75176872505306
C            0.76636766832083       -0.71982021890340       -0.75175325161190
C            0.76639344848303       -0.71976825526791        0.75179686201796
C           -1.13953225240355        0.53044033828370        0.00001181698131
C            1.14027597165600        0.52881022451281       -0.00002811579878
C            0.00107520796687        1.51403795027421       -0.00001579067593
H           -1.39876814819551       -1.23530101495361       -1.45183299636786
H           -1.39871060659689       -1.23524521950327        1.45192095851701
H            1.39694285402398       -1.23731194692221       -1.45185677068644
H            1.39699866604165       -1.23722630834223        1.45190885816018
H           -2.16215137687503        0.87504834336612        0.00003919181517
H            2.16338414324396        0.87196279947739       -0.00006931308651
H            0.00151052952926        2.14737777944378       -0.88859503824761
H            0.00154740457660        2.14741390148823        0.88853877053585
15
 energy: -18.997914791389 gnorm: 0.000912949864 xtb: 6.7.1 (unknown)
C           -0.76742909465217       -0.71871614002043       -0.75173701357606
C           -0.76740381685078       -0.71870211087548        0.75176872505306
C            0.76636766832083       -0.71982021890340       -0.75175325161190
C            0.76639344848303       -0.71976825526791        0.75179686201796
C           -1.13953225240355        0.53044033828370        0.00001181698131
C            1.14027597165600        0.52881022451281       -0.00002811579878
C            0.00107520796687        1.51403795027421       -0.00001579067593
H           -1.39876814819551       -1.23530101495361       -1.45183299636786
H           -1.39871060659689       -1.23524521950327        1.45192095851701
H            1.39694285402398       -1.23731194692221       -1.45185677068644
H            1.39699866604165       -1.23722630834223        1.45190885816018
H           -2.16215137687503        0.87504834336612        0.00003919181517
H            2.16338414324396        0.87196279947739       -0.00006931308651
H            0.00151052952926        2.14737777944378       -0.88859503824761
H            0.00154740457660        2.14741390148823        0.88853877053585
