9
 energy: -11.343101239021 gnorm: 0.226130867751 xtb: 6.7.1 (unknown)
C            1.41818100000000       -0.55038200000000        0.10000000000000
C            0.00000000000000        0.55946200000000        0.00000000000000
O           -1.19008300000000       -0.22766900000000        0.00000000000000
H           -1.94662300000000        0.38152500000000        0.00000000000000
H            0.04255700000000        1.20750800000000        0.88693300000000
H            0.04255700000000        1.20750800000000       -0.88693300000000
H            2.11589100000000        0.14480000000000        0.00000000000000
H            1.12859900000000       -1.03723400000000        0.88588100000000
H            1.12859900000000       -1.03723400000000       -0.88588100000000
9
 energy: -11.392078562671 gnorm: 0.078253481231 xtb: 6.7.1 (unknown)
C            1.26389976166877       -0.44126400254874        0.05946737622518
C            0.00226649651276        0.56791990017314        0.02034233740692
O           -1.17320731567078       -0.22209344196494        0.00523684149854
H           -1.93914870156938        0.37192604442628       -0.00139519193148
H            0.04608258979366        1.20679546019782        0.90543369721687
H            0.06928175709970        1.18299835082751       -0.88501292176786
H            2.15615102810205        0.14705880382542       -0.03112503023471
H            1.12362147234417       -1.08702256350883        0.89893264713274
H            1.19073085028547       -1.07803462484816       -0.87187978704277
9
 energy: -11.387305700441 gnorm: 0.110439727617 xtb: 6.7.1 (unknown)
C            1.16955186124322       -0.36533719357485        0.05189005668607
C            0.05252862781550        0.51115119421467        0.01418590958289
O           -1.13986892685887       -0.24353466843264        0.00294284833620
H           -1.90033973265487        0.35321005690285       -0.02611323240370
H            0.07744315556360        1.16735133786106        0.88654616911816
H            0.11600766170487        1.11908901069310       -0.89518733684769
H            2.16771310273703        0.14679993274860       -0.01569578311778
H            1.15278332811935       -1.09624706401664        0.91661251799949
H            1.04385923089724       -0.94419744256813       -0.83518089259140
9
 energy: -11.397883489897 gnorm: 0.020554026132 xtb: 6.7.1 (unknown)
C            1.21655925754204       -0.42159719004874        0.03193995883182
C            0.03163210589021        0.55565509406516        0.03638174604024
O           -1.14815520894998       -0.22468189522114        0.01260346701377
H           -1.91915047810506        0.35845561937065       -0.02469769943875
H            0.02873359401364        1.22036097821431        0.90898260961202
H            0.08670713129320        1.16799177341018       -0.87265822000544
H            2.14536955778716        0.13833964364261       -0.03012259372888
H            1.14241519212611       -1.08061217373168        0.89640939389739
H            1.15556688560703       -1.06562747057213       -0.85883838925192
9
 energy: -11.398459234562 gnorm: 0.020058776741 xtb: 6.7.1 (unknown)
C            1.22497219900469       -0.41768752394255        0.03747297961021
C            0.02343202467719        0.53738526056804        0.00621522866602
O           -1.17425974163918       -0.22003822113564        0.00154794162932
H           -1.93453679326086        0.37458220853496       -0.00961329251667
H            0.06624298337624        1.17126594387191        0.90005800432439
H            0.06853620339602        1.18065335675957       -0.88237545899672
H            2.15513157884386        0.14039584363518       -0.01008230403192
H            1.15115669543892       -1.06482118645254        0.90675073204750
H            1.15900285560175       -1.05345189049305       -0.84997347114396
9
 energy: -11.398998753231 gnorm: 0.007785872859 xtb: 6.7.1 (unknown)
C            1.20983887268513       -0.41637796304026        0.02566527244413
C            0.03114338985208        0.53753038202866        0.01261048512084
O           -1.16503097486995       -0.22266912496678        0.00545963525545
H           -1.92795461191074        0.36844056698996       -0.01418695902896
H            0.06484616201320        1.17790349228813        0.90390799031922
H            0.07754210091200        1.17660420566761       -0.87972578600661
H            2.14109131766348        0.14024132143109       -0.00489577740448
H            1.15196111106033       -1.05546404205894        0.90385230911466
H            1.15624069202755       -1.05792489403568       -0.85268674925787
9
 energy: -11.399116699336 gnorm: 0.004160995545 xtb: 6.7.1 (unknown)
C            1.20785736343146       -0.41869338683316        0.02014564691701
C            0.02916734836505        0.53884118682024        0.01412115941276
O           -1.16725049760805       -0.22103295601760        0.00754378588642
H           -1.93020459216285        0.37047694107691       -0.01602529569424
H            0.05958031004901        1.18352572209163        0.90336691241799
H            0.07458473140270        1.17560089396945       -0.88012205619660
H            2.14395812638220        0.13319495573389        0.00331236265491
H            1.16386759526841       -1.05515683221090        0.90285592295032
H            1.15811763511652       -1.05847259470548       -0.85519809474255
9
 energy: -11.399156549910 gnorm: 0.001607823433 xtb: 6.7.1 (unknown)
C            1.20732504288707       -0.42176699246803        0.01638306325563
C            0.02786922094211        0.53705833174335        0.01098459727976
O           -1.17041452935980       -0.21978651745671        0.00780057287177
H           -1.93123614729152        0.37491140921667       -0.01184281230971
H            0.06489293945252        1.17862913671399        0.90240398581566
H            0.07207853720541        1.17598606797359       -0.88155052557484
H            2.13722784178484        0.13572024039176        0.01299232321747
H            1.16560590509935       -1.04872439914563        0.90258546858133
H            1.16632920071637       -1.06374345604242       -0.85975636333824
9
 energy: -11.399159993674 gnorm: 0.001009417173 xtb: 6.7.1 (unknown)
C            1.20895461623968       -0.42256244481591        0.01734389739294
C            0.02666242417202        0.53642609775238        0.01023324927869
O           -1.17167094580252       -0.21968963024698        0.00793106243247
H           -1.93151025425266        0.37647767276965       -0.00963953357345
H            0.06389842678426        1.17921180043462        0.90023874900176
H            0.07138676873497        1.17376160858999       -0.88310902717210
H            2.13994860967217        0.13538224258440        0.01537822547522
H            1.16595487368246       -1.05092774722461        0.90245186650490
H            1.16605348102484       -1.05979575762309       -0.86082825382433
9
 energy: -11.399161093390 gnorm: 0.000793397914 xtb: 6.7.1 (unknown)
C            1.20805065639887       -0.42223086798954        0.01772122412511
C            0.02637808715679        0.53641537169702        0.00932205153424
O           -1.17205615598066       -0.21936280545940        0.00754164674932
H           -1.93148142018713        0.37739071410094       -0.00740793909073
H            0.06437660679943        1.17898094066984        0.89934366315835
H            0.07080981267307        1.17398839152574       -0.88384432860829
H            2.13893965356029        0.13626724735423        0.01654272807082
H            1.16573057239277       -1.05233535798376        0.90211334560103
H            1.16893018826544       -1.06082980433901       -0.86133218503752
9
 energy: -11.399161093390 gnorm: 0.000793397914 xtb: 6.7.1 (unknown)
C            1.20805065639887       -0.42223086798954        0.01772122412511
C            0.02637808715679        0.53641537169702        0.00932205153424
O           -1.17205615598066       -0.21936280545940        0.00754164674932
H           -1.93148142018713        0.37739071410094       -0.00740793909073
H            0.06437660679943        1.17898094066984        0.89934366315835
H            0.07080981267307        1.17398839152574       -0.88384432860829
H            2.13893965356029        0.13626724735423        0.01654272807082
H            1.16573057239277       -1.05233535798376        0.90211334560103
H            1.16893018826544       -1.06082980433901       -0.86133218503752
