6
 energy: -10.559808816279 gnorm: 0.130962649131 xtb: 6.7.1 (unknown)
O            0.88198052171973       -0.32004520683301       -0.46641014463932
N           -1.20664155942117        0.05801752405464        0.41125222089988
C           -0.00257738989102        0.38357621424340        0.19131377665341
H           -1.40751707880469       -0.97349898783767        0.26410957133721
H            2.08382005580989        0.25371478062453       -0.87067412667398
H            0.30188245686330        1.40739040256173        0.26367808334517
6
 energy: -10.604837437662 gnorm: 0.116057869552 xtb: 6.7.1 (unknown)
O            0.93530678052042       -0.32581280367017       -0.48790418301793
N           -1.15301135536070        0.03388329723101        0.43281468399416
C            0.00152875133043        0.41863489149097        0.08344816457571
H           -1.36054479512385       -0.96132115464014        0.25068063007957
H            1.92075013689851        0.20098247390102       -0.79048997636072
H            0.30691730803971        1.44278826066884        0.30472021845934
6
 energy: -10.321818706324 gnorm: 2.140048597335 xtb: 6.7.1 (unknown)
O            1.08446059112481       -0.31299588271344       -0.45466703038884
N           -1.03190999131644        0.00980758504062        0.41972067436359
C            0.07716010953333        0.44614241752703        0.05766536604626
H           -1.25771925465445       -0.91958559870424        0.14861794934184
H            1.49220226450085        0.08148123003303       -0.69602982053204
H            0.28675299256877        1.50430485977553        0.31796165539372
6
 energy: -10.581143349986 gnorm: 0.151085465344 xtb: 6.7.1 (unknown)
O            1.17679674762869       -0.51178189838727       -0.15610922376815
N           -1.05673617338814        0.05914354624624        0.32537531290449
C            0.10721676451331        0.38606454515925        0.12524351198022
H           -1.33109415166812       -0.86609149564996        0.09206191966807
H            1.38910681224329        0.30581769771319       -0.89129648310961
H            0.36565666300325        1.43599962172580        0.29799209803799
6
 energy: -10.624221943255 gnorm: 0.019349468242 xtb: 6.7.1 (unknown)
O            1.01022202067171       -0.36700172408155       -0.42622830254867
N           -1.09950283906008        0.03796839088261        0.40605229605257
C            0.04907047195640        0.40708815972826        0.10984816183980
H           -1.32653149590647       -0.92307379424735        0.19197666402282
H            1.71324446972620        0.20100807660333       -0.78111810989914
H            0.30444408910515        1.45316521390381        0.29273802268454
6
 energy: -10.624630163370 gnorm: 0.017431456227 xtb: 6.7.1 (unknown)
O            1.00724826430091       -0.34854958986846       -0.43330440867560
N           -1.11455152595107        0.03841301789541        0.40806251303502
C            0.03109080714764        0.42045282609359        0.09814147839934
H           -1.31805364314271       -0.93497249986825        0.20088536180528
H            1.74993742765217        0.17577175131010       -0.79322064707863
H            0.29527555892440        1.45803895555882        0.31270478286352
6
 energy: -10.624875567089 gnorm: 0.018267874944 xtb: 6.7.1 (unknown)
O            0.99504349868223       -0.35240969479560       -0.45721478499619
N           -1.11214664606157        0.04126186698620        0.41703508939885
C            0.03269220511647        0.41682422456276        0.09690154515378
H           -1.31552690058050       -0.93372711148603        0.20513924187409
H            1.75066756980856        0.18525622140714       -0.76930173341854
H            0.30021700978496        1.45194908949563        0.30070965603740
6
 energy: -10.625003256564 gnorm: 0.016837109187 xtb: 6.7.1 (unknown)
O            0.98757653408613       -0.35246547614530       -0.47099863466337
N           -1.11139461356388        0.04230855646781        0.41975331508844
C            0.03198081135191        0.41646908671229        0.09893371105279
H           -1.30961883046082       -0.93326407090540        0.20700519951004
H            1.75195016481392        0.18489743778554       -0.75804072132889
H            0.30045261782010        1.45120914854678        0.29661614187123
6
 energy: -10.625179021220 gnorm: 0.012342028411 xtb: 6.7.1 (unknown)
O            0.97834893432111       -0.34947480675494       -0.48789918196004
N           -1.11063230960794        0.04143873168182        0.42485800122695
C            0.02970441417841        0.41953205694595        0.10168355969041
H           -1.30024471159180       -0.93465071347408        0.20686751092760
H            1.75407837632249        0.17815368539955       -0.74529596905551
H            0.29969194497309        1.45415585345128        0.29305511870715
6
 energy: -10.625312516113 gnorm: 0.007585420829 xtb: 6.7.1 (unknown)
O            0.97038353075244       -0.34356637510904       -0.50316073022846
N           -1.11039916046804        0.03896594307450        0.42769728863264
C            0.02621072645168        0.42458648839449        0.09934281965358
H           -1.29276073690462       -0.93802515578729        0.20979844933758
H            1.75753509205461        0.16907830907495       -0.73428632144176
H            0.29997717688565        1.45811572193329        0.29387760969268
6
 energy: -10.625381251100 gnorm: 0.004569786176 xtb: 6.7.1 (unknown)
O            0.96400605773486       -0.33634674551200       -0.51539335022194
N           -1.10856356389622        0.03551328461771        0.43350585383781
C            0.02398167983502        0.42835349426398        0.09559176736201
H           -1.29056849447454       -0.94082436572875        0.21141386088480
H            1.76356068202007        0.16100625323703       -0.72545780857686
H            0.29853026065620        1.46145312553657        0.29360885709412
6
 energy: -10.625407924762 gnorm: 0.002244771852 xtb: 6.7.1 (unknown)
O            0.96041763191661       -0.33157233411790       -0.52405692910772
N           -1.10643274370350        0.03371599632759        0.43473921316513
C            0.02344630815965        0.42912591438260        0.09104850993986
H           -1.29129537639136       -0.94196305660174        0.21578957575645
H            1.76727912771065        0.15770652140597       -0.71887084057441
H            0.29753165925466        1.46214207713275        0.29461969775540
6
 energy: -10.625415010616 gnorm: 0.000878092636 xtb: 6.7.1 (unknown)
O            0.95937371970088       -0.32942584945852       -0.52822807059992
N           -1.10454985776073        0.03303278009053        0.43745798797663
C            0.02427766777843        0.42835795470072        0.08972123419883
H           -1.29342037675571       -0.94176442279059        0.21657575844505
H            1.76964367898322        0.15690556802177       -0.71563981988867
H            0.29562176845531        1.46204912312578        0.29338214152099
6
 energy: -10.625416851289 gnorm: 0.000548371044 xtb: 6.7.1 (unknown)
O            0.96027409616843       -0.32939694913324       -0.52974623445419
N           -1.10392971185805        0.03370213598893        0.43676896695637
C            0.02527486959625        0.42676745519943        0.08868716209542
H           -1.29539740950214       -0.94109816771830        0.21858593502949
H            1.77000201297181        0.15832437163780       -0.71456385109949
H            0.29472273542379        1.46085631137081        0.29353725180484
6
 energy: -10.625416851289 gnorm: 0.000548371044 xtb: 6.7.1 (unknown)
O            0.96027409616843       -0.32939694913324       -0.52974623445419
N           -1.10392971185805        0.03370213598893        0.43676896695637
C            0.02527486959625        0.42676745519943        0.08868716209542
H           -1.29539740950214       -0.94109816771830        0.21858593502949
H            1.77000201297181        0.15832437163780       -0.71456385109949
H            0.29472273542379        1.46085631137081        0.29353725180484
