6
 energy: -10.582781757011 gnorm: 0.285185766387 xtb: 6.7.1 (unknown)
O            0.85804142073239        0.54198872016405       -0.35254943751292
N           -1.11768797772393       -0.15340745856835        0.36541239511492
C            0.22236252693642       -0.29771230451246        0.00527809781771
H           -1.49017301750663        0.35935627862447       -0.48731021998212
H           -1.72377711580514       -1.19663898053351        0.59407420038251
H            0.46870285040803       -1.51274691797578       -0.05173949545989
6
 energy: -10.624000684927 gnorm: 0.086367610484 xtb: 6.7.1 (unknown)
O            0.90325924314898        0.54213374041462       -0.34241496277221
N           -1.13780149843876       -0.19946518521774        0.34482070919348
C            0.18004411432953       -0.36362549046941       -0.07249769724058
H           -1.56191738264252        0.36946185559922       -0.40988444489658
H           -1.69151777370953       -1.11475476309052        0.53771061194418
H            0.52540297485141       -1.49291078903241        0.01543059988613
6
 energy: -10.612735419131 gnorm: 0.235158239919 xtb: 6.7.1 (unknown)
O            0.90751666143872        0.49915452052999       -0.37067330847330
N           -1.15994667671552       -0.26269059364750        0.29089512326067
C            0.19514479278066       -0.40558533788642        0.05583990204113
H           -1.61100743778359        0.32846179801940       -0.37703109560958
H           -1.60134918791663       -1.00500586292610        0.49603116567041
H            0.48711113092179       -1.41349520727815       -0.02189680234448
6
 energy: -10.637386320158 gnorm: 0.051534328257 xtb: 6.7.1 (unknown)
O            0.90260427382024        0.48937692950773       -0.39923316459490
N           -1.14048855825772       -0.26271508703286        0.26660322567072
C            0.18393724404770       -0.41193108869158       -0.07246966956453
H           -1.63844845126947        0.47461935958194       -0.30760917401121
H           -1.68551276026319       -1.10227832497466        0.47618077902856
H            0.59537925052426       -1.44623253845872        0.10969201324868
6
 energy: -10.639608450094 gnorm: 0.028176834538 xtb: 6.7.1 (unknown)
O            0.89606229621813        0.49174262275009       -0.42620807724673
N           -1.13382671950431       -0.25874170559382        0.26625710631218
C            0.19197423868675       -0.40065798309580       -0.03412048950419
H           -1.60980464268692        0.44499630406858       -0.29323461182611
H           -1.68206118796256       -1.10694240267444        0.45678913593643
H            0.55512676742686       -1.42955770500748        0.10368097782638
6
 energy: -10.642629433584 gnorm: 0.025305710419 xtb: 6.7.1 (unknown)
O            0.87183050963513        0.47383402494395       -0.49510375632020
N           -1.12615027090571       -0.28901964864979        0.23992539508839
C            0.18594291965362       -0.41246867981443       -0.04878475913652
H           -1.61176544608128        0.50294024543321       -0.19555553992219
H           -1.67504828883623       -1.11670125412224        0.37089863595368
H            0.57266235854403       -1.41774586348932        0.20178320968772
6
 energy: -10.643402240738 gnorm: 0.016472092747 xtb: 6.7.1 (unknown)
O            0.86855282419975        0.46735165670905       -0.50823678742671
N           -1.12961590000883       -0.30268399045928        0.21800569836719
C            0.18553467509862       -0.41635128718544       -0.05874837745074
H           -1.60534436212766        0.51340675226173       -0.16088514518461
H           -1.69374734870350       -1.11422036472390        0.36157351921955
H            0.59209217436183       -1.40666395037185        0.22145411526245
6
 energy: -10.643855524033 gnorm: 0.007474394717 xtb: 6.7.1 (unknown)
O            0.87017405786691        0.46395421123518       -0.51263185626987
N           -1.13594231749389       -0.31452012803210        0.18673301323213
C            0.18805698448929       -0.41736088028365       -0.06195328443017
H           -1.59882566720464        0.52427213829564       -0.13895016337081
H           -1.70541859217594       -1.11873192356186        0.37027632965596
H            0.59942770985520       -1.39677457985522        0.22968896870460
6
 energy: -10.644042743197 gnorm: 0.005780547657 xtb: 6.7.1 (unknown)
O            0.87374193690539        0.46609879402457       -0.50449477554167
N           -1.13927964066936       -0.31967505490889        0.16057692897483
C            0.18841465174714       -0.41655102138219       -0.06669023185493
H           -1.59843111540302        0.52754236878733       -0.13078948049216
H           -1.70472311083511       -1.11954396069026        0.38487661484633
H            0.59774944505059       -1.39703225264271        0.22968400786745
6
 energy: -10.644157858046 gnorm: 0.007088567986 xtb: 6.7.1 (unknown)
O            0.88031131354905        0.47115321756391       -0.49357727300809
N           -1.14174832262805       -0.33191070242967        0.11924229622372
C            0.19179920250559       -0.41609714225090       -0.06901502926361
H           -1.60423661993522        0.53608801735159       -0.12047013998490
H           -1.70267498149802       -1.11931917030137        0.40729123640583
H            0.59402156332026       -1.39907529378031        0.22969206664271
6
 energy: -10.644233769157 gnorm: 0.007904654046 xtb: 6.7.1 (unknown)
O            0.88554606749883        0.47696766028209       -0.47656961234651
N           -1.14311259735526       -0.33120284141443        0.10403757969140
C            0.19106280639364       -0.41418698164171       -0.06885465347200
H           -1.60864948325069        0.52778168385422       -0.12776659953191
H           -1.69327843903604       -1.11283095047620        0.42516658601154
H            0.58590364616293       -1.40568959239586        0.21714999836199
6
 energy: -10.644261164444 gnorm: 0.001777527152 xtb: 6.7.1 (unknown)
O            0.88479278255392        0.47712714417699       -0.47658609134270
N           -1.14260974268140       -0.33261674223657        0.10392291947130
C            0.19040677701828       -0.41448553881380       -0.06879163033887
H           -1.61036020027214        0.52824705091496       -0.12697248373774
H           -1.69087944741824       -1.11028920919777        0.42330155268335
H            0.58612184460605       -1.40714373106500        0.21828901949449
6
 energy: -10.644267504146 gnorm: 0.001573860427 xtb: 6.7.1 (unknown)
O            0.88736539650967        0.47948194670809       -0.46919542503494
N           -1.14323795367861       -0.33708925296932        0.09448647380340
C            0.19148106717155       -0.41446057931008       -0.06835783964859
H           -1.61275976765234        0.52708737655385       -0.13001724230883
H           -1.69242174464370       -1.10594721570296        0.43453564928756
H            0.58704495977491       -1.40823326084300        0.21171174892853
6
 energy: -10.644270119972 gnorm: 0.000360528686 xtb: 6.7.1 (unknown)
O            0.88616272734927        0.47928382442151       -0.46972542821650
N           -1.14368514964340       -0.33621353757632        0.09658273218557
C            0.19067731102803       -0.41421019747726       -0.06788837260346
H           -1.61093550683472        0.52713783394579       -0.13113338783195
H           -1.69104723459304       -1.10659531406494        0.43376776500063
H            0.58629980272866       -1.40856360033565        0.21156005614383
6
 energy: -10.644270119972 gnorm: 0.000360528686 xtb: 6.7.1 (unknown)
O            0.88616272734927        0.47928382442151       -0.46972542821650
N           -1.14368514964340       -0.33621353757632        0.09658273218557
C            0.19067731102803       -0.41421019747726       -0.06788837260346
H           -1.61093550683472        0.52713783394579       -0.13113338783195
H           -1.69104723459304       -1.10659531406494        0.43376776500063
H            0.58629980272866       -1.40856360033565        0.21156005614383
