6
 energy: -10.497084067337 gnorm: 0.230878579138 xtb: 6.7.1 (unknown)
O            0.96530988077348       -0.28510542046725       -0.12598546201064
N           -1.11827410197180        0.16829247009746       -0.44905908374065
C           -0.11384249305495        0.28282440611673        0.45518322234278
H            0.92659869740092       -1.19627537299320        0.37769672191209
H           -1.63926246397506        0.69100024763476        0.30730060954856
H           -0.06704451157715        0.14058349336541        1.90830396020947
6
 energy: -10.571654424922 gnorm: 0.141550973090 xtb: 6.7.1 (unknown)
O            1.02236561569919       -0.31764961616689       -0.06303152752385
N           -1.11607254954840        0.26992007157903       -0.36727784704294
C           -0.12611322228129        0.15345360116651        0.47900506857541
H            1.01083401062575       -1.22553889329363        0.34506329769998
H           -1.74040998079481        0.71059193218184        0.31741384648173
H           -0.09711844293269        0.21054335706430        1.76226768431479
6
 energy: -10.570544640112 gnorm: 0.188607092180 xtb: 6.7.1 (unknown)
O            1.04552183002178       -0.37564411237983       -0.01456659887815
N           -1.15005128269246        0.25161010894625       -0.15045695055121
C           -0.08970410386555        0.18491215111062        0.45641957138708
H            1.12145121612451       -1.16701719409341        0.47985250809931
H           -1.85073857903034        0.85705958407034        0.29812763451776
H           -0.12299389216761        0.05039834871178        1.40406171788057
6
 energy: -10.605911697662 gnorm: 0.066027998488 xtb: 6.7.1 (unknown)
O            1.00118185261611       -0.42825340551923       -0.10363294420480
N           -1.14157785670303        0.38188810428094       -0.25280181712889
C           -0.10877296433800        0.11197870693111        0.44176462754508
H            1.22711408374456       -1.21161343519179        0.45722601256125
H           -1.87163181855784        0.79612411714193        0.31351252837801
H           -0.15282780788900        0.15119580743571        1.61737041814032
6
 energy: -10.606401530187 gnorm: 0.061252600215 xtb: 6.7.1 (unknown)
O            0.96897186338594       -0.41062217927799       -0.03799000095465
N           -1.11564476422653        0.42539003526487       -0.29277575290444
C           -0.17927593796471        0.06037365421520        0.48921462842426
H            1.22408106757585       -1.21812440625291        0.44612228473431
H           -1.92507464140577        0.78936684250028        0.24958450854741
H           -0.01957235331407        0.15493549242960        1.61928334269327
6
 energy: -10.612121971691 gnorm: 0.026432472633 xtb: 6.7.1 (unknown)
O            0.96294602382863       -0.42887632980279       -0.07301959588647
N           -1.12686069862407        0.38795188967241       -0.22812367449868
C           -0.16495433189886        0.04747131631437        0.48674935666656
H            1.28156830165248       -1.20267759818317        0.44107278569027
H           -1.89757653395688        0.84908431495921        0.25282645593283
H           -0.10163692825522        0.14836607945757        1.59393372752871
6
 energy: -10.612775894438 gnorm: 0.022781610565 xtb: 6.7.1 (unknown)
O            0.95172388945614       -0.46506613083951       -0.09185366746009
N           -1.11854177034864        0.43352187743051       -0.23142212362378
C           -0.14510569566949        0.06624883299104        0.46956935644316
H            1.28864313996012       -1.18264850627891        0.48038726727198
H           -1.90286129970221        0.80983632026220        0.28582744641179
H           -0.12037281159094        0.13942719021868        1.56093012349915
6
 energy: -10.613556568432 gnorm: 0.015652722511 xtb: 6.7.1 (unknown)
O            0.93893301404076       -0.47358973088438       -0.09427737546846
N           -1.12347893950627        0.42744993656065       -0.22904973005973
C           -0.15633781410302        0.05693601314309        0.46990595184941
H            1.30406493928532       -1.16337786958947        0.48823777434099
H           -1.90216873617440        0.83126619752387        0.26898575822036
H           -0.10752694661284        0.12263484649867        1.56963587232822
6
 energy: -10.614246141965 gnorm: 0.033811737214 xtb: 6.7.1 (unknown)
O            0.89224399326400       -0.51711093269835       -0.11984291575364
N           -1.12949873066814        0.43519807314268       -0.22534800997951
C           -0.18438612260813        0.01183855898145        0.47786473406484
H            1.37690579464683       -1.10812485784164        0.51236522666443
H           -1.90081345000627        0.88523489778234        0.24166740515666
H           -0.10096569053711        0.09428335435584        1.58673142470948
6
 energy: -10.613812620598 gnorm: 0.048644681053 xtb: 6.7.1 (unknown)
O            0.87420900737115       -0.54816143304778       -0.11282271568149
N           -1.10802936068090        0.42845016795970       -0.22339017047031
C           -0.19120690492134       -0.00079402358814        0.48787839855624
H            1.37534199083550       -1.06923234294681        0.47978694730619
H           -1.89549136528539        0.88647711968880        0.23052894059267
H           -0.10133746231528        0.10457972391644        1.61145670707056
6
 energy: -10.615399151322 gnorm: 0.023779698271 xtb: 6.7.1 (unknown)
O            0.85843853710241       -0.57217539223183       -0.12459734230767
N           -1.12141301615651        0.44646757025162       -0.22734591964663
C           -0.18934737722729        0.01642023229482        0.46773650647401
H            1.39838478940435       -1.04418615410715        0.53255636292048
H           -1.89466357655212        0.88907976553213        0.24391375334762
H           -0.09791371111733        0.06571277588365        1.58117390930129
6
 energy: -10.615665595751 gnorm: 0.015489495977 xtb: 6.7.1 (unknown)
O            0.86239209787176       -0.57366961682108       -0.12045857579040
N           -1.12816809051672        0.44839838240720       -0.22974636397300
C           -0.18950278675325        0.00510202541522        0.47199212699467
H            1.40840252693809       -1.04858694684641        0.52240314287460
H           -1.88743709851052        0.89155501428930        0.25364765905641
H           -0.11220087236943        0.07852010435405        1.57559944900536
6
 energy: -10.615928094153 gnorm: 0.009413947312 xtb: 6.7.1 (unknown)
O            0.85029292673117       -0.59324210261342       -0.12281219885297
N           -1.12636663231861        0.44910021252808       -0.23143024496336
C           -0.19180351398638        0.00237292097799        0.47038043375330
H            1.42356437269030       -1.02875820820717        0.52555025718702
H           -1.88438944160134        0.89957257912739        0.25804848628422
H           -0.11781191006076        0.07227351562883        1.57370056764509
6
 energy: -10.616170444292 gnorm: 0.006068794701 xtb: 6.7.1 (unknown)
O            0.83106637314726       -0.62687623897929       -0.12137452509833
N           -1.12739889363198        0.44821444931734       -0.23793201808981
C           -0.19605066917504        0.00009618824659        0.46486297505606
H            1.44629644278102       -0.99238313268073        0.53011991203802
H           -1.87195972881981        0.91131088986850        0.27082911167751
H           -0.12846768814797        0.06095668489795        1.56693159570098
6
 energy: -10.616213104861 gnorm: 0.003549228570 xtb: 6.7.1 (unknown)
O            0.82607288601066       -0.63512445916291       -0.11952286573865
N           -1.12800123037771        0.44678957999479       -0.23904867599313
C           -0.19881063766310       -0.00536708652928        0.46524254150740
H            1.45350431826796       -0.98264999373094        0.52664334876547
H           -1.86762013550819        0.91667948253163        0.27210408987108
H           -0.13165930942917        0.06099133081500        1.56801861932659
6
 energy: -10.616231834030 gnorm: 0.003266034823 xtb: 6.7.1 (unknown)
O            0.81883503001324       -0.64749421968057       -0.11879841647731
N           -1.12872843156514        0.44797039303246       -0.23946306652116
C           -0.20184824022266       -0.01132208070437        0.46459642714865
H            1.46222609786112       -0.96746183456722        0.52682575156725
H           -1.86357844061637        0.92187293359674        0.27233500825886
H           -0.13342009054045        0.05775363726553        1.56794129090281
6
 energy: -10.616229850546 gnorm: 0.004158484246 xtb: 6.7.1 (unknown)
O            0.81819935299135       -0.65120387402980       -0.11635875766803
N           -1.12845385308126        0.44842461005682       -0.23904223232514
C           -0.20171901348969       -0.01180893130717        0.46405701498052
H            1.46124198838426       -0.96243932423245        0.52533543117532
H           -1.86281214006293        0.92102839851992        0.27226063802183
H           -0.13297041624195        0.05731794527848        1.56718488988140
6
 energy: -10.616240505808 gnorm: 0.000445298239 xtb: 6.7.1 (unknown)
O            0.81705998848563       -0.65204660123041       -0.11785291393992
N           -1.12799479112477        0.44883773566988       -0.23862958063623
C           -0.20206645577533       -0.01243577810504        0.46467768530889
H            1.46318683458361       -0.96202030556487        0.52611731822226
H           -1.86369457043566        0.92215977312298        0.27136704966134
H           -0.13300508272040        0.05682399477172        1.56775741733128
6
 energy: -10.616241116345 gnorm: 0.000273594253 xtb: 6.7.1 (unknown)
O            0.81666996034693       -0.65268626371129       -0.11805968107547
N           -1.12751734329887        0.44923489775464       -0.23827359890292
C           -0.20199218034340       -0.01233142445384        0.46516607505215
H            1.46334360919543       -0.96163298038018        0.52599659353337
H           -1.86453170959786        0.92202152668583        0.27048246004229
H           -0.13248641624920        0.05671305957808        1.56812512574701
6
 energy: -10.616241116345 gnorm: 0.000273594253 xtb: 6.7.1 (unknown)
O            0.81666996034693       -0.65268626371129       -0.11805968107547
N           -1.12751734329887        0.44923489775464       -0.23827359890292
C           -0.20199218034340       -0.01233142445384        0.46516607505215
H            1.46334360919543       -0.96163298038018        0.52599659353337
H           -1.86453170959786        0.92202152668583        0.27048246004229
H           -0.13248641624920        0.05671305957808        1.56812512574701
